Archive member included to satisfy reference by file (symbol)

/usr/lib/gcc/arm-none-eabi/10.3.1/thumb/v6-m/nofp/libgcc.a(_dvmd_tls.o)
                              CMakeFiles/MuKOB.dir/home/ed/code/pico/pico-sdk/src/rp2_common/pico_divider/divider.S.obj (__aeabi_idiv0)
/usr/lib/gcc/arm-none-eabi/10.3.1/../../../arm-none-eabi/lib/thumb/v6-m/nofp/libg.a(lib_a-atexit.o)
                              /usr/lib/gcc/arm-none-eabi/10.3.1/../../../arm-none-eabi/lib/thumb/v6-m/nofp/crt0.o (atexit)
/usr/lib/gcc/arm-none-eabi/10.3.1/../../../arm-none-eabi/lib/thumb/v6-m/nofp/libg.a(lib_a-atoi.o)
                              CMakeFiles/MuKOB.dir/home/ed/code/pico/pico-sdk/lib/lwip/src/core/netif.c.obj (atoi)
/usr/lib/gcc/arm-none-eabi/10.3.1/../../../arm-none-eabi/lib/thumb/v6-m/nofp/libg.a(lib_a-calloc.o)
                              CMakeFiles/MuKOB.dir/home/ed/code/pico/pico-sdk/src/rp2_common/pico_malloc/pico_malloc.c.obj (calloc)
/usr/lib/gcc/arm-none-eabi/10.3.1/../../../arm-none-eabi/lib/thumb/v6-m/nofp/libg.a(lib_a-callocr.o)
                              /usr/lib/gcc/arm-none-eabi/10.3.1/../../../arm-none-eabi/lib/thumb/v6-m/nofp/libg.a(lib_a-calloc.o) (_calloc_r)
/usr/lib/gcc/arm-none-eabi/10.3.1/../../../arm-none-eabi/lib/thumb/v6-m/nofp/libg.a(lib_a-ctype_.o)
                              CMakeFiles/MuKOB.dir/home/ed/code/pico/pico-sdk/lib/lwip/src/core/dns.c.obj (_ctype_)
/usr/lib/gcc/arm-none-eabi/10.3.1/../../../arm-none-eabi/lib/thumb/v6-m/nofp/libg.a(lib_a-fini.o)
                              /usr/lib/gcc/arm-none-eabi/10.3.1/../../../arm-none-eabi/lib/thumb/v6-m/nofp/crt0.o (__libc_fini_array)
/usr/lib/gcc/arm-none-eabi/10.3.1/../../../arm-none-eabi/lib/thumb/v6-m/nofp/libg.a(lib_a-impure.o)
                              /usr/lib/gcc/arm-none-eabi/10.3.1/../../../arm-none-eabi/lib/thumb/v6-m/nofp/libg.a(lib_a-calloc.o) (_impure_ptr)
/usr/lib/gcc/arm-none-eabi/10.3.1/../../../arm-none-eabi/lib/thumb/v6-m/nofp/libg.a(lib_a-init.o)
                              /usr/lib/gcc/arm-none-eabi/10.3.1/../../../arm-none-eabi/lib/thumb/v6-m/nofp/crt0.o (__libc_init_array)
/usr/lib/gcc/arm-none-eabi/10.3.1/../../../arm-none-eabi/lib/thumb/v6-m/nofp/libg.a(lib_a-malloc.o)
                              CMakeFiles/MuKOB.dir/home/ed/code/pico/pico-sdk/src/rp2_common/pico_malloc/pico_malloc.c.obj (malloc)
/usr/lib/gcc/arm-none-eabi/10.3.1/../../../arm-none-eabi/lib/thumb/v6-m/nofp/libg.a(lib_a-mallocr.o)
                              /usr/lib/gcc/arm-none-eabi/10.3.1/../../../arm-none-eabi/lib/thumb/v6-m/nofp/libg.a(lib_a-callocr.o) (_malloc_r)
/usr/lib/gcc/arm-none-eabi/10.3.1/../../../arm-none-eabi/lib/thumb/v6-m/nofp/libg.a(lib_a-memcmp.o)
                              CMakeFiles/MuKOB.dir/home/ed/code/pico/pico-sdk/lib/cyw43-driver/src/cyw43_ll.c.obj (memcmp)
/usr/lib/gcc/arm-none-eabi/10.3.1/../../../arm-none-eabi/lib/thumb/v6-m/nofp/libg.a(lib_a-memmove.o)
                              CMakeFiles/MuKOB.dir/home/ed/code/pico/pico-sdk/lib/cyw43-driver/src/cyw43_ll.c.obj (memmove)
/usr/lib/gcc/arm-none-eabi/10.3.1/../../../arm-none-eabi/lib/thumb/v6-m/nofp/libg.a(lib_a-mlock.o)
                              /usr/lib/gcc/arm-none-eabi/10.3.1/../../../arm-none-eabi/lib/thumb/v6-m/nofp/libg.a(lib_a-mallocr.o) (__malloc_lock)
/usr/lib/gcc/arm-none-eabi/10.3.1/../../../arm-none-eabi/lib/thumb/v6-m/nofp/libg.a(lib_a-realloc.o)
                              CMakeFiles/MuKOB.dir/home/ed/code/pico/pico-sdk/src/rp2_common/pico_malloc/pico_malloc.c.obj (realloc)
/usr/lib/gcc/arm-none-eabi/10.3.1/../../../arm-none-eabi/lib/thumb/v6-m/nofp/libg.a(lib_a-reallocr.o)
                              /usr/lib/gcc/arm-none-eabi/10.3.1/../../../arm-none-eabi/lib/thumb/v6-m/nofp/libg.a(lib_a-realloc.o) (_realloc_r)
/usr/lib/gcc/arm-none-eabi/10.3.1/../../../arm-none-eabi/lib/thumb/v6-m/nofp/libg.a(lib_a-sbrkr.o)
                              /usr/lib/gcc/arm-none-eabi/10.3.1/../../../arm-none-eabi/lib/thumb/v6-m/nofp/libg.a(lib_a-mallocr.o) (_sbrk_r)
/usr/lib/gcc/arm-none-eabi/10.3.1/../../../arm-none-eabi/lib/thumb/v6-m/nofp/libg.a(lib_a-strlen-stub.o)
                              CMakeFiles/MuKOB.dir/home/ed/code/pico/pico-sdk/src/rp2_common/pico_stdio/stdio.c.obj (strlen)
/usr/lib/gcc/arm-none-eabi/10.3.1/../../../arm-none-eabi/lib/thumb/v6-m/nofp/libg.a(lib_a-strncmp.o)
                              CMakeFiles/MuKOB.dir/home/ed/code/pico/pico-sdk/lib/cyw43-driver/src/cyw43_ll.c.obj (strncmp)
/usr/lib/gcc/arm-none-eabi/10.3.1/../../../arm-none-eabi/lib/thumb/v6-m/nofp/libg.a(lib_a-strtol.o)
                              /usr/lib/gcc/arm-none-eabi/10.3.1/../../../arm-none-eabi/lib/thumb/v6-m/nofp/libg.a(lib_a-atoi.o) (_strtol_r)
/usr/lib/gcc/arm-none-eabi/10.3.1/../../../arm-none-eabi/lib/thumb/v6-m/nofp/libg.a(lib_a-__atexit.o)
                              /usr/lib/gcc/arm-none-eabi/10.3.1/../../../arm-none-eabi/lib/thumb/v6-m/nofp/libg.a(lib_a-atexit.o) (__register_exitproc)
[...]
Memory Configuration

Name             Origin             Length             Attributes
FLASH            0x0000000010000000 0x0000000000200000 xr
RAM              0x0000000020000000 0x0000000000040000 xrw
SCRATCH_X        0x0000000020040000 0x0000000000001000 xrw
SCRATCH_Y        0x0000000020041000 0x0000000000001000 xrw
*default*        0x0000000000000000 0xffffffffffffffff

Linker script and memory map

LOAD /usr/lib/gcc/arm-none-eabi/10.3.1/thumb/v6-m/nofp/crti.o
LOAD /usr/lib/gcc/arm-none-eabi/10.3.1/thumb/v6-m/nofp/crtbegin.o
LOAD /usr/lib/gcc/arm-none-eabi/10.3.1/../../../arm-none-eabi/lib/thumb/v6-m/nofp/crt0.o

.flash_begin    0x0000000010000000        0x0
                0x0000000010000000                __flash_binary_start = .

.boot2          0x0000000010000000      0x100
                0x0000000010000000                __boot2_start__ = .
 *(.boot2)
 .boot2         0x0000000010000000      0x100 /tmp/cc7SpwdT.o
                0x0000000010000100                __boot2_end__ = .
                0x0000000000000001                ASSERT (((__boot2_end__ - __boot2_start__) == 0x100), ERROR: Pico second stage bootloader must be 256 bytes in size)

.text           0x0000000010000100     0x4c28
                0x0000000010000100                __logical_binary_start = .
 *(.vectors)
 .vectors       0x0000000010000100       0xd4 CMakeFiles/MuKOB.dir/home/ed/code/pico/pico-sdk/src/rp2_common/pico_standard_link/crt0.S.obj
                0x0000000010000100                __vectors
                0x0000000010000100                __VECTOR_TABLE
                0x00000000100001c0                isr_invalid
                0x00000000100001c0                __default_isrs_start
                0x00000000100001c2                isr_nmi
                0x00000000100001c4                isr_hardfault
                0x00000000100001c6                isr_svcall
                0x00000000100001c8                isr_pendsv
                0x00000000100001ca                isr_systick
                0x00000000100001cc                isr_irq30
                0x00000000100001cc                __unhandled_user_irq
                0x00000000100001cc                isr_irq13
                0x00000000100001cc                isr_irq27
                0x00000000100001cc                isr_irq31
                0x00000000100001cc                isr_irq5
                0x00000000100001cc                isr_irq11
                0x00000000100001cc                isr_irq23
                0x00000000100001cc                isr_irq18
                0x00000000100001cc                isr_irq28
                0x00000000100001cc                isr_irq19
                0x00000000100001cc                isr_irq0
                0x00000000100001cc                isr_irq6
                0x00000000100001cc                isr_irq22
                0x00000000100001cc                isr_irq17
                0x00000000100001cc                isr_irq14
                0x00000000100001cc                isr_irq2
                0x00000000100001cc                isr_irq10
                0x00000000100001cc                isr_irq8
                0x00000000100001cc                isr_irq24
                0x00000000100001cc                isr_irq1
                0x00000000100001cc                isr_irq7
                0x00000000100001cc                isr_irq21
                0x00000000100001cc                isr_irq20
                0x00000000100001cc                isr_irq15
                0x00000000100001cc                isr_irq25
                0x00000000100001cc                isr_irq4
                0x00000000100001cc                isr_irq16
                0x00000000100001cc                isr_irq29
                0x00000000100001cc                isr_irq26
                0x00000000100001cc                __default_isrs_end
                0x00000000100001cc                isr_irq3
                0x00000000100001cc                isr_irq12
                0x00000000100001cc                isr_irq9
                0x00000000100001d2                unhandled_user_irq_num_in_r0
 *(.binary_info_header)
 .binary_info_header
                0x00000000100001d4       0x14 CMakeFiles/MuKOB.dir/home/ed/code/pico/pico-sdk/src/rp2_common/pico_standard_link/crt0.S.obj
                0x00000000100001e8                __binary_info_header_end = .
 *(.reset)
 .reset         0x00000000100001e8       0xa8 CMakeFiles/MuKOB.dir/home/ed/code/pico/pico-sdk/src/rp2_common/pico_standard_link/crt0.S.obj
                0x00000000100001e8                _entry_point
                0x0000000010000266                __get_current_exception
 .reset         0x0000000010000290       0x30 CMakeFiles/MuKOB.dir/home/ed/code/pico/pico-sdk/src/rp2_common/pico_standard_link/binary_info.c.obj
 *(.init)
 .init          0x00000000100002c0        0x4 /usr/lib/gcc/arm-none-eabi/10.3.1/thumb/v6-m/nofp/crti.o
                0x00000000100002c0                _init
 *(EXCLUDE_FILE(*libm.a: *libc.a:*lib_a-mem*.o *libgcc.a:) .text*)
 .text          0x00000000100002c4       0x98 /usr/lib/gcc/arm-none-eabi/10.3.1/thumb/v6-m/nofp/crtbegin.o
 .text.main     0x000000001000035c      0x10c CMakeFiles/MuKOB.dir/MuKOB.c.obj
                0x000000001000035c                main
 .text.gpio_set_function
                0x0000000010000468       0x30 CMakeFiles/MuKOB.dir/home/ed/code/pico/pico-sdk/src/rp2_common/hardware_gpio/gpio.c.obj
                0x0000000010000468                gpio_set_function
 .text.gpio_set_pulls
                0x0000000010000498       0x34 CMakeFiles/MuKOB.dir/home/ed/code/pico/pico-sdk/src/rp2_common/hardware_gpio/gpio.c.obj
                0x0000000010000498                gpio_set_pulls
 .text.hw_claim_lock
                0x00000000100004cc       0x18 CMakeFiles/MuKOB.dir/home/ed/code/pico/pico-sdk/src/rp2_common/hardware_claim/claim.c.obj
                0x00000000100004cc                hw_claim_lock
 .text.hw_claim_unlock
                0x00000000100004e4       0x14 CMakeFiles/MuKOB.dir/home/ed/code/pico/pico-sdk/src/rp2_common/hardware_claim/claim.c.obj
                0x00000000100004e4                hw_claim_unlock
 .text.hw_claim_or_assert
                0x00000000100004f8       0x32 CMakeFiles/MuKOB.dir/home/ed/code/pico/pico-sdk/src/rp2_common/hardware_claim/claim.c.obj
                0x00000000100004f8                hw_claim_or_assert
 *fill*         0x000000001000052a        0x2 
 .text.running_on_fpga
                0x000000001000052c       0x14 CMakeFiles/MuKOB.dir/home/ed/code/pico/pico-sdk/src/rp2_common/pico_platform/platform.c.obj
                0x000000001000052c                running_on_fpga
 .text.spin_locks_reset
                0x0000000010000540       0x20 CMakeFiles/MuKOB.dir/home/ed/code/pico/pico-sdk/src/rp2_common/hardware_sync/sync.c.obj
                0x0000000010000540                spin_locks_reset
 .text.next_striped_spin_lock_num
                0x0000000010000560       0x1c CMakeFiles/MuKOB.dir/home/ed/code/pico/pico-sdk/src/rp2_common/hardware_sync/sync.c.obj
                0x0000000010000560                next_striped_spin_lock_num
 .text.set_raw_irq_handler_and_unlock
                0x000000001000057c       0x28 CMakeFiles/MuKOB.dir/home/ed/code/pico/pico-sdk/src/rp2_common/hardware_irq/irq.c.obj
 .text.make_branch
                0x00000000100005a4       0x48 CMakeFiles/MuKOB.dir/home/ed/code/pico/pico-sdk/src/rp2_common/hardware_irq/irq.c.obj
 .text.insert_branch_and_link
                0x00000000100005ec       0x40 CMakeFiles/MuKOB.dir/home/ed/code/pico/pico-sdk/src/rp2_common/hardware_irq/irq.c.obj
 .text.irq_is_enabled
                0x000000001000062c       0x18 CMakeFiles/MuKOB.dir/home/ed/code/pico/pico-sdk/src/rp2_common/hardware_irq/irq.c.obj
                0x000000001000062c                irq_is_enabled
 .text.irq_set_mask_enabled
                0x0000000010000644       0x20 CMakeFiles/MuKOB.dir/home/ed/code/pico/pico-sdk/src/rp2_common/hardware_irq/irq.c.obj
                0x0000000010000644                irq_set_mask_enabled
 .text.irq_set_enabled
                0x0000000010000664        0xe CMakeFiles/MuKOB.dir/home/ed/code/pico/pico-sdk/src/rp2_common/hardware_irq/irq.c.obj
                0x0000000010000664                irq_set_enabled
 *fill*         0x0000000010000672        0x2 
 .text.irq_get_vtable_handler
                0x0000000010000674       0x10 CMakeFiles/MuKOB.dir/home/ed/code/pico/pico-sdk/src/rp2_common/hardware_irq/irq.c.obj
                0x0000000010000674                irq_get_vtable_handler
 .text.irq_set_exclusive_handler
                0x0000000010000684       0x54 CMakeFiles/MuKOB.dir/home/ed/code/pico/pico-sdk/src/rp2_common/hardware_irq/irq.c.obj
                0x0000000010000684                irq_set_exclusive_handler
 .text.irq_remove_handler
                0x00000000100006d8      0x1a8 CMakeFiles/MuKOB.dir/home/ed/code/pico/pico-sdk/src/rp2_common/hardware_irq/irq.c.obj
                0x00000000100006d8                irq_remove_handler
 .text.irq_add_tail_to_free_list
                0x0000000010000880       0xf0 CMakeFiles/MuKOB.dir/home/ed/code/pico/pico-sdk/src/rp2_common/hardware_irq/irq.c.obj
                0x0000000010000880                irq_add_tail_to_free_list
 .text.irq_init_priorities
                0x0000000010000970       0x1c CMakeFiles/MuKOB.dir/home/ed/code/pico/pico-sdk/src/rp2_common/hardware_irq/irq.c.obj
                0x0000000010000970                irq_init_priorities
 .text.lock_init
                0x000000001000098c       0x10 CMakeFiles/MuKOB.dir/home/ed/code/pico/pico-sdk/src/common/pico_sync/lock_core.c.obj
                0x000000001000098c                lock_init
 .text.alarm_pool_post_alloc_init
                0x000000001000099c       0x40 CMakeFiles/MuKOB.dir/home/ed/code/pico/pico-sdk/src/common/pico_time/time.c.obj
 .text.sleep_until_callback
                0x00000000100009dc       0x30 CMakeFiles/MuKOB.dir/home/ed/code/pico/pico-sdk/src/common/pico_time/time.c.obj
 .text.timer_pool_entry_comparator
                0x0000000010000a0c       0x7c CMakeFiles/MuKOB.dir/home/ed/code/pico/pico-sdk/src/common/pico_time/time.c.obj
                0x0000000010000a0c                timer_pool_entry_comparator
 .text.ph_add_child_node
                0x0000000010000a88       0xa4 CMakeFiles/MuKOB.dir/home/ed/code/pico/pico-sdk/src/common/pico_time/time.c.obj
 .text.ph_merge_nodes
                0x0000000010000b2c       0x3e CMakeFiles/MuKOB.dir/home/ed/code/pico/pico-sdk/src/common/pico_time/time.c.obj
 *fill*         0x0000000010000b6a        0x2 
 .text.add_alarm_under_lock
                0x0000000010000b6c      0x174 CMakeFiles/MuKOB.dir/home/ed/code/pico/pico-sdk/src/common/pico_time/time.c.obj
 .text.alarm_pool_alarm_callback
                0x0000000010000ce0      0x328 CMakeFiles/MuKOB.dir/home/ed/code/pico/pico-sdk/src/common/pico_time/time.c.obj
 .text.alarm_pool_init_default
                0x0000000010001008       0x38 CMakeFiles/MuKOB.dir/home/ed/code/pico/pico-sdk/src/common/pico_time/time.c.obj
                0x0000000010001008                alarm_pool_init_default
 .text.alarm_pool_get_default
                0x0000000010001040       0x2c CMakeFiles/MuKOB.dir/home/ed/code/pico/pico-sdk/src/common/pico_time/time.c.obj
                0x0000000010001040                alarm_pool_get_default
 .text.alarm_pool_add_alarm_at
                0x000000001000106c      0x170 CMakeFiles/MuKOB.dir/home/ed/code/pico/pico-sdk/src/common/pico_time/time.c.obj
                0x000000001000106c                alarm_pool_add_alarm_at
 .text.sleep_until
                0x00000000100011dc       0xfc CMakeFiles/MuKOB.dir/home/ed/code/pico/pico-sdk/src/common/pico_time/time.c.obj
                0x00000000100011dc                sleep_until
 .text.sleep_us
                0x00000000100012d8       0x58 CMakeFiles/MuKOB.dir/home/ed/code/pico/pico-sdk/src/common/pico_time/time.c.obj
                0x00000000100012d8                sleep_us
 .text.sleep_ms
                0x0000000010001330       0x14 CMakeFiles/MuKOB.dir/home/ed/code/pico/pico-sdk/src/common/pico_time/time.c.obj
                0x0000000010001330                sleep_ms
 .text.hardware_alarm_irq_handler
                0x0000000010001344       0x8c CMakeFiles/MuKOB.dir/home/ed/code/pico/pico-sdk/src/rp2_common/hardware_timer/timer.c.obj
 .text.hardware_alarm_claim
                0x00000000100013d0       0x18 CMakeFiles/MuKOB.dir/home/ed/code/pico/pico-sdk/src/rp2_common/hardware_timer/timer.c.obj
                0x00000000100013d0                hardware_alarm_claim
 .text.time_us_64
                0x00000000100013e8       0x18 CMakeFiles/MuKOB.dir/home/ed/code/pico/pico-sdk/src/rp2_common/hardware_timer/timer.c.obj
                0x00000000100013e8                time_us_64
 .text.busy_wait_until
                0x0000000010001400       0x28 CMakeFiles/MuKOB.dir/home/ed/code/pico/pico-sdk/src/rp2_common/hardware_timer/timer.c.obj
                0x0000000010001400                busy_wait_until
 .text.hardware_alarm_set_callback
                0x0000000010001428       0x90 CMakeFiles/MuKOB.dir/home/ed/code/pico/pico-sdk/src/rp2_common/hardware_timer/timer.c.obj
                0x0000000010001428                hardware_alarm_set_callback
 .text.hardware_alarm_set_target
                0x00000000100014b8       0xe8 CMakeFiles/MuKOB.dir/home/ed/code/pico/pico-sdk/src/rp2_common/hardware_timer/timer.c.obj
                0x00000000100014b8                hardware_alarm_set_target
 .text.hardware_alarm_cancel
                0x00000000100015a0       0x40 CMakeFiles/MuKOB.dir/home/ed/code/pico/pico-sdk/src/rp2_common/hardware_timer/timer.c.obj
                0x00000000100015a0                hardware_alarm_cancel
 .text.ph_add_child_node
                0x00000000100015e0       0xa4 CMakeFiles/MuKOB.dir/home/ed/code/pico/pico-sdk/src/common/pico_util/pheap.c.obj
 .text.ph_merge_nodes
                0x0000000010001684       0x3e CMakeFiles/MuKOB.dir/home/ed/code/pico/pico-sdk/src/common/pico_util/pheap.c.obj
 *fill*         0x00000000100016c2        0x2 
 .text.ph_clear
                0x00000000100016c4       0x70 CMakeFiles/MuKOB.dir/home/ed/code/pico/pico-sdk/src/common/pico_util/pheap.c.obj
                0x00000000100016c4                ph_clear
 .text.ph_post_alloc_init
                0x0000000010001734        0xe CMakeFiles/MuKOB.dir/home/ed/code/pico/pico-sdk/src/common/pico_util/pheap.c.obj
                0x0000000010001734                ph_post_alloc_init
 *fill*         0x0000000010001742        0x2 
 .text.ph_merge_two_pass
                0x0000000010001744       0xa8 CMakeFiles/MuKOB.dir/home/ed/code/pico/pico-sdk/src/common/pico_util/pheap.c.obj
                0x0000000010001744                ph_merge_two_pass
 .text.ph_remove_any_head
                0x00000000100017ec      0x108 CMakeFiles/MuKOB.dir/home/ed/code/pico/pico-sdk/src/common/pico_util/pheap.c.obj
 .text.ph_remove_head
                0x00000000100018f4       0x14 CMakeFiles/MuKOB.dir/home/ed/code/pico/pico-sdk/src/common/pico_util/pheap.c.obj
                0x00000000100018f4                ph_remove_head
 .text.ph_remove_and_free_node
                0x0000000010001908       0xf8 CMakeFiles/MuKOB.dir/home/ed/code/pico/pico-sdk/src/common/pico_util/pheap.c.obj
                0x0000000010001908                ph_remove_and_free_node
 .text.mutex_init
                0x0000000010001a00       0x1a CMakeFiles/MuKOB.dir/home/ed/code/pico/pico-sdk/src/common/pico_sync/mutex.c.obj
                0x0000000010001a00                mutex_init
 .text.recursive_mutex_init
                0x0000000010001a1a       0x1e CMakeFiles/MuKOB.dir/home/ed/code/pico/pico-sdk/src/common/pico_sync/mutex.c.obj
                0x0000000010001a1a                recursive_mutex_init
 .text.uart_set_baudrate
                0x0000000010001a38       0x5c CMakeFiles/MuKOB.dir/home/ed/code/pico/pico-sdk/src/rp2_common/hardware_uart/uart.c.obj
                0x0000000010001a38                uart_set_baudrate
 .text.uart_set_translate_crlf
                0x0000000010001a94       0x28 CMakeFiles/MuKOB.dir/home/ed/code/pico/pico-sdk/src/rp2_common/hardware_uart/uart.c.obj
                0x0000000010001a94                uart_set_translate_crlf
 .text.uart_init
                0x0000000010001abc       0x80 CMakeFiles/MuKOB.dir/home/ed/code/pico/pico-sdk/src/rp2_common/hardware_uart/uart.c.obj
                0x0000000010001abc                uart_init
 .text._exit    0x0000000010001b3c        0x4 CMakeFiles/MuKOB.dir/home/ed/code/pico/pico-sdk/src/rp2_common/pico_runtime/runtime.c.obj
                0x0000000010001b3c                _exit
 .text._sbrk    0x0000000010001b40       0x38 CMakeFiles/MuKOB.dir/home/ed/code/pico/pico-sdk/src/rp2_common/pico_runtime/runtime.c.obj
                0x0000000010001b40                _sbrk
 .text.exit     0x0000000010001b78        0x6 CMakeFiles/MuKOB.dir/home/ed/code/pico/pico-sdk/src/rp2_common/pico_runtime/runtime.c.obj
                0x0000000010001b78                exit
 *fill*         0x0000000010001b7e        0x2 
 .text.__assert_func
                0x0000000010001b80       0x3c CMakeFiles/MuKOB.dir/home/ed/code/pico/pico-sdk/src/rp2_common/pico_runtime/runtime.c.obj
                0x0000000010001b80                __assert_func
 .text.runtime_init
                0x0000000010001bbc       0xf8 CMakeFiles/MuKOB.dir/home/ed/code/pico/pico-sdk/src/rp2_common/pico_runtime/runtime.c.obj
                0x0000000010001bbc                runtime_init
 .text.panic    0x0000000010001cb4       0x30 CMakeFiles/MuKOB.dir/home/ed/code/pico/pico-sdk/src/rp2_common/pico_runtime/runtime.c.obj
                0x0000000010001cb4                panic
 .text.clock_configure
                0x0000000010001ce4      0x104 CMakeFiles/MuKOB.dir/home/ed/code/pico/pico-sdk/src/rp2_common/hardware_clocks/clocks.c.obj
                0x0000000010001ce4                clock_configure
 .text.clocks_init
                0x0000000010001de8      0x100 CMakeFiles/MuKOB.dir/home/ed/code/pico/pico-sdk/src/rp2_common/hardware_clocks/clocks.c.obj
                0x0000000010001de8                clocks_init
 .text.clock_get_hz
                0x0000000010001ee8        0xc CMakeFiles/MuKOB.dir/home/ed/code/pico/pico-sdk/src/rp2_common/hardware_clocks/clocks.c.obj
                0x0000000010001ee8                clock_get_hz
 .text.pll_init
                0x0000000010001ef4      0x140 CMakeFiles/MuKOB.dir/home/ed/code/pico/pico-sdk/src/rp2_common/hardware_pll/pll.c.obj
                0x0000000010001ef4                pll_init
 .text.watchdog_start_tick
                0x0000000010002034       0x10 CMakeFiles/MuKOB.dir/home/ed/code/pico/pico-sdk/src/rp2_common/hardware_watchdog/watchdog.c.obj
                0x0000000010002034                watchdog_start_tick
 .text.xosc_init
                0x0000000010002044       0x28 CMakeFiles/MuKOB.dir/home/ed/code/pico/pico-sdk/src/rp2_common/hardware_xosc/xosc.c.obj
                0x0000000010002044                xosc_init
 .text._out_null
                0x000000001000206c        0x2 CMakeFiles/MuKOB.dir/home/ed/code/pico/pico-sdk/src/rp2_common/pico_printf/printf.c.obj
 .text._out_fct
                0x000000001000206e        0xe CMakeFiles/MuKOB.dir/home/ed/code/pico/pico-sdk/src/rp2_common/pico_printf/printf.c.obj
 .text._atoi    0x000000001000207c       0x24 CMakeFiles/MuKOB.dir/home/ed/code/pico/pico-sdk/src/rp2_common/pico_printf/printf.c.obj
 .text._out_rev
                0x00000000100020a0       0xae CMakeFiles/MuKOB.dir/home/ed/code/pico/pico-sdk/src/rp2_common/pico_printf/printf.c.obj
 .text._ntoa_format
                0x000000001000214e      0x112 CMakeFiles/MuKOB.dir/home/ed/code/pico/pico-sdk/src/rp2_common/pico_printf/printf.c.obj
 .text._ntoa_long
                0x0000000010002260       0xbc CMakeFiles/MuKOB.dir/home/ed/code/pico/pico-sdk/src/rp2_common/pico_printf/printf.c.obj
 .text._ntoa_long_long
                0x000000001000231c       0xe2 CMakeFiles/MuKOB.dir/home/ed/code/pico/pico-sdk/src/rp2_common/pico_printf/printf.c.obj
 *fill*         0x00000000100023fe        0x2 
 .text._etoa    0x0000000010002400      0x414 CMakeFiles/MuKOB.dir/home/ed/code/pico/pico-sdk/src/rp2_common/pico_printf/printf.c.obj
 .text._ftoa    0x0000000010002814      0x354 CMakeFiles/MuKOB.dir/home/ed/code/pico/pico-sdk/src/rp2_common/pico_printf/printf.c.obj
 .text._vsnprintf
                0x0000000010002b68      0x624 CMakeFiles/MuKOB.dir/home/ed/code/pico/pico-sdk/src/rp2_common/pico_printf/printf.c.obj
 .text.vfctprintf
                0x000000001000318c       0x20 CMakeFiles/MuKOB.dir/home/ed/code/pico/pico-sdk/src/rp2_common/pico_printf/printf.c.obj
                0x000000001000318c                vfctprintf
 .text          0x00000000100031ac       0x10 CMakeFiles/MuKOB.dir/home/ed/code/pico/pico-sdk/src/rp2_common/pico_bit_ops/bit_ops_aeabi.S.obj
 .text.rom_func_lookup
                0x00000000100031bc       0x10 CMakeFiles/MuKOB.dir/home/ed/code/pico/pico-sdk/src/rp2_common/pico_bootrom/bootrom.c.obj
                0x00000000100031bc                rom_func_lookup
 .text.rom_data_lookup
                0x00000000100031cc       0x10 CMakeFiles/MuKOB.dir/home/ed/code/pico/pico-sdk/src/rp2_common/pico_bootrom/bootrom.c.obj
                0x00000000100031cc                rom_data_lookup
 .text.rom_funcs_lookup
                0x00000000100031dc       0x36 CMakeFiles/MuKOB.dir/home/ed/code/pico/pico-sdk/src/rp2_common/pico_bootrom/bootrom.c.obj
                0x00000000100031dc                rom_funcs_lookup
 *fill*         0x0000000010003212        0x2 
 .text.__wrap___aeabi_idiv
                0x0000000010003214       0x50 CMakeFiles/MuKOB.dir/home/ed/code/pico/pico-sdk/src/rp2_common/pico_divider/divider.S.obj
                0x0000000010003214                __wrap___aeabi_idivmod
                0x0000000010003214                divmod_s32s32
                0x0000000010003214                div_s32s32
                0x0000000010003214                __wrap___aeabi_idiv
                0x000000001000321c                divmod_s32s32_unsafe
                0x0000000010003248                divmod_s32s32_savestate
 .text.__wrap___aeabi_uidiv
                0x0000000010003264       0x4c CMakeFiles/MuKOB.dir/home/ed/code/pico/pico-sdk/src/rp2_common/pico_divider/divider.S.obj
                0x0000000010003264                __wrap___aeabi_uidiv
                0x0000000010003264                __wrap___aeabi_uidivmod
                0x0000000010003264                div_u32u32
                0x0000000010003264                divmod_u32u32
                0x000000001000326c                divmod_u32u32_unsafe
                0x0000000010003294                divmod_u32u32_savestate
 .text.__wrap___aeabi_ldiv
                0x00000000100032b0      0x434 CMakeFiles/MuKOB.dir/home/ed/code/pico/pico-sdk/src/rp2_common/pico_divider/divider.S.obj
                0x00000000100032b0                div_s64s64
                0x00000000100032b0                divmod_s64s64
                0x00000000100032b0                __wrap___aeabi_ldivmod
                0x00000000100032e8                div_u64u64
                0x00000000100032e8                divmod_u64u64
                0x00000000100032e8                __wrap___aeabi_uldivmod
                0x00000000100032f8                divmod_u64u64_savestate
                0x0000000010003320                divmod_s64s64_unsafe
                0x00000000100033a8                divmod_u64u64_unsafe
 .text.__wrap___aeabi_darithmetic
                0x00000000100036e4       0x60 CMakeFiles/MuKOB.dir/home/ed/code/pico/pico-sdk/src/rp2_common/pico_double/double_aeabi.S.obj
                0x00000000100036e4                __wrap___aeabi_drsub
                0x00000000100036ea                __wrap___aeabi_dsub
                0x00000000100036f4                __wrap___aeabi_dadd
                0x00000000100036fe                __wrap___aeabi_ddiv
                0x0000000010003732                __wrap___aeabi_dmul
 .text.__wrap___aeabi_cdcmple
                0x0000000010003744       0x6c CMakeFiles/MuKOB.dir/home/ed/code/pico/pico-sdk/src/rp2_common/pico_double/double_aeabi.S.obj
                0x0000000010003744                __wrap___aeabi_cdrcmple
                0x0000000010003754                __wrap___aeabi_cdcmple
                0x0000000010003754                __wrap___aeabi_cdcmpeq
 .text.__wrap___aeabi_dcmplt
                0x00000000100037b0        0xc CMakeFiles/MuKOB.dir/home/ed/code/pico/pico-sdk/src/rp2_common/pico_double/double_aeabi.S.obj
                0x00000000100037b0                __wrap___aeabi_dcmplt
 .text.__wrap___aeabi_dcmple
                0x00000000100037bc       0x10 CMakeFiles/MuKOB.dir/home/ed/code/pico/pico-sdk/src/rp2_common/pico_double/double_aeabi.S.obj
                0x00000000100037bc                __wrap___aeabi_dcmple
 .text.__wrap___aeabi_dcmpge
                0x00000000100037cc       0x10 CMakeFiles/MuKOB.dir/home/ed/code/pico/pico-sdk/src/rp2_common/pico_double/double_aeabi.S.obj
                0x00000000100037cc                __wrap___aeabi_dcmpge
 .text.__wrap___aeabi_dcmpgt
                0x00000000100037dc        0xa CMakeFiles/MuKOB.dir/home/ed/code/pico/pico-sdk/src/rp2_common/pico_double/double_aeabi.S.obj
                0x00000000100037dc                __wrap___aeabi_dcmpgt
 .text.__wrap___aeabi_dcmpun
                0x00000000100037e6       0x1c CMakeFiles/MuKOB.dir/home/ed/code/pico/pico-sdk/src/rp2_common/pico_double/double_aeabi.S.obj
                0x00000000100037e6                __wrap___aeabi_dcmpun
 *fill*         0x0000000010003802        0x2 
 .text.__wrap___aeabi_i2d
                0x0000000010003804       0x38 CMakeFiles/MuKOB.dir/home/ed/code/pico/pico-sdk/src/rp2_common/pico_double/double_aeabi.S.obj
                0x0000000010003804                __wrap___aeabi_ui2d
                0x000000001000380c                __wrap___aeabi_i2d
 .text.__wrap___aeabi_d2iz
                0x000000001000383c       0x48 CMakeFiles/MuKOB.dir/home/ed/code/pico/pico-sdk/src/rp2_common/pico_double/double_aeabi.S.obj
                0x000000001000383c                __wrap___aeabi_d2iz
                0x000000001000383c                double2int_z
 .text.__wrap___aeabi_d2uiz
                0x0000000010003884       0x10 CMakeFiles/MuKOB.dir/home/ed/code/pico/pico-sdk/src/rp2_common/pico_double/double_aeabi.S.obj
                0x0000000010003884                double2uint
                0x0000000010003884                __wrap___aeabi_d2uiz
 .text.missing_double_func_shim
                0x0000000010003894        0xc CMakeFiles/MuKOB.dir/home/ed/code/pico/pico-sdk/src/rp2_common/pico_double/double_init_rom.c.obj
 .text.__aeabi_double_init
                0x00000000100038a0       0xcc CMakeFiles/MuKOB.dir/home/ed/code/pico/pico-sdk/src/rp2_common/pico_double/double_init_rom.c.obj
                0x00000000100038a0                __aeabi_double_init
 .text.double_table_shim_on_use_helper
                0x000000001000396c       0x34 CMakeFiles/MuKOB.dir/home/ed/code/pico/pico-sdk/src/rp2_common/pico_double/double_v1_rom_shim.S.obj
                0x000000001000396c                double_table_shim_on_use_helper
 .text.__aeabi_lmul
                0x00000000100039a0       0x32 CMakeFiles/MuKOB.dir/home/ed/code/pico/pico-sdk/src/rp2_common/pico_int64_ops/pico_int64_ops_aeabi.S.obj
                0x00000000100039a0                __wrap___aeabi_lmul
 *fill*         0x00000000100039d2        0x2 
 .text.missing_float_func_shim
                0x00000000100039d4        0xc CMakeFiles/MuKOB.dir/home/ed/code/pico/pico-sdk/src/rp2_common/pico_float/float_init_rom.c.obj
 .text.__aeabi_float_init
                0x00000000100039e0       0x88 CMakeFiles/MuKOB.dir/home/ed/code/pico/pico-sdk/src/rp2_common/pico_float/float_init_rom.c.obj
                0x00000000100039e0                __aeabi_float_init
 .text.__wrap_malloc
                0x0000000010003a68       0x24 CMakeFiles/MuKOB.dir/home/ed/code/pico/pico-sdk/src/rp2_common/pico_malloc/pico_malloc.c.obj
                0x0000000010003a68                __wrap_malloc
 .text.__wrap_free
                0x0000000010003a8c        0x8 CMakeFiles/MuKOB.dir/home/ed/code/pico/pico-sdk/src/rp2_common/pico_malloc/pico_malloc.c.obj
                0x0000000010003a8c                __wrap_free
 .text          0x0000000010003a94       0x10 CMakeFiles/MuKOB.dir/home/ed/code/pico/pico-sdk/src/rp2_common/pico_mem_ops/mem_ops_aeabi.S.obj
                0x0000000010003a94                __aeabi_mem_init
 .text.memset   0x0000000010003aa4        0xc CMakeFiles/MuKOB.dir/home/ed/code/pico/pico-sdk/src/rp2_common/pico_mem_ops/mem_ops_aeabi.S.obj
                0x0000000010003aa4                __wrap_memset
 .text.memcpy   0x0000000010003ab0        0xc CMakeFiles/MuKOB.dir/home/ed/code/pico/pico-sdk/src/rp2_common/pico_mem_ops/mem_ops_aeabi.S.obj
                0x0000000010003ab0                __wrap___aeabi_memcpy
                0x0000000010003ab0                __wrap_memcpy
 .text.stdio_out_chars_no_crlf
                0x0000000010003abc        0xe CMakeFiles/MuKOB.dir/home/ed/code/pico/pico-sdk/src/rp2_common/pico_stdio/stdio.c.obj
 *fill*         0x0000000010003aca        0x2 
 .text.stdio_out_chars_crlf
                0x0000000010003acc       0x80 CMakeFiles/MuKOB.dir/home/ed/code/pico/pico-sdk/src/rp2_common/pico_stdio/stdio.c.obj
 .text.stdio_stack_buffer_flush
                0x0000000010003b4c       0x44 CMakeFiles/MuKOB.dir/home/ed/code/pico/pico-sdk/src/rp2_common/pico_stdio/stdio.c.obj
 .text.stdio_buffered_printer
                0x0000000010003b90       0x20 CMakeFiles/MuKOB.dir/home/ed/code/pico/pico-sdk/src/rp2_common/pico_stdio/stdio.c.obj
 .text.stdout_serialize_begin
                0x0000000010003bb0       0x30 CMakeFiles/MuKOB.dir/home/ed/code/pico/pico-sdk/src/rp2_common/pico_stdio/stdio.c.obj
                0x0000000010003bb0                stdout_serialize_begin
 .text.stdout_serialize_end
                0x0000000010003be0       0x10 CMakeFiles/MuKOB.dir/home/ed/code/pico/pico-sdk/src/rp2_common/pico_stdio/stdio.c.obj
                0x0000000010003be0                stdout_serialize_end
 .text.stdio_put_string
                0x0000000010003bf0       0x98 CMakeFiles/MuKOB.dir/home/ed/code/pico/pico-sdk/src/rp2_common/pico_stdio/stdio.c.obj
 .text.stdio_set_driver_enabled
                0x0000000010003c88       0x2c CMakeFiles/MuKOB.dir/home/ed/code/pico/pico-sdk/src/rp2_common/pico_stdio/stdio.c.obj
                0x0000000010003c88                stdio_set_driver_enabled
 .text.stdio_flush
                0x0000000010003cb4       0x20 CMakeFiles/MuKOB.dir/home/ed/code/pico/pico-sdk/src/rp2_common/pico_stdio/stdio.c.obj
                0x0000000010003cb4                stdio_flush
 .text.__wrap_puts
                0x0000000010003cd4       0x1e CMakeFiles/MuKOB.dir/home/ed/code/pico/pico-sdk/src/rp2_common/pico_stdio/stdio.c.obj
                0x0000000010003cd4                __wrap_puts
 *fill*         0x0000000010003cf2        0x2 
 .text.__wrap_vprintf
                0x0000000010003cf4       0x44 CMakeFiles/MuKOB.dir/home/ed/code/pico/pico-sdk/src/rp2_common/pico_stdio/stdio.c.obj
                0x0000000010003cf4                __wrap_vprintf
 .text.__wrap_printf
                0x0000000010003d38       0x18 CMakeFiles/MuKOB.dir/home/ed/code/pico/pico-sdk/src/rp2_common/pico_stdio/stdio.c.obj
                0x0000000010003d38                __wrap_printf
 .text.stdio_init_all
                0x0000000010003d50        0x8 CMakeFiles/MuKOB.dir/home/ed/code/pico/pico-sdk/src/rp2_common/pico_stdio/stdio.c.obj
                0x0000000010003d50                stdio_init_all
 .text.stdio_uart_out_chars
                0x0000000010003d58       0x74 CMakeFiles/MuKOB.dir/home/ed/code/pico/pico-sdk/src/rp2_common/pico_stdio_uart/stdio_uart.c.obj
 .text.stdio_uart_in_chars
                0x0000000010003dcc       0x58 CMakeFiles/MuKOB.dir/home/ed/code/pico/pico-sdk/src/rp2_common/pico_stdio_uart/stdio_uart.c.obj
                0x0000000010003dcc                stdio_uart_in_chars
 .text.stdio_uart_init_full
                0x0000000010003e24       0x3c CMakeFiles/MuKOB.dir/home/ed/code/pico/pico-sdk/src/rp2_common/pico_stdio_uart/stdio_uart.c.obj
                0x0000000010003e24                stdio_uart_init_full
 .text.stdio_uart_init
                0x0000000010003e60       0x28 CMakeFiles/MuKOB.dir/home/ed/code/pico/pico-sdk/src/rp2_common/pico_stdio_uart/stdio_uart.c.obj
                0x0000000010003e60                stdio_uart_init
 .text.fill     0x0000000010003e88       0x12 CMakeFiles/MuKOB.dir/lib/oled1306_i2c/oled1306_i2c.c.obj
                0x0000000010003e88                fill
 .text.calc_render_area_buflen
                0x0000000010003e9a       0x16 CMakeFiles/MuKOB.dir/lib/oled1306_i2c/oled1306_i2c.c.obj
                0x0000000010003e9a                calc_render_area_buflen
 .text.oled_send_cmd
                0x0000000010003eb0       0x24 CMakeFiles/MuKOB.dir/lib/oled1306_i2c/oled1306_i2c.c.obj
                0x0000000010003eb0                oled_send_cmd
 .text.oled_send_buf
                0x0000000010003ed4       0x48 CMakeFiles/MuKOB.dir/lib/oled1306_i2c/oled1306_i2c.c.obj
                0x0000000010003ed4                oled_send_buf
 .text.render   0x0000000010003f1c       0x34 CMakeFiles/MuKOB.dir/lib/oled1306_i2c/oled1306_i2c.c.obj
                0x0000000010003f1c                render
 .text.oled_init
                0x0000000010003f50       0xf8 CMakeFiles/MuKOB.dir/lib/oled1306_i2c/oled1306_i2c.c.obj
                0x0000000010003f50                oled_init
 .text.spi_set_baudrate
                0x0000000010004048       0x92 CMakeFiles/MuKOB.dir/home/ed/code/pico/pico-sdk/src/rp2_common/hardware_spi/spi.c.obj
                0x0000000010004048                spi_set_baudrate
 *fill*         0x00000000100040da        0x2 
 .text.spi_init
                0x00000000100040dc       0x68 CMakeFiles/MuKOB.dir/home/ed/code/pico/pico-sdk/src/rp2_common/hardware_spi/spi.c.obj
                0x00000000100040dc                spi_init
 .text.i2c_write_blocking_internal
                0x0000000010004144      0x140 CMakeFiles/MuKOB.dir/home/ed/code/pico/pico-sdk/src/rp2_common/hardware_i2c/i2c.c.obj
 .text.i2c_set_baudrate
                0x0000000010004284       0xf0 CMakeFiles/MuKOB.dir/home/ed/code/pico/pico-sdk/src/rp2_common/hardware_i2c/i2c.c.obj
                0x0000000010004284                i2c_set_baudrate
 .text.i2c_init
                0x0000000010004374       0x58 CMakeFiles/MuKOB.dir/home/ed/code/pico/pico-sdk/src/rp2_common/hardware_i2c/i2c.c.obj
                0x0000000010004374                i2c_init
 .text.i2c_write_blocking
                0x00000000100043cc       0x18 CMakeFiles/MuKOB.dir/home/ed/code/pico/pico-sdk/src/rp2_common/hardware_i2c/i2c.c.obj
                0x00000000100043cc                i2c_write_blocking
 .text._retrieve_unique_id_on_boot
                0x00000000100043e4       0x10 CMakeFiles/MuKOB.dir/home/ed/code/pico/pico-sdk/src/rp2_common/pico_unique_id/unique_id.c.obj
 .text.flash_get_unique_id
                0x00000000100043f4       0x46 CMakeFiles/MuKOB.dir/home/ed/code/pico/pico-sdk/src/rp2_common/hardware_flash/flash.c.obj
                0x00000000100043f4                flash_get_unique_id
 *fill*         0x000000001000443a        0x2 
 .text          0x000000001000443c       0x28 /usr/lib/gcc/arm-none-eabi/10.3.1/../../../arm-none-eabi/lib/thumb/v6-m/nofp/libg.a(lib_a-malloc.o)
                0x000000001000443c                malloc
                0x0000000010004450                free
 .text          0x0000000010004464      0x574 /usr/lib/gcc/arm-none-eabi/10.3.1/../../../arm-none-eabi/lib/thumb/v6-m/nofp/libg.a(lib_a-mallocr.o)
                0x0000000010004464                _malloc_r
 .text          0x00000000100049d8        0x8 /usr/lib/gcc/arm-none-eabi/10.3.1/../../../arm-none-eabi/lib/thumb/v6-m/nofp/libg.a(lib_a-mlock.o)
                0x00000000100049d8                __malloc_lock
                0x00000000100049dc                __malloc_unlock
 .text          0x00000000100049e0       0x24 /usr/lib/gcc/arm-none-eabi/10.3.1/../../../arm-none-eabi/lib/thumb/v6-m/nofp/libg.a(lib_a-sbrkr.o)
                0x00000000100049e0                _sbrk_r
 .text          0x0000000010004a04       0x5c /usr/lib/gcc/arm-none-eabi/10.3.1/../../../arm-none-eabi/lib/thumb/v6-m/nofp/libg.a(lib_a-strlen-stub.o)
                0x0000000010004a04                strlen
 .text          0x0000000010004a60      0x260 /usr/lib/gcc/arm-none-eabi/10.3.1/../../../arm-none-eabi/lib/thumb/v6-m/nofp/libg.a(lib_a-freer.o)
                0x0000000010004a60                _malloc_trim_r
                0x0000000010004afc                _free_r
 *(.fini)
 .fini          0x0000000010004cc0        0x4 /usr/lib/gcc/arm-none-eabi/10.3.1/thumb/v6-m/nofp/crti.o
                0x0000000010004cc0                _fini
 *fill*         0x0000000010004cc4        0x4 
 .fini.__stub   0x0000000010004cc8       0x60 linker stubs
 *crtbegin.o(.ctors)
 *crtbegin?.o(.ctors)
 *(EXCLUDE_FILE(*crtend.o *crtend?.o) .ctors)
 *(SORT_BY_NAME(.ctors.*))
 *(.ctors)
 *crtbegin.o(.dtors)
 *crtbegin?.o(.dtors)
 *(EXCLUDE_FILE(*crtend.o *crtend?.o) .dtors)
 *(SORT_BY_NAME(.dtors.*))
 *(.dtors)
 *(.eh_frame*)
 .eh_frame      0x0000000010004d28        0x0 /usr/lib/gcc/arm-none-eabi/10.3.1/thumb/v6-m/nofp/crtbegin.o
                0x0000000010004d28                . = ALIGN (0x4)

.glue_7         0x0000000010004d28        0x0
 .glue_7        0x0000000010004d28        0x0 linker stubs

.glue_7t        0x0000000010004d28        0x0
 .glue_7t       0x0000000010004d28        0x0 linker stubs

.vfp11_veneer   0x0000000010004d28        0x0
 .vfp11_veneer  0x0000000010004d28        0x0 linker stubs

.v4_bx          0x0000000010004d28        0x0
 .v4_bx         0x0000000010004d28        0x0 linker stubs

.iplt           0x0000000010004d28        0x0
 .iplt          0x0000000010004d28        0x0 /usr/lib/gcc/arm-none-eabi/10.3.1/thumb/v6-m/nofp/crtbegin.o

.rodata         0x0000000010004d28     0x15ac
 *(EXCLUDE_FILE(*libm.a: *libc.a:*lib_a-mem*.o *libgcc.a:) .rodata*)
 .rodata.main.str1.4
                0x0000000010004d28       0x12 CMakeFiles/MuKOB.dir/MuKOB.c.obj
 *fill*         0x0000000010004d3a        0x2 
 .rodata.str1.4
                0x0000000010004d3c       0x1a CMakeFiles/MuKOB.dir/MuKOB.c.obj
 *fill*         0x0000000010004d56        0x2 
 .rodata.__bi_41.0
                0x0000000010004d58        0x8 CMakeFiles/MuKOB.dir/MuKOB.c.obj
 .rodata.__bi_42.1
                0x0000000010004d60        0xc CMakeFiles/MuKOB.dir/MuKOB.c.obj
 .rodata.make_branch.str1.4
                0x0000000010004d6c       0x6e CMakeFiles/MuKOB.dir/home/ed/code/pico/pico-sdk/src/rp2_common/hardware_irq/irq.c.obj
 *fill*         0x0000000010004dda        0x2 
 .rodata.insert_branch_and_link.str1.4
                0x0000000010004ddc       0x10 CMakeFiles/MuKOB.dir/home/ed/code/pico/pico-sdk/src/rp2_common/hardware_irq/irq.c.obj
 .rodata.irq_set_exclusive_handler.str1.4
                0x0000000010004dec       0x36 CMakeFiles/MuKOB.dir/home/ed/code/pico/pico-sdk/src/rp2_common/hardware_irq/irq.c.obj
 *fill*         0x0000000010004e22        0x2 
 .rodata.irq_add_shared_handler.str1.4
                0x0000000010004e24       0xd9 CMakeFiles/MuKOB.dir/home/ed/code/pico/pico-sdk/src/rp2_common/hardware_irq/irq.c.obj
 *fill*         0x0000000010004efd        0x3 
 .rodata.irq_remove_handler.str1.4
                0x0000000010004f00       0x2a CMakeFiles/MuKOB.dir/home/ed/code/pico/pico-sdk/src/rp2_common/hardware_irq/irq.c.obj
 *fill*         0x0000000010004f2a        0x2 
 .rodata.irq_add_tail_to_free_list.str1.4
                0x0000000010004f2c       0x3a CMakeFiles/MuKOB.dir/home/ed/code/pico/pico-sdk/src/rp2_common/hardware_irq/irq.c.obj
 *fill*         0x0000000010004f66        0x2 
 .rodata.__func__.0
                0x0000000010004f68       0x1a CMakeFiles/MuKOB.dir/home/ed/code/pico/pico-sdk/src/rp2_common/hardware_irq/irq.c.obj
 *fill*         0x0000000010004f82        0x2 
 .rodata.__func__.1
                0x0000000010004f84       0x17 CMakeFiles/MuKOB.dir/home/ed/code/pico/pico-sdk/src/rp2_common/hardware_irq/irq.c.obj
 *fill*         0x0000000010004f9b        0x1 
 .rodata.__func__.2
                0x0000000010004f9c       0x13 CMakeFiles/MuKOB.dir/home/ed/code/pico/pico-sdk/src/rp2_common/hardware_irq/irq.c.obj
 *fill*         0x0000000010004faf        0x1 
 .rodata.__func__.3
                0x0000000010004fb0        0xc CMakeFiles/MuKOB.dir/home/ed/code/pico/pico-sdk/src/rp2_common/hardware_irq/irq.c.obj
 .rodata.__func__.4
                0x0000000010004fbc        0xf CMakeFiles/MuKOB.dir/home/ed/code/pico/pico-sdk/src/rp2_common/hardware_irq/irq.c.obj
 *fill*         0x0000000010004fcb        0x1 
 .rodata.__func__.6
                0x0000000010004fcc       0x1a CMakeFiles/MuKOB.dir/home/ed/code/pico/pico-sdk/src/rp2_common/hardware_irq/irq.c.obj
 *fill*         0x0000000010004fe6        0x2 
 .rodata.repeating_timer_callback.str1.4
                0x0000000010004fe8       0x4c CMakeFiles/MuKOB.dir/home/ed/code/pico/pico-sdk/src/common/pico_time/time.c.obj
 .rodata.alarm_pool_dump_key.str1.4
                0x0000000010005034       0x33 CMakeFiles/MuKOB.dir/home/ed/code/pico/pico-sdk/src/common/pico_time/time.c.obj
 *fill*         0x0000000010005067        0x1 
 .rodata.ph_add_child_node.str1.4
                0x0000000010005068       0x96 CMakeFiles/MuKOB.dir/home/ed/code/pico/pico-sdk/src/common/pico_time/time.c.obj
 *fill*         0x00000000100050fe        0x2 
 .rodata.add_alarm_under_lock.str1.4
                0x0000000010005100       0x28 CMakeFiles/MuKOB.dir/home/ed/code/pico/pico-sdk/src/common/pico_time/time.c.obj
                                         0x2b (size before relaxing)
 .rodata.alarm_pool_alarm_callback.str1.4
                0x0000000010005128       0xe6 CMakeFiles/MuKOB.dir/home/ed/code/pico/pico-sdk/src/common/pico_time/time.c.obj
 *fill*         0x000000001000520e        0x2 
 .rodata.alarm_pool_get_default.str1.4
                0x0000000010005210       0x21 CMakeFiles/MuKOB.dir/home/ed/code/pico/pico-sdk/src/common/pico_time/time.c.obj
 *fill*         0x0000000010005231        0x3 
 .rodata.sleep_until.str1.4
                0x0000000010005234       0x4d CMakeFiles/MuKOB.dir/home/ed/code/pico/pico-sdk/src/common/pico_time/time.c.obj
 *fill*         0x0000000010005281        0x3 
 .rodata.__func__.10
                0x0000000010005284       0x15 CMakeFiles/MuKOB.dir/home/ed/code/pico/pico-sdk/src/common/pico_time/time.c.obj
 *fill*         0x0000000010005299        0x3 
 .rodata.__func__.11
                0x000000001000529c       0x1a CMakeFiles/MuKOB.dir/home/ed/code/pico/pico-sdk/src/common/pico_time/time.c.obj
 *fill*         0x00000000100052b6        0x2 
 .rodata.__func__.12
                0x00000000100052b8        0xa CMakeFiles/MuKOB.dir/home/ed/code/pico/pico-sdk/src/common/pico_time/time.c.obj
 *fill*         0x00000000100052c2        0x2 
 .rodata.__func__.3
                0x00000000100052c4       0x17 CMakeFiles/MuKOB.dir/home/ed/code/pico/pico-sdk/src/common/pico_time/time.c.obj
 *fill*         0x00000000100052db        0x1 
 .rodata.__func__.4
                0x00000000100052dc       0x12 CMakeFiles/MuKOB.dir/home/ed/code/pico/pico-sdk/src/common/pico_time/time.c.obj
 *fill*         0x00000000100052ee        0x2 
 .rodata.__func__.5
                0x00000000100052f0        0xd CMakeFiles/MuKOB.dir/home/ed/code/pico/pico-sdk/src/common/pico_time/time.c.obj
 *fill*         0x00000000100052fd        0x3 
 .rodata.__func__.6
                0x0000000010005300       0x12 CMakeFiles/MuKOB.dir/home/ed/code/pico/pico-sdk/src/common/pico_time/time.c.obj
 *fill*         0x0000000010005312        0x2 
 .rodata.__func__.7
                0x0000000010005314        0xf CMakeFiles/MuKOB.dir/home/ed/code/pico/pico-sdk/src/common/pico_time/time.c.obj
 *fill*         0x0000000010005323        0x1 
 .rodata.__func__.8
                0x0000000010005324        0xc CMakeFiles/MuKOB.dir/home/ed/code/pico/pico-sdk/src/common/pico_time/time.c.obj
 .rodata.__func__.9
                0x0000000010005330       0x15 CMakeFiles/MuKOB.dir/home/ed/code/pico/pico-sdk/src/common/pico_time/time.c.obj
 *fill*         0x0000000010005345        0x3 
 .rodata.hardware_alarm_claim.str1.4
                0x0000000010005348       0x22 CMakeFiles/MuKOB.dir/home/ed/code/pico/pico-sdk/src/rp2_common/hardware_timer/timer.c.obj
 *fill*         0x000000001000536a        0x2 
 .rodata.hardware_alarm_set_target.str1.4
                0x000000001000536c       0x66 CMakeFiles/MuKOB.dir/home/ed/code/pico/pico-sdk/src/rp2_common/hardware_timer/timer.c.obj
 *fill*         0x00000000100053d2        0x2 
 .rodata.__func__.0
                0x00000000100053d4       0x1a CMakeFiles/MuKOB.dir/home/ed/code/pico/pico-sdk/src/rp2_common/hardware_timer/timer.c.obj
 .rodata.ph_add_child_node.str1.4
                0x00000000100053ee       0x96 CMakeFiles/MuKOB.dir/home/ed/code/pico/pico-sdk/src/common/pico_util/pheap.c.obj
 *fill*         0x00000000100053ee        0x2 
 .rodata.ph_remove_any_head.str1.4
                0x00000000100053f0       0x90 CMakeFiles/MuKOB.dir/home/ed/code/pico/pico-sdk/src/common/pico_util/pheap.c.obj
 .rodata.ph_remove_and_free_node.str1.4
                0x0000000010005480       0x1e CMakeFiles/MuKOB.dir/home/ed/code/pico/pico-sdk/src/common/pico_util/pheap.c.obj
                                         0x26 (size before relaxing)
 *fill*         0x000000001000549e        0x2 
 .rodata.__func__.0
                0x00000000100054a0       0x18 CMakeFiles/MuKOB.dir/home/ed/code/pico/pico-sdk/src/common/pico_util/pheap.c.obj
 .rodata.__func__.1
                0x00000000100054b8       0x13 CMakeFiles/MuKOB.dir/home/ed/code/pico/pico-sdk/src/common/pico_util/pheap.c.obj
 *fill*         0x00000000100054cb        0x1 
 .rodata.__func__.2
                0x00000000100054cc       0x12 CMakeFiles/MuKOB.dir/home/ed/code/pico/pico-sdk/src/common/pico_util/pheap.c.obj
 *fill*         0x00000000100054de        0x2 
 .rodata.__func__.3
                0x00000000100054e0        0xc CMakeFiles/MuKOB.dir/home/ed/code/pico/pico-sdk/src/common/pico_util/pheap.c.obj
 .rodata.str1.4
                0x00000000100054ec       0x8d CMakeFiles/MuKOB.dir/home/ed/code/pico/pico-sdk/src/common/pico_sync/mutex.c.obj
                                         0xf1 (size before relaxing)
 *fill*         0x0000000010005579        0x3 
 .rodata.__func__.1
                0x000000001000557c        0xb CMakeFiles/MuKOB.dir/home/ed/code/pico/pico-sdk/src/common/pico_sync/mutex.c.obj
 *fill*         0x0000000010005587        0x1 
 .rodata.__assert_func.str1.4
                0x0000000010005588       0x3f CMakeFiles/MuKOB.dir/home/ed/code/pico/pico-sdk/src/rp2_common/pico_runtime/runtime.c.obj
                                         0x43 (size before relaxing)
 *fill*         0x00000000100055c7        0x1 
 .rodata.runtime_init.str1.4
                0x00000000100055c8       0x62 CMakeFiles/MuKOB.dir/home/ed/code/pico/pico-sdk/src/rp2_common/pico_runtime/runtime.c.obj
 *fill*         0x000000001000562a        0x2 
 .rodata.panic.str1.4
                0x000000001000562c       0x12 CMakeFiles/MuKOB.dir/home/ed/code/pico/pico-sdk/src/rp2_common/pico_runtime/runtime.c.obj
 *fill*         0x000000001000563e        0x2 
 .rodata.__func__.1
                0x0000000010005640        0xd CMakeFiles/MuKOB.dir/home/ed/code/pico/pico-sdk/src/rp2_common/pico_runtime/runtime.c.obj
 *fill*         0x000000001000564d        0x3 
 .rodata.clock_configure.str1.4
                0x0000000010005650       0x58 CMakeFiles/MuKOB.dir/home/ed/code/pico/pico-sdk/src/rp2_common/hardware_clocks/clocks.c.obj
 .rodata.__func__.1
                0x00000000100056a8       0x10 CMakeFiles/MuKOB.dir/home/ed/code/pico/pico-sdk/src/rp2_common/hardware_clocks/clocks.c.obj
 .rodata.pll_init.str1.4
                0x00000000100056b8      0x13b CMakeFiles/MuKOB.dir/home/ed/code/pico/pico-sdk/src/rp2_common/hardware_pll/pll.c.obj
 *fill*         0x00000000100057f3        0x1 
 .rodata.__func__.0
                0x00000000100057f4        0x9 CMakeFiles/MuKOB.dir/home/ed/code/pico/pico-sdk/src/rp2_common/hardware_pll/pll.c.obj
 *fill*         0x00000000100057fd        0x3 
 .rodata._ftoa.str1.4
                0x0000000010005800       0x15 CMakeFiles/MuKOB.dir/home/ed/code/pico/pico-sdk/src/rp2_common/pico_printf/printf.c.obj
 *fill*         0x0000000010005815        0x3 
 .rodata._vsnprintf
                0x0000000010005818      0x1e0 CMakeFiles/MuKOB.dir/home/ed/code/pico/pico-sdk/src/rp2_common/pico_printf/printf.c.obj
 .rodata.pow10.0
                0x00000000100059f8       0x50 CMakeFiles/MuKOB.dir/home/ed/code/pico/pico-sdk/src/rp2_common/pico_printf/printf.c.obj
 .rodata.missing_double_func_shim.str1.4
                0x0000000010005a48       0x18 CMakeFiles/MuKOB.dir/home/ed/code/pico/pico-sdk/src/rp2_common/pico_double/double_init_rom.c.obj
 .rodata.__aeabi_double_init.str1.4
                0x0000000010005a60       0xa9 CMakeFiles/MuKOB.dir/home/ed/code/pico/pico-sdk/src/rp2_common/pico_double/double_init_rom.c.obj
 *fill*         0x0000000010005b09        0x3 
 .rodata.__func__.0
                0x0000000010005b0c       0x14 CMakeFiles/MuKOB.dir/home/ed/code/pico/pico-sdk/src/rp2_common/pico_double/double_init_rom.c.obj
 .rodata.missing_float_func_shim.str1.4
                0x0000000010005b20        0x1 CMakeFiles/MuKOB.dir/home/ed/code/pico/pico-sdk/src/rp2_common/pico_float/float_init_rom.c.obj
 .rodata.__aeabi_float_init.str1.4
                0x0000000010005b20       0x7b CMakeFiles/MuKOB.dir/home/ed/code/pico/pico-sdk/src/rp2_common/pico_float/float_init_rom.c.obj
 *fill*         0x0000000010005b9b        0x1 
 .rodata.__func__.0
                0x0000000010005b9c       0x13 CMakeFiles/MuKOB.dir/home/ed/code/pico/pico-sdk/src/rp2_common/pico_float/float_init_rom.c.obj
 *fill*         0x0000000010005baf        0x1 
 .rodata.__wrap_malloc.str1.4
                0x0000000010005bb0        0xe CMakeFiles/MuKOB.dir/home/ed/code/pico/pico-sdk/src/rp2_common/pico_malloc/pico_malloc.c.obj
 *fill*         0x0000000010005bbe        0x2 
 .rodata.str1.4
                0x0000000010005bc0       0x40 CMakeFiles/MuKOB.dir/home/ed/code/pico/pico-sdk/src/rp2_common/pico_standard_link/binary_info.c.obj
 .rodata.__bi_44
                0x0000000010005c00        0xc CMakeFiles/MuKOB.dir/home/ed/code/pico/pico-sdk/src/rp2_common/pico_standard_link/binary_info.c.obj
 .rodata.__bi_56
                0x0000000010005c0c        0xc CMakeFiles/MuKOB.dir/home/ed/code/pico/pico-sdk/src/rp2_common/pico_standard_link/binary_info.c.obj
 .rodata.__bi_75
                0x0000000010005c18        0xc CMakeFiles/MuKOB.dir/home/ed/code/pico/pico-sdk/src/rp2_common/pico_standard_link/binary_info.c.obj
 .rodata.__bi_81
                0x0000000010005c24        0xc CMakeFiles/MuKOB.dir/home/ed/code/pico/pico-sdk/src/rp2_common/pico_standard_link/binary_info.c.obj
 .rodata.crlf_str.3
                0x0000000010005c30        0x2 CMakeFiles/MuKOB.dir/home/ed/code/pico/pico-sdk/src/rp2_common/pico_stdio/stdio.c.obj
 *fill*         0x0000000010005c32        0x2 
 .rodata.str1.4
                0x0000000010005c34       0x2c CMakeFiles/MuKOB.dir/home/ed/code/pico/pico-sdk/src/rp2_common/pico_stdio_uart/stdio_uart.c.obj
 .rodata.__bi_28.4
                0x0000000010005c60        0xc CMakeFiles/MuKOB.dir/home/ed/code/pico/pico-sdk/src/rp2_common/pico_stdio_uart/stdio_uart.c.obj
 .rodata.__bi_29.5
                0x0000000010005c6c        0x8 CMakeFiles/MuKOB.dir/home/ed/code/pico/pico-sdk/src/rp2_common/pico_stdio_uart/stdio_uart.c.obj
 .rodata.Font_Table
                0x0000000010005c74      0x480 CMakeFiles/MuKOB.dir/lib/oled1306_i2c/font.c.obj
                0x0000000010005c74                Font_Table
 .rodata.i2c_set_baudrate.str1.4
                0x00000000100060f4       0x5e CMakeFiles/MuKOB.dir/home/ed/code/pico/pico-sdk/src/rp2_common/hardware_i2c/i2c.c.obj
 *fill*         0x0000000010006152        0x2 
 .rodata.__func__.0
                0x0000000010006154       0x11 CMakeFiles/MuKOB.dir/home/ed/code/pico/pico-sdk/src/rp2_common/hardware_i2c/i2c.c.obj
 *fill*         0x0000000010006165        0x3 
 .rodata.str1.4
                0x0000000010006168      0x15a CMakeFiles/MuKOB.dir/home/ed/code/pico/pico-sdk/src/rp2_common/hardware_flash/flash.c.obj
 *fill*         0x00000000100062c2        0x2 
 .rodata.__func__.0
                0x00000000100062c4        0xd CMakeFiles/MuKOB.dir/home/ed/code/pico/pico-sdk/src/rp2_common/hardware_flash/flash.c.obj
                0x00000000100062d4                . = ALIGN (0x4)
 *fill*         0x00000000100062d1        0x3 
 *(SORT_BY_ALIGNMENT(SORT_BY_NAME(.flashdata*)))
                0x00000000100062d4                . = ALIGN (0x4)

.rel.dyn        0x00000000100062d4        0x0
 .rel.iplt      0x00000000100062d4        0x0 /usr/lib/gcc/arm-none-eabi/10.3.1/thumb/v6-m/nofp/crtbegin.o

.ARM.extab
 *(.ARM.extab* .gnu.linkonce.armextab.*)
                0x00000000100062d4                __exidx_start = .

.ARM.exidx
 *(.ARM.exidx* .gnu.linkonce.armexidx.*)
                0x00000000100062d4                __exidx_end = .
                0x00000000100062d4                . = ALIGN (0x4)
                0x00000000100062d4                __binary_info_start = .

.binary_info    0x00000000100062d4       0x30
 *(.binary_info.keep.*)
 .binary_info.keep.__bi_ptr41
                0x00000000100062d4        0x4 CMakeFiles/MuKOB.dir/MuKOB.c.obj
 .binary_info.keep.__bi_ptr42
                0x00000000100062d8        0x4 CMakeFiles/MuKOB.dir/MuKOB.c.obj
 .binary_info.keep.__bi_ptr22
                0x00000000100062dc        0x4 CMakeFiles/MuKOB.dir/home/ed/code/pico/pico-sdk/src/rp2_common/pico_standard_link/binary_info.c.obj
 .binary_info.keep.__bi_ptr30
                0x00000000100062e0        0x4 CMakeFiles/MuKOB.dir/home/ed/code/pico/pico-sdk/src/rp2_common/pico_standard_link/binary_info.c.obj
 .binary_info.keep.__bi_ptr38
                0x00000000100062e4        0x4 CMakeFiles/MuKOB.dir/home/ed/code/pico/pico-sdk/src/rp2_common/pico_standard_link/binary_info.c.obj
 .binary_info.keep.__bi_ptr44
                0x00000000100062e8        0x4 CMakeFiles/MuKOB.dir/home/ed/code/pico/pico-sdk/src/rp2_common/pico_standard_link/binary_info.c.obj
 .binary_info.keep.__bi_ptr50
                0x00000000100062ec        0x4 CMakeFiles/MuKOB.dir/home/ed/code/pico/pico-sdk/src/rp2_common/pico_standard_link/binary_info.c.obj
 .binary_info.keep.__bi_ptr56
                0x00000000100062f0        0x4 CMakeFiles/MuKOB.dir/home/ed/code/pico/pico-sdk/src/rp2_common/pico_standard_link/binary_info.c.obj
 .binary_info.keep.__bi_ptr75
                0x00000000100062f4        0x4 CMakeFiles/MuKOB.dir/home/ed/code/pico/pico-sdk/src/rp2_common/pico_standard_link/binary_info.c.obj
 .binary_info.keep.__bi_ptr81
                0x00000000100062f8        0x4 CMakeFiles/MuKOB.dir/home/ed/code/pico/pico-sdk/src/rp2_common/pico_standard_link/binary_info.c.obj
 *(.binary_info.*)
 .binary_info.__bi_ptr28
                0x00000000100062fc        0x4 CMakeFiles/MuKOB.dir/home/ed/code/pico/pico-sdk/src/rp2_common/pico_stdio_uart/stdio_uart.c.obj
 .binary_info.__bi_ptr29
                0x0000000010006300        0x4 CMakeFiles/MuKOB.dir/home/ed/code/pico/pico-sdk/src/rp2_common/pico_stdio_uart/stdio_uart.c.obj
                0x0000000010006304                __binary_info_end = .
                0x0000000010006304                . = ALIGN (0x4)
                0x0000000010006304                __etext = .

.ram_vector_table
                0x0000000020000000       0xc0
 *(.ram_vector_table)
 .ram_vector_table
                0x0000000020000000       0xc0 CMakeFiles/MuKOB.dir/home/ed/code/pico/pico-sdk/src/rp2_common/pico_runtime/runtime.c.obj
                0x0000000020000000                ram_vector_table

.data           0x00000000200000c0      0xb58 load address 0x0000000010006304
                0x00000000200000c0                __data_start__ = .
 *(vtable)
 *(.time_critical*)
 .time_critical.mutex_enter_blocking
                0x00000000200000c0       0x48 CMakeFiles/MuKOB.dir/home/ed/code/pico/pico-sdk/src/common/pico_sync/mutex.c.obj
                0x00000000200000c0                mutex_enter_blocking
 .time_critical.mutex_try_enter
                0x0000000020000108       0x46 CMakeFiles/MuKOB.dir/home/ed/code/pico/pico-sdk/src/common/pico_sync/mutex.c.obj
                0x0000000020000108                mutex_try_enter
 *fill*         0x000000002000014e        0x2 
 .time_critical.mutex_exit
                0x0000000020000150       0x4c CMakeFiles/MuKOB.dir/home/ed/code/pico/pico-sdk/src/common/pico_sync/mutex.c.obj
                0x0000000020000150                mutex_exit
 .time_critical.flash_init_boot2_copyout
                0x000000002000019c       0x30 CMakeFiles/MuKOB.dir/home/ed/code/pico/pico-sdk/src/rp2_common/hardware_flash/flash.c.obj
 .time_critical.flash_enable_xip_via_boot2
                0x00000000200001cc       0x10 CMakeFiles/MuKOB.dir/home/ed/code/pico/pico-sdk/src/rp2_common/hardware_flash/flash.c.obj
 .time_critical.flash_cs_force
                0x00000000200001dc       0x28 CMakeFiles/MuKOB.dir/home/ed/code/pico/pico-sdk/src/rp2_common/hardware_flash/flash.c.obj
 .time_critical.flash_do_cmd
                0x0000000020000204       0xd8 CMakeFiles/MuKOB.dir/home/ed/code/pico/pico-sdk/src/rp2_common/hardware_flash/flash.c.obj
                0x0000000020000204                flash_do_cmd
 *(.text*)
 .text          0x00000000200002dc        0x4 /usr/lib/gcc/arm-none-eabi/10.3.1/thumb/v6-m/nofp/libgcc.a(_dvmd_tls.o)
                0x00000000200002dc                __aeabi_ldiv0
                0x00000000200002dc                __aeabi_idiv0
 .text.__stub   0x00000000200002e0       0x10 linker stubs
                0x00000000200002f0                . = ALIGN (0x4)
 *(.rodata*)
                0x00000000200002f0                . = ALIGN (0x4)
 *(.data*)
 .data.striped_spin_lock_num
                0x00000000200002f0        0x1 CMakeFiles/MuKOB.dir/home/ed/code/pico/pico-sdk/src/rp2_common/hardware_sync/sync.c.obj
 *fill*         0x00000000200002f1        0x3 
 .data          0x00000000200002f4       0x48 CMakeFiles/MuKOB.dir/home/ed/code/pico/pico-sdk/src/rp2_common/hardware_irq/irq_handler_chain.S.obj
                0x00000000200002f4                irq_handler_chain_slots
                0x0000000020000324                irq_handler_chain_first_slot
                0x000000002000032e                irq_handler_chain_remove_tail
 .data.default_alarm_pool
                0x000000002000033c       0x18 CMakeFiles/MuKOB.dir/home/ed/code/pico/pico-sdk/src/common/pico_time/time.c.obj
 .data.default_alarm_pool_heap
                0x0000000020000354       0x10 CMakeFiles/MuKOB.dir/home/ed/code/pico/pico-sdk/src/common/pico_time/time.c.obj
 *fill*         0x0000000020000364        0xc 
 .data.aeabi_bits_funcs
                0x0000000020000370       0x10 CMakeFiles/MuKOB.dir/home/ed/code/pico/pico-sdk/src/rp2_common/pico_bit_ops/bit_ops_aeabi.S.obj
                0x0000000020000370                aeabi_bits_funcs
                0x0000000020000380                aeabi_bits_funcs_end
 .data.aeabi_mem_funcs
                0x0000000020000380       0x10 CMakeFiles/MuKOB.dir/home/ed/code/pico/pico-sdk/src/rp2_common/pico_mem_ops/mem_ops_aeabi.S.obj
                0x0000000020000380                aeabi_mem_funcs
                0x0000000020000390                aeabi_mem_funcs_end
 .data.stdio_uart
                0x0000000020000390       0x14 CMakeFiles/MuKOB.dir/home/ed/code/pico/pico-sdk/src/rp2_common/pico_stdio_uart/stdio_uart.c.obj
                0x0000000020000390                stdio_uart
 .data.display_area
                0x00000000200003a4        0x8 CMakeFiles/MuKOB.dir/lib/oled1306_i2c/oled1306_i2c.c.obj
                0x00000000200003a4                display_area
 .data.i2c0_inst
                0x00000000200003ac        0x8 CMakeFiles/MuKOB.dir/home/ed/code/pico/pico-sdk/src/rp2_common/hardware_i2c/i2c.c.obj
                0x00000000200003ac                i2c0_inst
 *fill*         0x00000000200003b4        0x4 
 .data          0x00000000200003b8      0x430 /usr/lib/gcc/arm-none-eabi/10.3.1/../../../arm-none-eabi/lib/thumb/v6-m/nofp/libg.a(lib_a-impure.o)
                0x00000000200003b8                _impure_ptr
 .data          0x00000000200007e8      0x410 /usr/lib/gcc/arm-none-eabi/10.3.1/../../../arm-none-eabi/lib/thumb/v6-m/nofp/libg.a(lib_a-mallocr.o)
                0x00000000200007e8                __malloc_sbrk_base
                0x00000000200007ec                __malloc_trim_threshold
                0x00000000200007f0                __malloc_av_
                0x0000000020000bf8                . = ALIGN (0x4)
 *(.after_data.*)
                0x0000000020000bf8                . = ALIGN (0x4)
                0x0000000020000bf8                PROVIDE (__mutex_array_start = .)
 *(SORT_BY_NAME(.mutex_array.*))
 *(.mutex_array)
 .mutex_array   0x0000000020000bf8        0x8 CMakeFiles/MuKOB.dir/home/ed/code/pico/pico-sdk/src/rp2_common/pico_stdio/stdio.c.obj
                0x0000000020000c00                PROVIDE (__mutex_array_end = .)
                0x0000000020000c00                . = ALIGN (0x4)
                0x0000000020000c00                PROVIDE (__preinit_array_start = .)
 *(SORT_BY_NAME(.preinit_array.*))
 .preinit_array.00001
                0x0000000020000c00        0x4 CMakeFiles/MuKOB.dir/home/ed/code/pico/pico-sdk/src/rp2_common/pico_mem_ops/mem_ops_aeabi.S.obj
 .preinit_array.00010
                0x0000000020000c04        0x4 CMakeFiles/MuKOB.dir/home/ed/code/pico/pico-sdk/src/rp2_common/pico_bit_ops/bit_ops_aeabi.S.obj
 .preinit_array.00020
                0x0000000020000c08        0x4 CMakeFiles/MuKOB.dir/home/ed/code/pico/pico-sdk/src/rp2_common/pico_double/double_aeabi.S.obj
 .preinit_array.00020
                0x0000000020000c0c        0x4 CMakeFiles/MuKOB.dir/home/ed/code/pico/pico-sdk/src/rp2_common/pico_float/float_aeabi.S.obj
 *(.preinit_array)
                0x0000000020000c10                PROVIDE (__preinit_array_end = .)
                0x0000000020000c10                . = ALIGN (0x4)
                0x0000000020000c10                PROVIDE (__init_array_start = .)
 *(SORT_BY_NAME(.init_array.*))
 *(.init_array)
 .init_array    0x0000000020000c10        0x4 /usr/lib/gcc/arm-none-eabi/10.3.1/thumb/v6-m/nofp/crtbegin.o
 .init_array    0x0000000020000c14        0x4 CMakeFiles/MuKOB.dir/home/ed/code/pico/pico-sdk/src/rp2_common/pico_unique_id/unique_id.c.obj
                0x0000000020000c18                PROVIDE (__init_array_end = .)
                0x0000000020000c18                . = ALIGN (0x4)
                0x0000000020000c18                PROVIDE (__fini_array_start = .)
 *(SORT_BY_NAME(.fini_array.*))
 *(.fini_array)
                0x0000000020000c18                PROVIDE (__fini_array_end = .)
 *(.jcr)
                0x0000000020000c18                . = ALIGN (0x4)
                0x0000000020000c18                __data_end__ = .

.tm_clone_table
                0x0000000020000c18        0x0 load address 0x0000000010006e5c
 .tm_clone_table
                0x0000000020000c18        0x0 /usr/lib/gcc/arm-none-eabi/10.3.1/thumb/v6-m/nofp/crtbegin.o
 .tm_clone_table
                0x0000000020000c18        0x0 /usr/lib/gcc/arm-none-eabi/10.3.1/thumb/v6-m/nofp/crtend.o

.igot.plt       0x0000000020000c18        0x0 load address 0x0000000010006e5c
 .igot.plt      0x0000000020000c18        0x0 /usr/lib/gcc/arm-none-eabi/10.3.1/thumb/v6-m/nofp/crtbegin.o

.uninitialized_data
                0x0000000020000c18        0x0 load address 0x0000000010006e5c
                0x0000000020000c18                . = ALIGN (0x4)
 *(.uninitialized_data*)

.scratch_x      0x0000000020040000        0x0 load address 0x0000000010006e5c
                0x0000000020040000                __scratch_x_start__ = .
 *(.scratch_x.*)
                0x0000000020040000                . = ALIGN (0x4)
                0x0000000020040000                __scratch_x_end__ = .
                0x0000000010006e5c                __scratch_x_source__ = LOADADDR (.scratch_x)

.scratch_y      0x0000000020041000        0x0 load address 0x0000000010006e5c
                0x0000000020041000                __scratch_y_start__ = .
 *(.scratch_y.*)
                0x0000000020041000                . = ALIGN (0x4)
                0x0000000020041000                __scratch_y_end__ = .
                0x0000000010006e5c                __scratch_y_source__ = LOADADDR (.scratch_y)

.bss            0x0000000020000c18      0x984
                0x0000000020000c18                . = ALIGN (0x4)
                0x0000000020000c18                __bss_start__ = .
 *(SORT_BY_ALIGNMENT(SORT_BY_NAME(.bss*)))
 .bss.default_alarm_pool_entries
                0x0000000020000c18      0x100 CMakeFiles/MuKOB.dir/home/ed/code/pico/pico-sdk/src/common/pico_time/time.c.obj
 .bss           0x0000000020000d18       0x1c /usr/lib/gcc/arm-none-eabi/10.3.1/thumb/v6-m/nofp/crtbegin.o
 .bss           0x0000000020000d34       0x34 /usr/lib/gcc/arm-none-eabi/10.3.1/../../../arm-none-eabi/lib/thumb/v6-m/nofp/libg.a(lib_a-mallocr.o)
                0x0000000020000d34                __malloc_top_pad
                0x0000000020000d38                __malloc_current_mallinfo
                0x0000000020000d60                __malloc_max_sbrked_mem
                0x0000000020000d64                __malloc_max_total_mem
 .bss           0x0000000020000d68        0x4 /usr/lib/gcc/arm-none-eabi/10.3.1/../../../arm-none-eabi/lib/thumb/v6-m/nofp/libg.a(lib_a-reent.o)
                0x0000000020000d68                errno
 .bss.alarm_callbacks
                0x0000000020000d6c       0x10 CMakeFiles/MuKOB.dir/home/ed/code/pico/pico-sdk/src/rp2_common/hardware_timer/timer.c.obj
 .bss.boot2_copyout
                0x0000000020000d7c      0x100 CMakeFiles/MuKOB.dir/home/ed/code/pico/pico-sdk/src/rp2_common/hardware_flash/flash.c.obj
 .bss.configured_freq
                0x0000000020000e7c       0x28 CMakeFiles/MuKOB.dir/home/ed/code/pico/pico-sdk/src/rp2_common/hardware_clocks/clocks.c.obj
 .bss.default_alarm_pool_entry_ids_high
                0x0000000020000ea4       0x10 CMakeFiles/MuKOB.dir/home/ed/code/pico/pico-sdk/src/common/pico_time/time.c.obj
 .bss.default_alarm_pool_heap_nodes
                0x0000000020000eb4       0x30 CMakeFiles/MuKOB.dir/home/ed/code/pico/pico-sdk/src/common/pico_time/time.c.obj
 .bss.display_buf
                0x0000000020000ee4      0x400 CMakeFiles/MuKOB.dir/lib/oled1306_i2c/oled1306_i2c.c.obj
                0x0000000020000ee4                display_buf
 .bss.drivers   0x00000000200012e4        0x4 CMakeFiles/MuKOB.dir/home/ed/code/pico/pico-sdk/src/rp2_common/pico_stdio/stdio.c.obj
 .bss.filter    0x00000000200012e8        0x4 CMakeFiles/MuKOB.dir/home/ed/code/pico/pico-sdk/src/rp2_common/pico_stdio/stdio.c.obj
 .bss.heap_end.0
                0x00000000200012ec        0x4 CMakeFiles/MuKOB.dir/home/ed/code/pico/pico-sdk/src/rp2_common/pico_runtime/runtime.c.obj
 .bss.pools     0x00000000200012f0       0x10 CMakeFiles/MuKOB.dir/home/ed/code/pico/pico-sdk/src/common/pico_time/time.c.obj
 .bss.retrieved_id
                0x0000000020001300        0x8 CMakeFiles/MuKOB.dir/home/ed/code/pico/pico-sdk/src/rp2_common/pico_unique_id/unique_id.c.obj
 .bss.sd_table  0x0000000020001308      0x100 CMakeFiles/MuKOB.dir/home/ed/code/pico/pico-sdk/src/rp2_common/pico_double/double_init_rom.c.obj
                0x0000000020001308                sd_table
 .bss.sf_clz_func
                0x0000000020001408        0x4 CMakeFiles/MuKOB.dir/home/ed/code/pico/pico-sdk/src/rp2_common/pico_double/double_init_rom.c.obj
                0x0000000020001408                sf_clz_func
 .bss.sf_table  0x000000002000140c      0x100 CMakeFiles/MuKOB.dir/home/ed/code/pico/pico-sdk/src/rp2_common/pico_float/float_init_rom.c.obj
                0x000000002000140c                sf_table
 .bss.sleep_notifier
                0x000000002000150c        0x4 CMakeFiles/MuKOB.dir/home/ed/code/pico/pico-sdk/src/common/pico_time/time.c.obj
 .bss.target_hi
                0x0000000020001510       0x10 CMakeFiles/MuKOB.dir/home/ed/code/pico/pico-sdk/src/rp2_common/hardware_timer/timer.c.obj
 .bss.text_screen
                0x0000000020001520       0x70 CMakeFiles/MuKOB.dir/lib/oled1306_i2c/oled1306_i2c.c.obj
                0x0000000020001520                text_screen
 .bss.uart_char_to_line_feed
                0x0000000020001590        0x4 CMakeFiles/MuKOB.dir/home/ed/code/pico/pico-sdk/src/rp2_common/hardware_uart/uart.c.obj
                0x0000000020001590                uart_char_to_line_feed
 .bss.uart_instance
                0x0000000020001594        0x4 CMakeFiles/MuKOB.dir/home/ed/code/pico/pico-sdk/src/rp2_common/pico_stdio_uart/stdio_uart.c.obj
 .bss.boot2_copyout_valid
                0x0000000020001598        0x1 CMakeFiles/MuKOB.dir/home/ed/code/pico/pico-sdk/src/rp2_common/hardware_flash/flash.c.obj
 .bss.claimed   0x0000000020001599        0x1 CMakeFiles/MuKOB.dir/home/ed/code/pico/pico-sdk/src/rp2_common/hardware_timer/timer.c.obj
 .bss.irq_hander_chain_free_slot_head
                0x000000002000159a        0x1 CMakeFiles/MuKOB.dir/home/ed/code/pico/pico-sdk/src/rp2_common/hardware_irq/irq.c.obj
 .bss.timer_callbacks_pending
                0x000000002000159b        0x1 CMakeFiles/MuKOB.dir/home/ed/code/pico/pico-sdk/src/rp2_common/hardware_timer/timer.c.obj
 *(COMMON)
                0x000000002000159c                . = ALIGN (0x4)
                0x000000002000159c                __bss_end__ = .

.heap           0x000000002000159c      0x800
                0x000000002000159c                __end__ = .
                0x000000002000159c                end = __end__
 *(.heap*)
 .heap          0x000000002000159c      0x800 CMakeFiles/MuKOB.dir/home/ed/code/pico/pico-sdk/src/rp2_common/pico_standard_link/crt0.S.obj
                0x0000000020001d9c                __HeapLimit = .

.stack1_dummy   0x0000000020040000        0x0
 *(.stack1*)

.stack_dummy    0x0000000020041000      0x800
 *(.stack*)
 .stack         0x0000000020041000      0x800 CMakeFiles/MuKOB.dir/home/ed/code/pico/pico-sdk/src/rp2_common/pico_standard_link/crt0.S.obj

.flash_end      0x0000000010006e5c        0x0
                0x0000000010006e5c                __flash_binary_end = .
                0x0000000020040000                __StackLimit = (ORIGIN (RAM) + LENGTH (RAM))
                0x0000000020041000                __StackOneTop = (ORIGIN (SCRATCH_X) + LENGTH (SCRATCH_X))
                0x0000000020042000                __StackTop = (ORIGIN (SCRATCH_Y) + LENGTH (SCRATCH_Y))
                0x0000000020041000                __StackOneBottom = (__StackOneTop - SIZEOF (.stack1_dummy))
                0x0000000020041800                __StackBottom = (__StackTop - SIZEOF (.stack_dummy))
                0x0000000020042000                PROVIDE (__stack = __StackTop)
                0x0000000000000001                ASSERT ((__StackLimit >= __HeapLimit), region RAM overflowed)
                0x0000000000000001                ASSERT (((__binary_info_header_end - __logical_binary_start) <= 0x100), Binary info must be in first 256 bytes of the binary)
LOAD CMakeFiles/MuKOB.dir/MuKOB.c.obj
LOAD CMakeFiles/MuKOB.dir/home/ed/code/pico/pico-sdk/src/rp2_common/pico_stdlib/stdlib.c.obj
LOAD CMakeFiles/MuKOB.dir/home/ed/code/pico/pico-sdk/src/rp2_common/hardware_gpio/gpio.c.obj
LOAD CMakeFiles/MuKOB.dir/home/ed/code/pico/pico-sdk/src/rp2_common/hardware_claim/claim.c.obj
LOAD CMakeFiles/MuKOB.dir/home/ed/code/pico/pico-sdk/src/rp2_common/pico_platform/platform.c.obj
LOAD CMakeFiles/MuKOB.dir/home/ed/code/pico/pico-sdk/src/rp2_common/hardware_sync/sync.c.obj
LOAD CMakeFiles/MuKOB.dir/home/ed/code/pico/pico-sdk/src/rp2_common/hardware_irq/irq.c.obj
LOAD CMakeFiles/MuKOB.dir/home/ed/code/pico/pico-sdk/src/rp2_common/hardware_irq/irq_handler_chain.S.obj
LOAD CMakeFiles/MuKOB.dir/home/ed/code/pico/pico-sdk/src/common/pico_sync/sem.c.obj
LOAD CMakeFiles/MuKOB.dir/home/ed/code/pico/pico-sdk/src/common/pico_sync/lock_core.c.obj
LOAD CMakeFiles/MuKOB.dir/home/ed/code/pico/pico-sdk/src/common/pico_time/time.c.obj
LOAD CMakeFiles/MuKOB.dir/home/ed/code/pico/pico-sdk/src/common/pico_time/timeout_helper.c.obj
LOAD CMakeFiles/MuKOB.dir/home/ed/code/pico/pico-sdk/src/rp2_common/hardware_timer/timer.c.obj
LOAD CMakeFiles/MuKOB.dir/home/ed/code/pico/pico-sdk/src/common/pico_util/datetime.c.obj
LOAD CMakeFiles/MuKOB.dir/home/ed/code/pico/pico-sdk/src/common/pico_util/pheap.c.obj
LOAD CMakeFiles/MuKOB.dir/home/ed/code/pico/pico-sdk/src/common/pico_util/queue.c.obj
LOAD CMakeFiles/MuKOB.dir/home/ed/code/pico/pico-sdk/src/common/pico_sync/mutex.c.obj
LOAD CMakeFiles/MuKOB.dir/home/ed/code/pico/pico-sdk/src/common/pico_sync/critical_section.c.obj
LOAD CMakeFiles/MuKOB.dir/home/ed/code/pico/pico-sdk/src/rp2_common/hardware_uart/uart.c.obj
LOAD CMakeFiles/MuKOB.dir/home/ed/code/pico/pico-sdk/src/rp2_common/hardware_divider/divider.S.obj
LOAD CMakeFiles/MuKOB.dir/home/ed/code/pico/pico-sdk/src/rp2_common/pico_runtime/runtime.c.obj
LOAD CMakeFiles/MuKOB.dir/home/ed/code/pico/pico-sdk/src/rp2_common/hardware_clocks/clocks.c.obj
LOAD CMakeFiles/MuKOB.dir/home/ed/code/pico/pico-sdk/src/rp2_common/hardware_pll/pll.c.obj
LOAD CMakeFiles/MuKOB.dir/home/ed/code/pico/pico-sdk/src/rp2_common/hardware_vreg/vreg.c.obj
LOAD CMakeFiles/MuKOB.dir/home/ed/code/pico/pico-sdk/src/rp2_common/hardware_watchdog/watchdog.c.obj
LOAD CMakeFiles/MuKOB.dir/home/ed/code/pico/pico-sdk/src/rp2_common/hardware_xosc/xosc.c.obj
LOAD CMakeFiles/MuKOB.dir/home/ed/code/pico/pico-sdk/src/rp2_common/pico_printf/printf.c.obj
LOAD CMakeFiles/MuKOB.dir/home/ed/code/pico/pico-sdk/src/rp2_common/pico_bit_ops/bit_ops_aeabi.S.obj
LOAD CMakeFiles/MuKOB.dir/home/ed/code/pico/pico-sdk/src/rp2_common/pico_bootrom/bootrom.c.obj
LOAD CMakeFiles/MuKOB.dir/home/ed/code/pico/pico-sdk/src/rp2_common/pico_divider/divider.S.obj
LOAD CMakeFiles/MuKOB.dir/home/ed/code/pico/pico-sdk/src/rp2_common/pico_double/double_aeabi.S.obj
LOAD CMakeFiles/MuKOB.dir/home/ed/code/pico/pico-sdk/src/rp2_common/pico_double/double_init_rom.c.obj
LOAD CMakeFiles/MuKOB.dir/home/ed/code/pico/pico-sdk/src/rp2_common/pico_double/double_math.c.obj
LOAD CMakeFiles/MuKOB.dir/home/ed/code/pico/pico-sdk/src/rp2_common/pico_double/double_v1_rom_shim.S.obj
LOAD CMakeFiles/MuKOB.dir/home/ed/code/pico/pico-sdk/src/rp2_common/pico_int64_ops/pico_int64_ops_aeabi.S.obj
LOAD CMakeFiles/MuKOB.dir/home/ed/code/pico/pico-sdk/src/rp2_common/pico_float/float_aeabi.S.obj
LOAD CMakeFiles/MuKOB.dir/home/ed/code/pico/pico-sdk/src/rp2_common/pico_float/float_init_rom.c.obj
LOAD CMakeFiles/MuKOB.dir/home/ed/code/pico/pico-sdk/src/rp2_common/pico_float/float_math.c.obj
LOAD CMakeFiles/MuKOB.dir/home/ed/code/pico/pico-sdk/src/rp2_common/pico_float/float_v1_rom_shim.S.obj
LOAD CMakeFiles/MuKOB.dir/home/ed/code/pico/pico-sdk/src/rp2_common/pico_malloc/pico_malloc.c.obj
LOAD CMakeFiles/MuKOB.dir/home/ed/code/pico/pico-sdk/src/rp2_common/pico_mem_ops/mem_ops_aeabi.S.obj
LOAD CMakeFiles/MuKOB.dir/home/ed/code/pico/pico-sdk/src/rp2_common/pico_standard_link/crt0.S.obj
LOAD CMakeFiles/MuKOB.dir/home/ed/code/pico/pico-sdk/src/rp2_common/pico_standard_link/new_delete.cpp.obj
LOAD CMakeFiles/MuKOB.dir/home/ed/code/pico/pico-sdk/src/rp2_common/pico_standard_link/binary_info.c.obj
LOAD CMakeFiles/MuKOB.dir/home/ed/code/pico/pico-sdk/src/rp2_common/pico_stdio/stdio.c.obj
LOAD CMakeFiles/MuKOB.dir/home/ed/code/pico/pico-sdk/src/rp2_common/pico_stdio_uart/stdio_uart.c.obj
LOAD CMakeFiles/MuKOB.dir/lib/oled1306_i2c/oled1306_i2c.c.obj
LOAD CMakeFiles/MuKOB.dir/lib/oled1306_i2c/font.c.obj
LOAD CMakeFiles/MuKOB.dir/home/ed/code/pico/pico-sdk/src/rp2_common/hardware_spi/spi.c.obj
LOAD CMakeFiles/MuKOB.dir/home/ed/code/pico/pico-sdk/src/rp2_common/hardware_i2c/i2c.c.obj
LOAD CMakeFiles/MuKOB.dir/home/ed/code/pico/pico-sdk/src/rp2_common/hardware_pio/pio.c.obj
LOAD CMakeFiles/MuKOB.dir/home/ed/code/pico/pico-sdk/src/rp2_common/pico_cyw43_arch/cyw43_arch.c.obj
LOAD CMakeFiles/MuKOB.dir/home/ed/code/pico/pico-sdk/src/rp2_common/pico_cyw43_arch/cyw43_arch_poll.c.obj
LOAD CMakeFiles/MuKOB.dir/home/ed/code/pico/pico-sdk/src/rp2_common/pico_cyw43_arch/cyw43_arch_threadsafe_background.c.obj
LOAD CMakeFiles/MuKOB.dir/home/ed/code/pico/pico-sdk/src/rp2_common/pico_cyw43_arch/cyw43_arch_freertos.c.obj
LOAD CMakeFiles/MuKOB.dir/home/ed/code/pico/pico-sdk/src/rp2_common/pico_unique_id/unique_id.c.obj
LOAD CMakeFiles/MuKOB.dir/home/ed/code/pico/pico-sdk/src/rp2_common/hardware_flash/flash.c.obj
LOAD CMakeFiles/MuKOB.dir/home/ed/code/pico/pico-sdk/src/rp2_common/cyw43_driver/cyw43_bus_pio_spi.c.obj
LOAD CMakeFiles/MuKOB.dir/home/ed/code/pico/pico-sdk/lib/cyw43-driver/src/cyw43_ll.c.obj
LOAD CMakeFiles/MuKOB.dir/home/ed/code/pico/pico-sdk/lib/cyw43-driver/src/cyw43_stats.c.obj
LOAD CMakeFiles/MuKOB.dir/home/ed/code/pico/pico-sdk/lib/cyw43-driver/src/cyw43_lwip.c.obj
LOAD CMakeFiles/MuKOB.dir/home/ed/code/pico/pico-sdk/lib/cyw43-driver/src/cyw43_ctrl.c.obj
LOAD CMakeFiles/MuKOB.dir/home/ed/code/pico/pico-sdk/src/rp2_common/hardware_dma/dma.c.obj
LOAD CMakeFiles/MuKOB.dir/home/ed/code/pico/pico-sdk/src/rp2_common/hardware_exception/exception.c.obj
LOAD CMakeFiles/MuKOB.dir/home/ed/code/pico/pico-sdk/lib/lwip/src/core/init.c.obj
LOAD CMakeFiles/MuKOB.dir/home/ed/code/pico/pico-sdk/lib/lwip/src/core/def.c.obj
LOAD CMakeFiles/MuKOB.dir/home/ed/code/pico/pico-sdk/lib/lwip/src/core/dns.c.obj
LOAD CMakeFiles/MuKOB.dir/home/ed/code/pico/pico-sdk/lib/lwip/src/core/inet_chksum.c.obj
LOAD CMakeFiles/MuKOB.dir/home/ed/code/pico/pico-sdk/lib/lwip/src/core/ip.c.obj
LOAD CMakeFiles/MuKOB.dir/home/ed/code/pico/pico-sdk/lib/lwip/src/core/mem.c.obj
LOAD CMakeFiles/MuKOB.dir/home/ed/code/pico/pico-sdk/lib/lwip/src/core/memp.c.obj
LOAD CMakeFiles/MuKOB.dir/home/ed/code/pico/pico-sdk/lib/lwip/src/core/netif.c.obj
LOAD CMakeFiles/MuKOB.dir/home/ed/code/pico/pico-sdk/lib/lwip/src/core/pbuf.c.obj
LOAD CMakeFiles/MuKOB.dir/home/ed/code/pico/pico-sdk/lib/lwip/src/core/raw.c.obj
LOAD CMakeFiles/MuKOB.dir/home/ed/code/pico/pico-sdk/lib/lwip/src/core/stats.c.obj
LOAD CMakeFiles/MuKOB.dir/home/ed/code/pico/pico-sdk/lib/lwip/src/core/sys.c.obj
LOAD CMakeFiles/MuKOB.dir/home/ed/code/pico/pico-sdk/lib/lwip/src/core/altcp.c.obj
LOAD CMakeFiles/MuKOB.dir/home/ed/code/pico/pico-sdk/lib/lwip/src/core/altcp_alloc.c.obj
LOAD CMakeFiles/MuKOB.dir/home/ed/code/pico/pico-sdk/lib/lwip/src/core/altcp_tcp.c.obj
LOAD CMakeFiles/MuKOB.dir/home/ed/code/pico/pico-sdk/lib/lwip/src/core/tcp.c.obj
LOAD CMakeFiles/MuKOB.dir/home/ed/code/pico/pico-sdk/lib/lwip/src/core/tcp_in.c.obj
LOAD CMakeFiles/MuKOB.dir/home/ed/code/pico/pico-sdk/lib/lwip/src/core/tcp_out.c.obj
LOAD CMakeFiles/MuKOB.dir/home/ed/code/pico/pico-sdk/lib/lwip/src/core/timeouts.c.obj
LOAD CMakeFiles/MuKOB.dir/home/ed/code/pico/pico-sdk/lib/lwip/src/core/udp.c.obj
LOAD CMakeFiles/MuKOB.dir/home/ed/code/pico/pico-sdk/src/rp2_common/pico_lwip/random.c.obj
LOAD CMakeFiles/MuKOB.dir/home/ed/code/pico/pico-sdk/lib/lwip/src/core/ipv4/acd.c.obj
LOAD CMakeFiles/MuKOB.dir/home/ed/code/pico/pico-sdk/lib/lwip/src/core/ipv4/autoip.c.obj
LOAD CMakeFiles/MuKOB.dir/home/ed/code/pico/pico-sdk/lib/lwip/src/core/ipv4/dhcp.c.obj
LOAD CMakeFiles/MuKOB.dir/home/ed/code/pico/pico-sdk/lib/lwip/src/core/ipv4/etharp.c.obj
LOAD CMakeFiles/MuKOB.dir/home/ed/code/pico/pico-sdk/lib/lwip/src/core/ipv4/icmp.c.obj
LOAD CMakeFiles/MuKOB.dir/home/ed/code/pico/pico-sdk/lib/lwip/src/core/ipv4/igmp.c.obj
LOAD CMakeFiles/MuKOB.dir/home/ed/code/pico/pico-sdk/lib/lwip/src/core/ipv4/ip4_frag.c.obj
LOAD CMakeFiles/MuKOB.dir/home/ed/code/pico/pico-sdk/lib/lwip/src/core/ipv4/ip4.c.obj
LOAD CMakeFiles/MuKOB.dir/home/ed/code/pico/pico-sdk/lib/lwip/src/core/ipv4/ip4_addr.c.obj
LOAD CMakeFiles/MuKOB.dir/home/ed/code/pico/pico-sdk/lib/lwip/src/core/ipv6/dhcp6.c.obj
LOAD CMakeFiles/MuKOB.dir/home/ed/code/pico/pico-sdk/lib/lwip/src/core/ipv6/ethip6.c.obj
LOAD CMakeFiles/MuKOB.dir/home/ed/code/pico/pico-sdk/lib/lwip/src/core/ipv6/icmp6.c.obj
LOAD CMakeFiles/MuKOB.dir/home/ed/code/pico/pico-sdk/lib/lwip/src/core/ipv6/inet6.c.obj
LOAD CMakeFiles/MuKOB.dir/home/ed/code/pico/pico-sdk/lib/lwip/src/core/ipv6/ip6.c.obj
LOAD CMakeFiles/MuKOB.dir/home/ed/code/pico/pico-sdk/lib/lwip/src/core/ipv6/ip6_addr.c.obj
LOAD CMakeFiles/MuKOB.dir/home/ed/code/pico/pico-sdk/lib/lwip/src/core/ipv6/ip6_frag.c.obj
LOAD CMakeFiles/MuKOB.dir/home/ed/code/pico/pico-sdk/lib/lwip/src/core/ipv6/mld6.c.obj
LOAD CMakeFiles/MuKOB.dir/home/ed/code/pico/pico-sdk/lib/lwip/src/core/ipv6/nd6.c.obj
LOAD CMakeFiles/MuKOB.dir/home/ed/code/pico/pico-sdk/lib/lwip/src/api/api_lib.c.obj
LOAD CMakeFiles/MuKOB.dir/home/ed/code/pico/pico-sdk/lib/lwip/src/api/api_msg.c.obj
LOAD CMakeFiles/MuKOB.dir/home/ed/code/pico/pico-sdk/lib/lwip/src/api/err.c.obj
LOAD CMakeFiles/MuKOB.dir/home/ed/code/pico/pico-sdk/lib/lwip/src/api/if_api.c.obj
LOAD CMakeFiles/MuKOB.dir/home/ed/code/pico/pico-sdk/lib/lwip/src/api/netbuf.c.obj
LOAD CMakeFiles/MuKOB.dir/home/ed/code/pico/pico-sdk/lib/lwip/src/api/netdb.c.obj
LOAD CMakeFiles/MuKOB.dir/home/ed/code/pico/pico-sdk/lib/lwip/src/api/netifapi.c.obj
LOAD CMakeFiles/MuKOB.dir/home/ed/code/pico/pico-sdk/lib/lwip/src/api/sockets.c.obj
LOAD CMakeFiles/MuKOB.dir/home/ed/code/pico/pico-sdk/lib/lwip/src/api/tcpip.c.obj
LOAD CMakeFiles/MuKOB.dir/home/ed/code/pico/pico-sdk/lib/lwip/src/netif/ethernet.c.obj
LOAD CMakeFiles/MuKOB.dir/home/ed/code/pico/pico-sdk/lib/lwip/src/netif/bridgeif.c.obj
LOAD CMakeFiles/MuKOB.dir/home/ed/code/pico/pico-sdk/lib/lwip/src/netif/bridgeif_fdb.c.obj
LOAD CMakeFiles/MuKOB.dir/home/ed/code/pico/pico-sdk/lib/lwip/src/netif/slipif.c.obj
LOAD CMakeFiles/MuKOB.dir/home/ed/code/pico/pico-sdk/lib/lwip/src/netif/lowpan6_common.c.obj
LOAD CMakeFiles/MuKOB.dir/home/ed/code/pico/pico-sdk/lib/lwip/src/netif/lowpan6.c.obj
LOAD CMakeFiles/MuKOB.dir/home/ed/code/pico/pico-sdk/lib/lwip/src/netif/lowpan6_ble.c.obj
LOAD CMakeFiles/MuKOB.dir/home/ed/code/pico/pico-sdk/lib/lwip/src/netif/zepif.c.obj
LOAD CMakeFiles/MuKOB.dir/home/ed/code/pico/pico-sdk/lib/lwip/src/netif/ppp/auth.c.obj
LOAD CMakeFiles/MuKOB.dir/home/ed/code/pico/pico-sdk/lib/lwip/src/netif/ppp/ccp.c.obj
LOAD CMakeFiles/MuKOB.dir/home/ed/code/pico/pico-sdk/lib/lwip/src/netif/ppp/chap-md5.c.obj
LOAD CMakeFiles/MuKOB.dir/home/ed/code/pico/pico-sdk/lib/lwip/src/netif/ppp/chap_ms.c.obj
LOAD CMakeFiles/MuKOB.dir/home/ed/code/pico/pico-sdk/lib/lwip/src/netif/ppp/chap-new.c.obj
LOAD CMakeFiles/MuKOB.dir/home/ed/code/pico/pico-sdk/lib/lwip/src/netif/ppp/demand.c.obj
LOAD CMakeFiles/MuKOB.dir/home/ed/code/pico/pico-sdk/lib/lwip/src/netif/ppp/eap.c.obj
LOAD CMakeFiles/MuKOB.dir/home/ed/code/pico/pico-sdk/lib/lwip/src/netif/ppp/ecp.c.obj
LOAD CMakeFiles/MuKOB.dir/home/ed/code/pico/pico-sdk/lib/lwip/src/netif/ppp/eui64.c.obj
LOAD CMakeFiles/MuKOB.dir/home/ed/code/pico/pico-sdk/lib/lwip/src/netif/ppp/fsm.c.obj
LOAD CMakeFiles/MuKOB.dir/home/ed/code/pico/pico-sdk/lib/lwip/src/netif/ppp/ipcp.c.obj
LOAD CMakeFiles/MuKOB.dir/home/ed/code/pico/pico-sdk/lib/lwip/src/netif/ppp/ipv6cp.c.obj
LOAD CMakeFiles/MuKOB.dir/home/ed/code/pico/pico-sdk/lib/lwip/src/netif/ppp/lcp.c.obj
LOAD CMakeFiles/MuKOB.dir/home/ed/code/pico/pico-sdk/lib/lwip/src/netif/ppp/magic.c.obj
LOAD CMakeFiles/MuKOB.dir/home/ed/code/pico/pico-sdk/lib/lwip/src/netif/ppp/mppe.c.obj
LOAD CMakeFiles/MuKOB.dir/home/ed/code/pico/pico-sdk/lib/lwip/src/netif/ppp/multilink.c.obj
LOAD CMakeFiles/MuKOB.dir/home/ed/code/pico/pico-sdk/lib/lwip/src/netif/ppp/ppp.c.obj
LOAD CMakeFiles/MuKOB.dir/home/ed/code/pico/pico-sdk/lib/lwip/src/netif/ppp/pppapi.c.obj
LOAD CMakeFiles/MuKOB.dir/home/ed/code/pico/pico-sdk/lib/lwip/src/netif/ppp/pppcrypt.c.obj
LOAD CMakeFiles/MuKOB.dir/home/ed/code/pico/pico-sdk/lib/lwip/src/netif/ppp/pppoe.c.obj
LOAD CMakeFiles/MuKOB.dir/home/ed/code/pico/pico-sdk/lib/lwip/src/netif/ppp/pppol2tp.c.obj
LOAD CMakeFiles/MuKOB.dir/home/ed/code/pico/pico-sdk/lib/lwip/src/netif/ppp/pppos.c.obj
LOAD CMakeFiles/MuKOB.dir/home/ed/code/pico/pico-sdk/lib/lwip/src/netif/ppp/upap.c.obj
LOAD CMakeFiles/MuKOB.dir/home/ed/code/pico/pico-sdk/lib/lwip/src/netif/ppp/utils.c.obj
LOAD CMakeFiles/MuKOB.dir/home/ed/code/pico/pico-sdk/lib/lwip/src/netif/ppp/vj.c.obj
LOAD CMakeFiles/MuKOB.dir/home/ed/code/pico/pico-sdk/lib/lwip/src/netif/ppp/polarssl/arc4.c.obj
LOAD CMakeFiles/MuKOB.dir/home/ed/code/pico/pico-sdk/lib/lwip/src/netif/ppp/polarssl/des.c.obj
LOAD CMakeFiles/MuKOB.dir/home/ed/code/pico/pico-sdk/lib/lwip/src/netif/ppp/polarssl/md4.c.obj
LOAD CMakeFiles/MuKOB.dir/home/ed/code/pico/pico-sdk/lib/lwip/src/netif/ppp/polarssl/md5.c.obj
LOAD CMakeFiles/MuKOB.dir/home/ed/code/pico/pico-sdk/lib/lwip/src/netif/ppp/polarssl/sha1.c.obj
LOAD CMakeFiles/MuKOB.dir/home/ed/code/pico/pico-sdk/src/rp2_common/pico_lwip/nosys.c.obj
LOAD pico-sdk/src/rp2_common/cyw43_driver/cyw43_resource.o
LOAD /tmp/cc7SpwdT.o
LOAD /usr/lib/gcc/arm-none-eabi/10.3.1/../../../arm-none-eabi/lib/thumb/v6-m/nofp/libstdc++.a
LOAD /usr/lib/gcc/arm-none-eabi/10.3.1/../../../arm-none-eabi/lib/thumb/v6-m/nofp/libm.a
START GROUP
LOAD /usr/lib/gcc/arm-none-eabi/10.3.1/thumb/v6-m/nofp/libgcc.a
LOAD /usr/lib/gcc/arm-none-eabi/10.3.1/../../../arm-none-eabi/lib/thumb/v6-m/nofp/libg.a
LOAD /usr/lib/gcc/arm-none-eabi/10.3.1/../../../arm-none-eabi/lib/thumb/v6-m/nofp/libc.a
END GROUP
START GROUP
LOAD /usr/lib/gcc/arm-none-eabi/10.3.1/thumb/v6-m/nofp/libgcc.a
LOAD /usr/lib/gcc/arm-none-eabi/10.3.1/../../../arm-none-eabi/lib/thumb/v6-m/nofp/libc.a
LOAD /usr/lib/gcc/arm-none-eabi/10.3.1/../../../arm-none-eabi/lib/thumb/v6-m/nofp/libnosys.a
END GROUP
LOAD /usr/lib/gcc/arm-none-eabi/10.3.1/thumb/v6-m/nofp/crtend.o
LOAD /usr/lib/gcc/arm-none-eabi/10.3.1/thumb/v6-m/nofp/crtn.o
OUTPUT(MuKOB.elf elf32-littlearm)
LOAD linker stubs

.ARM.attributes
                0x0000000000000000       0x28
 .ARM.attributes
                0x0000000000000000       0x1e /usr/lib/gcc/arm-none-eabi/10.3.1/thumb/v6-m/nofp/crti.o
 .ARM.attributes
                0x000000000000001e       0x2c /usr/lib/gcc/arm-none-eabi/10.3.1/thumb/v6-m/nofp/crtbegin.o
 .ARM.attributes
                0x000000000000004a       0x2c CMakeFiles/MuKOB.dir/MuKOB.c.obj
 .ARM.attributes
                0x0000000000000076       0x2c CMakeFiles/MuKOB.dir/home/ed/code/pico/pico-sdk/src/rp2_common/hardware_gpio/gpio.c.obj
 .ARM.attributes
                0x00000000000000a2       0x2c CMakeFiles/MuKOB.dir/home/ed/code/pico/pico-sdk/src/rp2_common/hardware_claim/claim.c.obj
 .ARM.attributes
                0x00000000000000ce       0x2c CMakeFiles/MuKOB.dir/home/ed/code/pico/pico-sdk/src/rp2_common/pico_platform/platform.c.obj
 .ARM.attributes
                0x00000000000000fa       0x2c CMakeFiles/MuKOB.dir/home/ed/code/pico/pico-sdk/src/rp2_common/hardware_sync/sync.c.obj
 .ARM.attributes
                0x0000000000000126       0x2c CMakeFiles/MuKOB.dir/home/ed/code/pico/pico-sdk/src/rp2_common/hardware_irq/irq.c.obj
 .ARM.attributes
                0x0000000000000152       0x22 CMakeFiles/MuKOB.dir/home/ed/code/pico/pico-sdk/src/rp2_common/hardware_irq/irq_handler_chain.S.obj
 .ARM.attributes
                0x0000000000000174       0x2c CMakeFiles/MuKOB.dir/home/ed/code/pico/pico-sdk/src/common/pico_sync/lock_core.c.obj
 .ARM.attributes
                0x00000000000001a0       0x2c CMakeFiles/MuKOB.dir/home/ed/code/pico/pico-sdk/src/common/pico_time/time.c.obj
 .ARM.attributes
                0x00000000000001cc       0x2c CMakeFiles/MuKOB.dir/home/ed/code/pico/pico-sdk/src/rp2_common/hardware_timer/timer.c.obj
 .ARM.attributes
                0x00000000000001f8       0x2c CMakeFiles/MuKOB.dir/home/ed/code/pico/pico-sdk/src/common/pico_util/pheap.c.obj
 .ARM.attributes
                0x0000000000000224       0x2c CMakeFiles/MuKOB.dir/home/ed/code/pico/pico-sdk/src/common/pico_sync/mutex.c.obj
 .ARM.attributes
                0x0000000000000250       0x2c CMakeFiles/MuKOB.dir/home/ed/code/pico/pico-sdk/src/rp2_common/hardware_uart/uart.c.obj
 .ARM.attributes
                0x000000000000027c       0x2c CMakeFiles/MuKOB.dir/home/ed/code/pico/pico-sdk/src/rp2_common/pico_runtime/runtime.c.obj
 .ARM.attributes
                0x00000000000002a8       0x2c CMakeFiles/MuKOB.dir/home/ed/code/pico/pico-sdk/src/rp2_common/hardware_clocks/clocks.c.obj
 .ARM.attributes
                0x00000000000002d4       0x2c CMakeFiles/MuKOB.dir/home/ed/code/pico/pico-sdk/src/rp2_common/hardware_pll/pll.c.obj
 .ARM.attributes
                0x0000000000000300       0x2c CMakeFiles/MuKOB.dir/home/ed/code/pico/pico-sdk/src/rp2_common/hardware_watchdog/watchdog.c.obj
 .ARM.attributes
                0x000000000000032c       0x2c CMakeFiles/MuKOB.dir/home/ed/code/pico/pico-sdk/src/rp2_common/hardware_xosc/xosc.c.obj
 .ARM.attributes
                0x0000000000000358       0x2c CMakeFiles/MuKOB.dir/home/ed/code/pico/pico-sdk/src/rp2_common/pico_printf/printf.c.obj
 .ARM.attributes
                0x0000000000000384       0x22 CMakeFiles/MuKOB.dir/home/ed/code/pico/pico-sdk/src/rp2_common/pico_bit_ops/bit_ops_aeabi.S.obj
 .ARM.attributes
                0x00000000000003a6       0x2c CMakeFiles/MuKOB.dir/home/ed/code/pico/pico-sdk/src/rp2_common/pico_bootrom/bootrom.c.obj
 .ARM.attributes
                0x00000000000003d2       0x22 CMakeFiles/MuKOB.dir/home/ed/code/pico/pico-sdk/src/rp2_common/pico_divider/divider.S.obj
 .ARM.attributes
                0x00000000000003f4       0x22 CMakeFiles/MuKOB.dir/home/ed/code/pico/pico-sdk/src/rp2_common/pico_double/double_aeabi.S.obj
 .ARM.attributes
                0x0000000000000416       0x2c CMakeFiles/MuKOB.dir/home/ed/code/pico/pico-sdk/src/rp2_common/pico_double/double_init_rom.c.obj
 .ARM.attributes
                0x0000000000000442       0x22 CMakeFiles/MuKOB.dir/home/ed/code/pico/pico-sdk/src/rp2_common/pico_double/double_v1_rom_shim.S.obj
 .ARM.attributes
                0x0000000000000464       0x22 CMakeFiles/MuKOB.dir/home/ed/code/pico/pico-sdk/src/rp2_common/pico_int64_ops/pico_int64_ops_aeabi.S.obj
 .ARM.attributes
                0x0000000000000486       0x22 CMakeFiles/MuKOB.dir/home/ed/code/pico/pico-sdk/src/rp2_common/pico_float/float_aeabi.S.obj
 .ARM.attributes
                0x00000000000004a8       0x2c CMakeFiles/MuKOB.dir/home/ed/code/pico/pico-sdk/src/rp2_common/pico_float/float_init_rom.c.obj
 .ARM.attributes
                0x00000000000004d4       0x2c CMakeFiles/MuKOB.dir/home/ed/code/pico/pico-sdk/src/rp2_common/pico_malloc/pico_malloc.c.obj
 .ARM.attributes
                0x0000000000000500       0x22 CMakeFiles/MuKOB.dir/home/ed/code/pico/pico-sdk/src/rp2_common/pico_mem_ops/mem_ops_aeabi.S.obj
 .ARM.attributes
                0x0000000000000522       0x22 CMakeFiles/MuKOB.dir/home/ed/code/pico/pico-sdk/src/rp2_common/pico_standard_link/crt0.S.obj
 .ARM.attributes
                0x0000000000000544       0x32 CMakeFiles/MuKOB.dir/home/ed/code/pico/pico-sdk/src/rp2_common/pico_standard_link/binary_info.c.obj
 .ARM.attributes
                0x0000000000000576       0x2c CMakeFiles/MuKOB.dir/home/ed/code/pico/pico-sdk/src/rp2_common/pico_stdio/stdio.c.obj
 .ARM.attributes
                0x00000000000005a2       0x2c CMakeFiles/MuKOB.dir/home/ed/code/pico/pico-sdk/src/rp2_common/pico_stdio_uart/stdio_uart.c.obj
 .ARM.attributes
                0x00000000000005ce       0x2c CMakeFiles/MuKOB.dir/lib/oled1306_i2c/oled1306_i2c.c.obj
 .ARM.attributes
                0x00000000000005fa       0x32 CMakeFiles/MuKOB.dir/lib/oled1306_i2c/font.c.obj
 .ARM.attributes
                0x000000000000062c       0x2c CMakeFiles/MuKOB.dir/home/ed/code/pico/pico-sdk/src/rp2_common/hardware_spi/spi.c.obj
 .ARM.attributes
                0x0000000000000658       0x2c CMakeFiles/MuKOB.dir/home/ed/code/pico/pico-sdk/src/rp2_common/hardware_i2c/i2c.c.obj
 .ARM.attributes
                0x0000000000000684       0x2c CMakeFiles/MuKOB.dir/home/ed/code/pico/pico-sdk/src/rp2_common/pico_unique_id/unique_id.c.obj
 .ARM.attributes
                0x00000000000006b0       0x2c CMakeFiles/MuKOB.dir/home/ed/code/pico/pico-sdk/src/rp2_common/hardware_flash/flash.c.obj
 .ARM.attributes
                0x00000000000006dc       0x22 /tmp/cc7SpwdT.o
 .ARM.attributes
                0x00000000000006fe       0x1e /usr/lib/gcc/arm-none-eabi/10.3.1/thumb/v6-m/nofp/libgcc.a(_dvmd_tls.o)
 .ARM.attributes
                0x000000000000071c       0x2c /usr/lib/gcc/arm-none-eabi/10.3.1/../../../arm-none-eabi/lib/thumb/v6-m/nofp/libg.a(lib_a-impure.o)
 .ARM.attributes
                0x0000000000000748       0x2c /usr/lib/gcc/arm-none-eabi/10.3.1/../../../arm-none-eabi/lib/thumb/v6-m/nofp/libg.a(lib_a-malloc.o)
 .ARM.attributes
                0x0000000000000774       0x2c /usr/lib/gcc/arm-none-eabi/10.3.1/../../../arm-none-eabi/lib/thumb/v6-m/nofp/libg.a(lib_a-mallocr.o)
 .ARM.attributes
                0x00000000000007a0       0x2c /usr/lib/gcc/arm-none-eabi/10.3.1/../../../arm-none-eabi/lib/thumb/v6-m/nofp/libg.a(lib_a-mlock.o)
 .ARM.attributes
                0x00000000000007cc       0x2c /usr/lib/gcc/arm-none-eabi/10.3.1/../../../arm-none-eabi/lib/thumb/v6-m/nofp/libg.a(lib_a-sbrkr.o)
 .ARM.attributes
                0x00000000000007f8       0x2c /usr/lib/gcc/arm-none-eabi/10.3.1/../../../arm-none-eabi/lib/thumb/v6-m/nofp/libg.a(lib_a-strlen-stub.o)
 .ARM.attributes
                0x0000000000000824       0x2c /usr/lib/gcc/arm-none-eabi/10.3.1/../../../arm-none-eabi/lib/thumb/v6-m/nofp/libg.a(lib_a-freer.o)
 .ARM.attributes
                0x0000000000000850       0x2c /usr/lib/gcc/arm-none-eabi/10.3.1/../../../arm-none-eabi/lib/thumb/v6-m/nofp/libg.a(lib_a-reent.o)
 .ARM.attributes
                0x000000000000087c       0x2c /usr/lib/gcc/arm-none-eabi/10.3.1/thumb/v6-m/nofp/crtend.o

.comment        0x0000000000000000       0x33
 .comment       0x0000000000000000       0x33 /usr/lib/gcc/arm-none-eabi/10.3.1/thumb/v6-m/nofp/crtbegin.o
                                         0x34 (size before relaxing)
 .comment       0x0000000000000033       0x34 CMakeFiles/MuKOB.dir/MuKOB.c.obj
 .comment       0x0000000000000033       0x34 CMakeFiles/MuKOB.dir/home/ed/code/pico/pico-sdk/src/rp2_common/hardware_gpio/gpio.c.obj