Archive member included to satisfy reference by file (symbol)

/usr/lib/gcc/arm-none-eabi/10.3.1/thumb/v6-m/nofp/libgcc.a(_dvmd_tls.o)
                              CMakeFiles/MuKOB.dir/home/ed/code/pico/pico-sdk/src/rp2_common/pico_divider/divider.S.obj (__aeabi_idiv0)
/usr/lib/gcc/arm-none-eabi/10.3.1/../../../arm-none-eabi/lib/thumb/v6-m/nofp/libg.a(lib_a-atexit.o)
                              /usr/lib/gcc/arm-none-eabi/10.3.1/../../../arm-none-eabi/lib/thumb/v6-m/nofp/crt0.o (atexit)
/usr/lib/gcc/arm-none-eabi/10.3.1/../../../arm-none-eabi/lib/thumb/v6-m/nofp/libg.a(lib_a-atoi.o)
                              CMakeFiles/MuKOB.dir/home/ed/code/pico/pico-sdk/lib/lwip/src/core/netif.c.obj (atoi)
/usr/lib/gcc/arm-none-eabi/10.3.1/../../../arm-none-eabi/lib/thumb/v6-m/nofp/libg.a(lib_a-calloc.o)
                              CMakeFiles/MuKOB.dir/home/ed/code/pico/pico-sdk/src/rp2_common/pico_malloc/pico_malloc.c.obj (calloc)
/usr/lib/gcc/arm-none-eabi/10.3.1/../../../arm-none-eabi/lib/thumb/v6-m/nofp/libg.a(lib_a-callocr.o)
                              /usr/lib/gcc/arm-none-eabi/10.3.1/../../../arm-none-eabi/lib/thumb/v6-m/nofp/libg.a(lib_a-calloc.o) (_calloc_r)
/usr/lib/gcc/arm-none-eabi/10.3.1/../../../arm-none-eabi/lib/thumb/v6-m/nofp/libg.a(lib_a-ctype_.o)
                              CMakeFiles/MuKOB.dir/home/ed/code/pico/pico-sdk/lib/lwip/src/core/dns.c.obj (_ctype_)
/usr/lib/gcc/arm-none-eabi/10.3.1/../../../arm-none-eabi/lib/thumb/v6-m/nofp/libg.a(lib_a-errno.o)
                              CMakeFiles/MuKOB.dir/lib/sd_card/src/ff_stdio.c.obj (__errno)
/usr/lib/gcc/arm-none-eabi/10.3.1/../../../arm-none-eabi/lib/thumb/v6-m/nofp/libg.a(lib_a-fflush.o)
                              CMakeFiles/MuKOB.dir/lib/sd_card/sd_driver/demo_logging.c.obj (fflush)
/usr/lib/gcc/arm-none-eabi/10.3.1/../../../arm-none-eabi/lib/thumb/v6-m/nofp/libg.a(lib_a-findfp.o)
                              /usr/lib/gcc/arm-none-eabi/10.3.1/../../../arm-none-eabi/lib/thumb/v6-m/nofp/libg.a(lib_a-fflush.o) (__sinit)
/usr/lib/gcc/arm-none-eabi/10.3.1/../../../arm-none-eabi/lib/thumb/v6-m/nofp/libg.a(lib_a-fini.o)
                              /usr/lib/gcc/arm-none-eabi/10.3.1/../../../arm-none-eabi/lib/thumb/v6-m/nofp/crt0.o (__libc_fini_array)
/usr/lib/gcc/arm-none-eabi/10.3.1/../../../arm-none-eabi/lib/thumb/v6-m/nofp/libg.a(lib_a-freer.o)
                              /usr/lib/gcc/arm-none-eabi/10.3.1/../../../arm-none-eabi/lib/thumb/v6-m/nofp/libg.a(lib_a-fflush.o) (_free_r)
/usr/lib/gcc/arm-none-eabi/10.3.1/../../../arm-none-eabi/lib/thumb/v6-m/nofp/libg.a(lib_a-fwalk.o)
                              /usr/lib/gcc/arm-none-eabi/10.3.1/../../../arm-none-eabi/lib/thumb/v6-m/nofp/libg.a(lib_a-findfp.o) (_fwalk)
/usr/lib/gcc/arm-none-eabi/10.3.1/../../../arm-none-eabi/lib/thumb/v6-m/nofp/libg.a(lib_a-impure.o)
                              /usr/lib/gcc/arm-none-eabi/10.3.1/../../../arm-none-eabi/lib/thumb/v6-m/nofp/libg.a(lib_a-fflush.o) (_global_impure_ptr)
/usr/lib/gcc/arm-none-eabi/10.3.1/../../../arm-none-eabi/lib/thumb/v6-m/nofp/libg.a(lib_a-init.o)
                              /usr/lib/gcc/arm-none-eabi/10.3.1/../../../arm-none-eabi/lib/thumb/v6-m/nofp/crt0.o (__libc_init_array)
/usr/lib/gcc/arm-none-eabi/10.3.1/../../../arm-none-eabi/lib/thumb/v6-m/nofp/libg.a(lib_a-malloc.o)
                              CMakeFiles/MuKOB.dir/home/ed/code/pico/pico-sdk/src/rp2_common/pico_malloc/pico_malloc.c.obj (malloc)
/usr/lib/gcc/arm-none-eabi/10.3.1/../../../arm-none-eabi/lib/thumb/v6-m/nofp/libg.a(lib_a-mallocr.o)
                              /usr/lib/gcc/arm-none-eabi/10.3.1/../../../arm-none-eabi/lib/thumb/v6-m/nofp/libg.a(lib_a-callocr.o) (_malloc_r)
/usr/lib/gcc/arm-none-eabi/10.3.1/../../../arm-none-eabi/lib/thumb/v6-m/nofp/libg.a(lib_a-memcmp.o)
                              CMakeFiles/MuKOB.dir/home/ed/code/pico/pico-sdk/lib/cyw43-driver/src/cyw43_ll.c.obj (memcmp)
/usr/lib/gcc/arm-none-eabi/10.3.1/../../../arm-none-eabi/lib/thumb/v6-m/nofp/libg.a(lib_a-memmove.o)
                              CMakeFiles/MuKOB.dir/ui/display/ili9341_spi/display_ili9341.c.obj (memmove)
/usr/lib/gcc/arm-none-eabi/10.3.1/../../../arm-none-eabi/lib/thumb/v6-m/nofp/libg.a(lib_a-mktime.o)
                              CMakeFiles/MuKOB.dir/lib/sd_card/src/rtc.c.obj (mktime)
/usr/lib/gcc/arm-none-eabi/10.3.1/../../../arm-none-eabi/lib/thumb/v6-m/nofp/libg.a(lib_a-mlock.o)
                              /usr/lib/gcc/arm-none-eabi/10.3.1/../../../arm-none-eabi/lib/thumb/v6-m/nofp/libg.a(lib_a-freer.o) (__malloc_lock)
/usr/lib/gcc/arm-none-eabi/10.3.1/../../../arm-none-eabi/lib/thumb/v6-m/nofp/libg.a(lib_a-realloc.o)
                              CMakeFiles/MuKOB.dir/home/ed/code/pico/pico-sdk/src/rp2_common/pico_malloc/pico_malloc.c.obj (realloc)
/usr/lib/gcc/arm-none-eabi/10.3.1/../../../arm-none-eabi/lib/thumb/v6-m/nofp/libg.a(lib_a-reallocr.o)
[...]
Memory Configuration

Name             Origin             Length             Attributes
FLASH            0x0000000010000000 0x0000000000200000 xr
RAM              0x0000000020000000 0x0000000000040000 xrw
SCRATCH_X        0x0000000020040000 0x0000000000001000 xrw
SCRATCH_Y        0x0000000020041000 0x0000000000001000 xrw
*default*        0x0000000000000000 0xffffffffffffffff

Linker script and memory map

LOAD /usr/lib/gcc/arm-none-eabi/10.3.1/thumb/v6-m/nofp/crti.o
LOAD /usr/lib/gcc/arm-none-eabi/10.3.1/thumb/v6-m/nofp/crtbegin.o
LOAD /usr/lib/gcc/arm-none-eabi/10.3.1/../../../arm-none-eabi/lib/thumb/v6-m/nofp/crt0.o

.flash_begin    0x0000000010000000        0x0
                0x0000000010000000                __flash_binary_start = .

.boot2          0x0000000010000000      0x100
                0x0000000010000000                __boot2_start__ = .
 *(.boot2)
 .boot2         0x0000000010000000      0x100 /tmp/ccjiJgmT.o
                0x0000000010000100                __boot2_end__ = .
                0x0000000000000001                ASSERT (((__boot2_end__ - __boot2_start__) == 0x100), ERROR: Pico second stage bootloader must be 256 bytes in size)

.text           0x0000000010000100    0x201a8
                0x0000000010000100                __logical_binary_start = .
 *(.vectors)
 .vectors       0x0000000010000100       0xd4 CMakeFiles/MuKOB.dir/home/ed/code/pico/pico-sdk/src/rp2_common/pico_standard_link/crt0.S.obj
                0x0000000010000100                __vectors
                0x0000000010000100                __VECTOR_TABLE
                0x00000000100001c0                isr_invalid
                0x00000000100001c0                __default_isrs_start
                0x00000000100001c2                isr_nmi
                0x00000000100001c4                isr_hardfault
                0x00000000100001c6                isr_svcall
                0x00000000100001c8                isr_pendsv
                0x00000000100001ca                isr_systick
                0x00000000100001cc                isr_irq30
                0x00000000100001cc                __unhandled_user_irq
                0x00000000100001cc                isr_irq13
                0x00000000100001cc                isr_irq27
                0x00000000100001cc                isr_irq31
                0x00000000100001cc                isr_irq5
                0x00000000100001cc                isr_irq11
                0x00000000100001cc                isr_irq23
                0x00000000100001cc                isr_irq18
                0x00000000100001cc                isr_irq28
                0x00000000100001cc                isr_irq19
                0x00000000100001cc                isr_irq0
                0x00000000100001cc                isr_irq6
                0x00000000100001cc                isr_irq22
                0x00000000100001cc                isr_irq17
                0x00000000100001cc                isr_irq14
                0x00000000100001cc                isr_irq2
                0x00000000100001cc                isr_irq10
                0x00000000100001cc                isr_irq8
                0x00000000100001cc                isr_irq24
                0x00000000100001cc                isr_irq1
                0x00000000100001cc                isr_irq7
                0x00000000100001cc                isr_irq21
                0x00000000100001cc                isr_irq20
                0x00000000100001cc                isr_irq15
                0x00000000100001cc                isr_irq25
                0x00000000100001cc                isr_irq4
                0x00000000100001cc                isr_irq16
                0x00000000100001cc                isr_irq29
                0x00000000100001cc                isr_irq26
                0x00000000100001cc                __default_isrs_end
                0x00000000100001cc                isr_irq3
                0x00000000100001cc                isr_irq12
                0x00000000100001cc                isr_irq9
                0x00000000100001d2                unhandled_user_irq_num_in_r0
 *(.binary_info_header)
 .binary_info_header
                0x00000000100001d4       0x14 CMakeFiles/MuKOB.dir/home/ed/code/pico/pico-sdk/src/rp2_common/pico_standard_link/crt0.S.obj
                0x00000000100001e8                __binary_info_header_end = .
 *(.reset)
 .reset         0x00000000100001e8       0xa8 CMakeFiles/MuKOB.dir/home/ed/code/pico/pico-sdk/src/rp2_common/pico_standard_link/crt0.S.obj
                0x00000000100001e8                _entry_point
                0x0000000010000266                __get_current_exception
 .reset         0x0000000010000290       0x30 CMakeFiles/MuKOB.dir/home/ed/code/pico/pico-sdk/src/rp2_common/pico_standard_link/binary_info.c.obj
 *(.init)
 .init          0x00000000100002c0        0x4 /usr/lib/gcc/arm-none-eabi/10.3.1/thumb/v6-m/nofp/crti.o
                0x00000000100002c0                _init
 *(EXCLUDE_FILE(*libm.a: *libc.a:*lib_a-mem*.o *libgcc.a:) .text*)
 .text          0x00000000100002c4       0x98 /usr/lib/gcc/arm-none-eabi/10.3.1/thumb/v6-m/nofp/crtbegin.o
 .text.main     0x000000001000035c      0x158 CMakeFiles/MuKOB.dir/MuKOB.c.obj
                0x000000001000035c                main
 .text.gpio_pull_up
                0x00000000100004b4       0x1c CMakeFiles/MuKOB.dir/mukboard.c.obj
 .text.gpio_get
                0x00000000100004d0       0x26 CMakeFiles/MuKOB.dir/mukboard.c.obj
 .text.gpio_set_mask
                0x00000000100004f6       0x18 CMakeFiles/MuKOB.dir/mukboard.c.obj
 .text.gpio_clr_mask
                0x000000001000050e       0x18 CMakeFiles/MuKOB.dir/mukboard.c.obj
 .text.gpio_put
                0x0000000010000526       0x3a CMakeFiles/MuKOB.dir/mukboard.c.obj
 .text.gpio_set_dir_out_masked
                0x0000000010000560       0x18 CMakeFiles/MuKOB.dir/mukboard.c.obj
 .text.gpio_set_dir_in_masked
                0x0000000010000578       0x18 CMakeFiles/MuKOB.dir/mukboard.c.obj
 .text.gpio_set_dir
                0x0000000010000590       0x3a CMakeFiles/MuKOB.dir/mukboard.c.obj
 *fill*         0x00000000100005ca        0x2 
 .text.board_init
                0x00000000100005cc      0x1cc CMakeFiles/MuKOB.dir/mukboard.c.obj
                0x00000000100005cc                board_init
 .text.buzzer_beep
                0x0000000010000798       0x24 CMakeFiles/MuKOB.dir/mukboard.c.obj
                0x0000000010000798                buzzer_beep
 .text.buzzer_on
                0x00000000100007bc       0x20 CMakeFiles/MuKOB.dir/mukboard.c.obj
                0x00000000100007bc                buzzer_on
 .text.led_flash
                0x00000000100007dc       0x24 CMakeFiles/MuKOB.dir/mukboard.c.obj
                0x00000000100007dc                led_flash
 .text.led_on   0x0000000010000800       0x20 CMakeFiles/MuKOB.dir/mukboard.c.obj
                0x0000000010000800                led_on
 .text.led_on_off
                0x0000000010000820       0x5a CMakeFiles/MuKOB.dir/mukboard.c.obj
                0x0000000010000820                led_on_off
 *fill*         0x000000001000087a        0x2 
 .text.options_read
                0x000000001000087c       0xc0 CMakeFiles/MuKOB.dir/mukboard.c.obj
                0x000000001000087c                options_read
 .text.option_value
                0x000000001000093c       0x28 CMakeFiles/MuKOB.dir/mukboard.c.obj
                0x000000001000093c                option_value
 .text.spi_begin
                0x0000000010000964        0xa CMakeFiles/MuKOB.dir/spi_ops.c.obj
                0x0000000010000964                spi_begin
 .text.spi_end  0x000000001000096e        0xa CMakeFiles/MuKOB.dir/spi_ops.c.obj
                0x000000001000096e                spi_end
 .text.spi_read
                0x0000000010000978       0x38 CMakeFiles/MuKOB.dir/spi_ops.c.obj
                0x0000000010000978                spi_read
 .text.spi_write
                0x00000000100009b0       0x28 CMakeFiles/MuKOB.dir/spi_ops.c.obj
                0x00000000100009b0                spi_write
 .text.spi_write16
                0x00000000100009d8       0x58 CMakeFiles/MuKOB.dir/spi_ops.c.obj
                0x00000000100009d8                spi_write16
 .text.config_init
                0x0000000010000a30      0x140 CMakeFiles/MuKOB.dir/config/config.c.obj
                0x0000000010000a30                config_init
 .text.check_gpio_param
                0x0000000010000b70       0x10 CMakeFiles/MuKOB.dir/home/ed/code/pico/pico-sdk/src/rp2_common/hardware_gpio/gpio.c.obj
 .text.gpio_set_function
                0x0000000010000b80       0x6c CMakeFiles/MuKOB.dir/home/ed/code/pico/pico-sdk/src/rp2_common/hardware_gpio/gpio.c.obj
                0x0000000010000b80                gpio_set_function
 .text.gpio_set_pulls
                0x0000000010000bec       0x7c CMakeFiles/MuKOB.dir/home/ed/code/pico/pico-sdk/src/rp2_common/hardware_gpio/gpio.c.obj
                0x0000000010000bec                gpio_set_pulls
 .text.gpio_set_input_hysteresis_enabled
                0x0000000010000c68       0x68 CMakeFiles/MuKOB.dir/home/ed/code/pico/pico-sdk/src/rp2_common/hardware_gpio/gpio.c.obj
                0x0000000010000c68                gpio_set_input_hysteresis_enabled
 .text.gpio_set_drive_strength
                0x0000000010000cd0       0x5c CMakeFiles/MuKOB.dir/home/ed/code/pico/pico-sdk/src/rp2_common/hardware_gpio/gpio.c.obj
                0x0000000010000cd0                gpio_set_drive_strength
 .text._gpio_set_irq_enabled
                0x0000000010000d2c       0x74 CMakeFiles/MuKOB.dir/home/ed/code/pico/pico-sdk/src/rp2_common/hardware_gpio/gpio.c.obj
 .text.gpio_set_irq_enabled
                0x0000000010000da0       0x40 CMakeFiles/MuKOB.dir/home/ed/code/pico/pico-sdk/src/rp2_common/hardware_gpio/gpio.c.obj
                0x0000000010000da0                gpio_set_irq_enabled
 .text.gpio_add_raw_irq_handler_with_order_priority_masked
                0x0000000010000de0       0x68 CMakeFiles/MuKOB.dir/home/ed/code/pico/pico-sdk/src/rp2_common/hardware_gpio/gpio.c.obj
                0x0000000010000de0                gpio_add_raw_irq_handler_with_order_priority_masked
 .text.gpio_remove_raw_irq_handler_masked
                0x0000000010000e48       0x64 CMakeFiles/MuKOB.dir/home/ed/code/pico/pico-sdk/src/rp2_common/hardware_gpio/gpio.c.obj
                0x0000000010000e48                gpio_remove_raw_irq_handler_masked
 .text.gpio_acknowledge_irq
                0x0000000010000eac       0x38 CMakeFiles/MuKOB.dir/home/ed/code/pico/pico-sdk/src/rp2_common/hardware_gpio/gpio.c.obj
                0x0000000010000eac                gpio_acknowledge_irq
 .text.gpio_init
                0x0000000010000ee4       0x36 CMakeFiles/MuKOB.dir/home/ed/code/pico/pico-sdk/src/rp2_common/hardware_gpio/gpio.c.obj
                0x0000000010000ee4                gpio_init
 *fill*         0x0000000010000f1a        0x2 
 .text.hw_claim_lock
                0x0000000010000f1c       0x50 CMakeFiles/MuKOB.dir/home/ed/code/pico/pico-sdk/src/rp2_common/hardware_claim/claim.c.obj
                0x0000000010000f1c                hw_claim_lock
 .text.hw_claim_unlock
                0x0000000010000f6c       0x4c CMakeFiles/MuKOB.dir/home/ed/code/pico/pico-sdk/src/rp2_common/hardware_claim/claim.c.obj
                0x0000000010000f6c                hw_claim_unlock
 .text.hw_is_claimed
                0x0000000010000fb8       0x32 CMakeFiles/MuKOB.dir/home/ed/code/pico/pico-sdk/src/rp2_common/hardware_claim/claim.c.obj
                0x0000000010000fb8                hw_is_claimed
 .text.hw_claim_or_assert
                0x0000000010000fea       0x66 CMakeFiles/MuKOB.dir/home/ed/code/pico/pico-sdk/src/rp2_common/hardware_claim/claim.c.obj
                0x0000000010000fea                hw_claim_or_assert
 .text.hw_claim_unused_from_range
                0x0000000010001050       0xa6 CMakeFiles/MuKOB.dir/home/ed/code/pico/pico-sdk/src/rp2_common/hardware_claim/claim.c.obj
                0x0000000010001050                hw_claim_unused_from_range
 *fill*         0x00000000100010f6        0x2 
 .text.hw_claim_clear
                0x00000000100010f8       0x74 CMakeFiles/MuKOB.dir/home/ed/code/pico/pico-sdk/src/rp2_common/hardware_claim/claim.c.obj
                0x00000000100010f8                hw_claim_clear
 .text.running_on_fpga
                0x000000001000116c       0x1c CMakeFiles/MuKOB.dir/home/ed/code/pico/pico-sdk/src/rp2_common/pico_platform/platform.c.obj
                0x000000001000116c                running_on_fpga
 .text.spin_locks_reset
                0x0000000010001188       0x48 CMakeFiles/MuKOB.dir/home/ed/code/pico/pico-sdk/src/rp2_common/hardware_sync/sync.c.obj
                0x0000000010001188                spin_locks_reset
 .text.next_striped_spin_lock_num
                0x00000000100011d0       0x30 CMakeFiles/MuKOB.dir/home/ed/code/pico/pico-sdk/src/rp2_common/hardware_sync/sync.c.obj
                0x00000000100011d0                next_striped_spin_lock_num
 .text.check_irq_param
                0x0000000010001200       0x10 CMakeFiles/MuKOB.dir/home/ed/code/pico/pico-sdk/src/rp2_common/hardware_irq/irq.c.obj
 .text.get_vtable
                0x0000000010001210       0x14 CMakeFiles/MuKOB.dir/home/ed/code/pico/pico-sdk/src/rp2_common/hardware_irq/irq.c.obj
 .text.add_thumb_bit
                0x0000000010001224       0x16 CMakeFiles/MuKOB.dir/home/ed/code/pico/pico-sdk/src/rp2_common/hardware_irq/irq.c.obj
 .text.remove_thumb_bit
                0x000000001000123a       0x16 CMakeFiles/MuKOB.dir/home/ed/code/pico/pico-sdk/src/rp2_common/hardware_irq/irq.c.obj
 .text.set_raw_irq_handler_and_unlock
                0x0000000010001250       0x68 CMakeFiles/MuKOB.dir/home/ed/code/pico/pico-sdk/src/rp2_common/hardware_irq/irq.c.obj
 .text.irq_set_enabled
                0x00000000100012b8       0x30 CMakeFiles/MuKOB.dir/home/ed/code/pico/pico-sdk/src/rp2_common/hardware_irq/irq.c.obj
                0x00000000100012b8                irq_set_enabled
 .text.irq_is_enabled
                0x00000000100012e8       0x30 CMakeFiles/MuKOB.dir/home/ed/code/pico/pico-sdk/src/rp2_common/hardware_irq/irq.c.obj
                0x00000000100012e8                irq_is_enabled
 .text.irq_set_mask_enabled
                0x0000000010001318       0x40 CMakeFiles/MuKOB.dir/home/ed/code/pico/pico-sdk/src/rp2_common/hardware_irq/irq.c.obj
                0x0000000010001318                irq_set_mask_enabled
 .text.irq_set_pending
                0x0000000010001358       0x28 CMakeFiles/MuKOB.dir/home/ed/code/pico/pico-sdk/src/rp2_common/hardware_irq/irq.c.obj
                0x0000000010001358                irq_set_pending
 .text.is_shared_irq_raw_handler
                0x0000000010001380       0x24 CMakeFiles/MuKOB.dir/home/ed/code/pico/pico-sdk/src/rp2_common/hardware_irq/irq.c.obj
 .text.irq_get_vtable_handler
                0x00000000100013a4       0x28 CMakeFiles/MuKOB.dir/home/ed/code/pico/pico-sdk/src/rp2_common/hardware_irq/irq.c.obj
                0x00000000100013a4                irq_get_vtable_handler
 .text.irq_set_exclusive_handler
                0x00000000100013cc       0xa4 CMakeFiles/MuKOB.dir/home/ed/code/pico/pico-sdk/src/rp2_common/hardware_irq/irq.c.obj
                0x00000000100013cc                irq_set_exclusive_handler
 .text.make_branch
                0x0000000010001470       0x74 CMakeFiles/MuKOB.dir/home/ed/code/pico/pico-sdk/src/rp2_common/hardware_irq/irq.c.obj
 .text.insert_branch_and_link
                0x00000000100014e4       0x74 CMakeFiles/MuKOB.dir/home/ed/code/pico/pico-sdk/src/rp2_common/hardware_irq/irq.c.obj
 .text.resolve_branch
                0x0000000010001558       0x5c CMakeFiles/MuKOB.dir/home/ed/code/pico/pico-sdk/src/rp2_common/hardware_irq/irq.c.obj
 .text.slot_diff
                0x00000000100015b4       0x30 CMakeFiles/MuKOB.dir/home/ed/code/pico/pico-sdk/src/rp2_common/hardware_irq/irq.c.obj
 .text.get_slot_index
                0x00000000100015e4       0x24 CMakeFiles/MuKOB.dir/home/ed/code/pico/pico-sdk/src/rp2_common/hardware_irq/irq.c.obj
 .text.irq_add_shared_handler
                0x0000000010001608      0x2d4 CMakeFiles/MuKOB.dir/home/ed/code/pico/pico-sdk/src/rp2_common/hardware_irq/irq.c.obj
                0x0000000010001608                irq_add_shared_handler
 .text.irq_remove_handler
                0x00000000100018dc      0x24c CMakeFiles/MuKOB.dir/home/ed/code/pico/pico-sdk/src/rp2_common/hardware_irq/irq.c.obj
                0x00000000100018dc                irq_remove_handler
 .text.irq_set_priority
                0x0000000010001b28       0x5c CMakeFiles/MuKOB.dir/home/ed/code/pico/pico-sdk/src/rp2_common/hardware_irq/irq.c.obj
                0x0000000010001b28                irq_set_priority
 .text.irq_add_tail_to_free_list
                0x0000000010001b84      0x1b4 CMakeFiles/MuKOB.dir/home/ed/code/pico/pico-sdk/src/rp2_common/hardware_irq/irq.c.obj
                0x0000000010001b84                irq_add_tail_to_free_list
 .text.irq_init_priorities
                0x0000000010001d38       0x3c CMakeFiles/MuKOB.dir/home/ed/code/pico/pico-sdk/src/rp2_common/hardware_irq/irq.c.obj
                0x0000000010001d38                irq_init_priorities
 .text.get_user_irq_claim_index
                0x0000000010001d74       0x16 CMakeFiles/MuKOB.dir/home/ed/code/pico/pico-sdk/src/rp2_common/hardware_irq/irq.c.obj
 *fill*         0x0000000010001d8a        0x2 
 .text.user_irq_unclaim
                0x0000000010001d8c       0x30 CMakeFiles/MuKOB.dir/home/ed/code/pico/pico-sdk/src/rp2_common/hardware_irq/irq.c.obj
                0x0000000010001d8c                user_irq_unclaim
 .text.user_irq_claim_unused
                0x0000000010001dbc       0x4c CMakeFiles/MuKOB.dir/home/ed/code/pico/pico-sdk/src/rp2_common/hardware_irq/irq.c.obj
                0x0000000010001dbc                user_irq_claim_unused
 .text.to_us_since_boot
                0x0000000010001e08       0x18 CMakeFiles/MuKOB.dir/home/ed/code/pico/pico-sdk/src/common/pico_sync/sem.c.obj
 .text.update_us_since_boot
                0x0000000010001e20       0x40 CMakeFiles/MuKOB.dir/home/ed/code/pico/pico-sdk/src/common/pico_sync/sem.c.obj
 .text.get_absolute_time
                0x0000000010001e60       0x2c CMakeFiles/MuKOB.dir/home/ed/code/pico/pico-sdk/src/common/pico_sync/sem.c.obj
 .text.delayed_by_us
                0x0000000010001e8c       0x72 CMakeFiles/MuKOB.dir/home/ed/code/pico/pico-sdk/src/common/pico_sync/sem.c.obj
 .text.delayed_by_ms
                0x0000000010001efe       0x8c CMakeFiles/MuKOB.dir/home/ed/code/pico/pico-sdk/src/common/pico_sync/sem.c.obj
 .text.make_timeout_time_us
                0x0000000010001f8a       0x36 CMakeFiles/MuKOB.dir/home/ed/code/pico/pico-sdk/src/common/pico_sync/sem.c.obj
 .text.make_timeout_time_ms
                0x0000000010001fc0       0x2a CMakeFiles/MuKOB.dir/home/ed/code/pico/pico-sdk/src/common/pico_sync/sem.c.obj
 .text.sem_init
                0x0000000010001fea       0x48 CMakeFiles/MuKOB.dir/home/ed/code/pico/pico-sdk/src/common/pico_sync/sem.c.obj
                0x0000000010001fea                sem_init
 *fill*         0x0000000010002032        0x2 
 .text.lock_init
                0x0000000010002034       0x2c CMakeFiles/MuKOB.dir/home/ed/code/pico/pico-sdk/src/common/pico_sync/lock_core.c.obj
                0x0000000010002034                lock_init
 .text.to_us_since_boot
                0x0000000010002060       0x18 CMakeFiles/MuKOB.dir/home/ed/code/pico/pico-sdk/src/common/pico_time/time.c.obj
 .text.update_us_since_boot
                0x0000000010002078       0x40 CMakeFiles/MuKOB.dir/home/ed/code/pico/pico-sdk/src/common/pico_time/time.c.obj
 .text.time_reached
                0x00000000100020b8       0x64 CMakeFiles/MuKOB.dir/home/ed/code/pico/pico-sdk/src/common/pico_time/time.c.obj
 .text.get_absolute_time
                0x000000001000211c       0x2c CMakeFiles/MuKOB.dir/home/ed/code/pico/pico-sdk/src/common/pico_time/time.c.obj
 .text.delayed_by_us
                0x0000000010002148       0x72 CMakeFiles/MuKOB.dir/home/ed/code/pico/pico-sdk/src/common/pico_time/time.c.obj
 .text.make_timeout_time_us
                0x00000000100021ba       0x36 CMakeFiles/MuKOB.dir/home/ed/code/pico/pico-sdk/src/common/pico_time/time.c.obj
 .text.absolute_time_diff_us
                0x00000000100021f0       0x40 CMakeFiles/MuKOB.dir/home/ed/code/pico/pico-sdk/src/common/pico_time/time.c.obj
 .text.add_alarm_at
                0x0000000010002230       0x34 CMakeFiles/MuKOB.dir/home/ed/code/pico/pico-sdk/src/common/pico_time/time.c.obj
 .text.cancel_alarm
                0x0000000010002264       0x22 CMakeFiles/MuKOB.dir/home/ed/code/pico/pico-sdk/src/common/pico_time/time.c.obj
 *fill*         0x0000000010002286        0x2 
 .text.ph_get_node
                0x0000000010002288       0x54 CMakeFiles/MuKOB.dir/home/ed/code/pico/pico-sdk/src/common/pico_time/time.c.obj
 .text.ph_add_child_node
                0x00000000100022dc       0xc4 CMakeFiles/MuKOB.dir/home/ed/code/pico/pico-sdk/src/common/pico_time/time.c.obj
 .text.ph_merge_nodes
                0x00000000100023a0       0x7e CMakeFiles/MuKOB.dir/home/ed/code/pico/pico-sdk/src/common/pico_time/time.c.obj
 .text.ph_new_node
                0x000000001000241e       0x6a CMakeFiles/MuKOB.dir/home/ed/code/pico/pico-sdk/src/common/pico_time/time.c.obj
 .text.ph_insert_node
                0x0000000010002488       0x7c CMakeFiles/MuKOB.dir/home/ed/code/pico/pico-sdk/src/common/pico_time/time.c.obj
 .text.ph_peek_head
                0x0000000010002504       0x14 CMakeFiles/MuKOB.dir/home/ed/code/pico/pico-sdk/src/common/pico_time/time.c.obj
 .text.ph_contains_node
                0x0000000010002518       0x46 CMakeFiles/MuKOB.dir/home/ed/code/pico/pico-sdk/src/common/pico_time/time.c.obj
 *fill*         0x000000001000255e        0x2 
 .text.ph_free_node
                0x0000000010002560       0x70 CMakeFiles/MuKOB.dir/home/ed/code/pico/pico-sdk/src/common/pico_time/time.c.obj
 .text.default_alarm_pool_initialized
                0x00000000100025d0       0x18 CMakeFiles/MuKOB.dir/home/ed/code/pico/pico-sdk/src/common/pico_time/time.c.obj
 .text.get_entry
                0x00000000100025e8       0x5c CMakeFiles/MuKOB.dir/home/ed/code/pico/pico-sdk/src/common/pico_time/time.c.obj
 .text.get_entry_id_high
                0x0000000010002644       0x50 CMakeFiles/MuKOB.dir/home/ed/code/pico/pico-sdk/src/common/pico_time/time.c.obj
 .text.timer_pool_entry_comparator
                0x0000000010002694       0x76 CMakeFiles/MuKOB.dir/home/ed/code/pico/pico-sdk/src/common/pico_time/time.c.obj
                0x0000000010002694                timer_pool_entry_comparator
 .text.make_public_id
                0x000000001000270a       0x26 CMakeFiles/MuKOB.dir/home/ed/code/pico/pico-sdk/src/common/pico_time/time.c.obj
 .text.alarm_pool_init_default
                0x0000000010002730       0x4c CMakeFiles/MuKOB.dir/home/ed/code/pico/pico-sdk/src/common/pico_time/time.c.obj
                0x0000000010002730                alarm_pool_init_default
 .text.alarm_pool_get_default
                0x000000001000277c       0x30 CMakeFiles/MuKOB.dir/home/ed/code/pico/pico-sdk/src/common/pico_time/time.c.obj
                0x000000001000277c                alarm_pool_get_default
 .text.add_alarm_under_lock
                0x00000000100027ac      0x128 CMakeFiles/MuKOB.dir/home/ed/code/pico/pico-sdk/src/common/pico_time/time.c.obj
 .text.alarm_pool_alarm_callback
                0x00000000100028d4      0x414 CMakeFiles/MuKOB.dir/home/ed/code/pico/pico-sdk/src/common/pico_time/time.c.obj
 .text.alarm_pool_post_alloc_init
                0x0000000010002ce8       0x64 CMakeFiles/MuKOB.dir/home/ed/code/pico/pico-sdk/src/common/pico_time/time.c.obj
 .text.alarm_pool_add_alarm_at
                0x0000000010002d4c      0x192 CMakeFiles/MuKOB.dir/home/ed/code/pico/pico-sdk/src/common/pico_time/time.c.obj
                0x0000000010002d4c                alarm_pool_add_alarm_at
 *fill*         0x0000000010002ede        0x2 
 .text.alarm_pool_cancel_alarm
                0x0000000010002ee0      0x128 CMakeFiles/MuKOB.dir/home/ed/code/pico/pico-sdk/src/common/pico_time/time.c.obj
                0x0000000010002ee0                alarm_pool_cancel_alarm
 .text.sleep_until_callback
                0x0000000010003008       0x80 CMakeFiles/MuKOB.dir/home/ed/code/pico/pico-sdk/src/common/pico_time/time.c.obj
 .text.sleep_until
                0x0000000010003088      0x148 CMakeFiles/MuKOB.dir/home/ed/code/pico/pico-sdk/src/common/pico_time/time.c.obj
                0x0000000010003088                sleep_until
 .text.sleep_us
                0x00000000100031d0       0x2c CMakeFiles/MuKOB.dir/home/ed/code/pico/pico-sdk/src/common/pico_time/time.c.obj
                0x00000000100031d0                sleep_us
 .text.sleep_ms
                0x00000000100031fc       0x32 CMakeFiles/MuKOB.dir/home/ed/code/pico/pico-sdk/src/common/pico_time/time.c.obj
                0x00000000100031fc                sleep_ms
 *fill*         0x000000001000322e        0x2 
 .text.best_effort_wfe_or_timeout
                0x0000000010003230       0x5c CMakeFiles/MuKOB.dir/home/ed/code/pico/pico-sdk/src/common/pico_time/time.c.obj
                0x0000000010003230                best_effort_wfe_or_timeout
 .text.to_us_since_boot
                0x000000001000328c       0x18 CMakeFiles/MuKOB.dir/home/ed/code/pico/pico-sdk/src/rp2_common/hardware_timer/timer.c.obj
 .text.update_us_since_boot
                0x00000000100032a4       0x40 CMakeFiles/MuKOB.dir/home/ed/code/pico/pico-sdk/src/rp2_common/hardware_timer/timer.c.obj
 .text.check_hardware_alarm_num_param
                0x00000000100032e4       0x10 CMakeFiles/MuKOB.dir/home/ed/code/pico/pico-sdk/src/rp2_common/hardware_timer/timer.c.obj
 .text.irq_clear
                0x00000000100032f4       0x24 CMakeFiles/MuKOB.dir/home/ed/code/pico/pico-sdk/src/rp2_common/hardware_timer/timer.c.obj
 .text.hardware_alarm_claim
                0x0000000010003318       0x2c CMakeFiles/MuKOB.dir/home/ed/code/pico/pico-sdk/src/rp2_common/hardware_timer/timer.c.obj
                0x0000000010003318                hardware_alarm_claim
 .text.time_us_64
                0x0000000010003344       0x60 CMakeFiles/MuKOB.dir/home/ed/code/pico/pico-sdk/src/rp2_common/hardware_timer/timer.c.obj
                0x0000000010003344                time_us_64
 .text.busy_wait_us
                0x00000000100033a4       0x6a CMakeFiles/MuKOB.dir/home/ed/code/pico/pico-sdk/src/rp2_common/hardware_timer/timer.c.obj
                0x00000000100033a4                busy_wait_us
 *fill*         0x000000001000340e        0x2 
 .text.busy_wait_until
                0x0000000010003410       0x6c CMakeFiles/MuKOB.dir/home/ed/code/pico/pico-sdk/src/rp2_common/hardware_timer/timer.c.obj
                0x0000000010003410                busy_wait_until
 .text.harware_alarm_irq_number
                0x000000001000347c       0x12 CMakeFiles/MuKOB.dir/home/ed/code/pico/pico-sdk/src/rp2_common/hardware_timer/timer.c.obj
 *fill*         0x000000001000348e        0x2 
 .text.hardware_alarm_irq_handler
                0x0000000010003490      0x120 CMakeFiles/MuKOB.dir/home/ed/code/pico/pico-sdk/src/rp2_common/hardware_timer/timer.c.obj
 .text.hardware_alarm_set_callback
                0x00000000100035b0      0x134 CMakeFiles/MuKOB.dir/home/ed/code/pico/pico-sdk/src/rp2_common/hardware_timer/timer.c.obj
                0x00000000100035b0                hardware_alarm_set_callback
 .text.hardware_alarm_set_target
                0x00000000100036e4      0x1c4 CMakeFiles/MuKOB.dir/home/ed/code/pico/pico-sdk/src/rp2_common/hardware_timer/timer.c.obj
                0x00000000100036e4                hardware_alarm_set_target
 .text.hardware_alarm_cancel
                0x00000000100038a8       0xb8 CMakeFiles/MuKOB.dir/home/ed/code/pico/pico-sdk/src/rp2_common/hardware_timer/timer.c.obj
                0x00000000100038a8                hardware_alarm_cancel
 .text.ph_get_node
                0x0000000010003960       0x54 CMakeFiles/MuKOB.dir/home/ed/code/pico/pico-sdk/src/common/pico_util/pheap.c.obj
 .text.ph_add_child_node
                0x00000000100039b4       0xc4 CMakeFiles/MuKOB.dir/home/ed/code/pico/pico-sdk/src/common/pico_util/pheap.c.obj
 .text.ph_merge_nodes
                0x0000000010003a78       0x7e CMakeFiles/MuKOB.dir/home/ed/code/pico/pico-sdk/src/common/pico_util/pheap.c.obj
 .text.ph_peek_head
                0x0000000010003af6       0x14 CMakeFiles/MuKOB.dir/home/ed/code/pico/pico-sdk/src/common/pico_util/pheap.c.obj
 .text.ph_remove_and_free_head
                0x0000000010003b0a       0x1c CMakeFiles/MuKOB.dir/home/ed/code/pico/pico-sdk/src/common/pico_util/pheap.c.obj
 .text.ph_post_alloc_init
                0x0000000010003b26       0x32 CMakeFiles/MuKOB.dir/home/ed/code/pico/pico-sdk/src/common/pico_util/pheap.c.obj
                0x0000000010003b26                ph_post_alloc_init
 .text.ph_clear
                0x0000000010003b58       0x78 CMakeFiles/MuKOB.dir/home/ed/code/pico/pico-sdk/src/common/pico_util/pheap.c.obj
                0x0000000010003b58                ph_clear
 .text.ph_merge_two_pass
                0x0000000010003bd0       0xd0 CMakeFiles/MuKOB.dir/home/ed/code/pico/pico-sdk/src/common/pico_util/pheap.c.obj
                0x0000000010003bd0                ph_merge_two_pass
 .text.ph_remove_any_head
                0x0000000010003ca0      0x118 CMakeFiles/MuKOB.dir/home/ed/code/pico/pico-sdk/src/common/pico_util/pheap.c.obj
 .text.ph_remove_head
                0x0000000010003db8       0x44 CMakeFiles/MuKOB.dir/home/ed/code/pico/pico-sdk/src/common/pico_util/pheap.c.obj
                0x0000000010003db8                ph_remove_head
 .text.ph_remove_and_free_node
                0x0000000010003dfc      0x154 CMakeFiles/MuKOB.dir/home/ed/code/pico/pico-sdk/src/common/pico_util/pheap.c.obj
                0x0000000010003dfc                ph_remove_and_free_node
 .text.mutex_init
                0x0000000010003f50       0x2e CMakeFiles/MuKOB.dir/home/ed/code/pico/pico-sdk/src/common/pico_sync/mutex.c.obj
                0x0000000010003f50                mutex_init
 .text.recursive_mutex_init
                0x0000000010003f7e       0x34 CMakeFiles/MuKOB.dir/home/ed/code/pico/pico-sdk/src/common/pico_sync/mutex.c.obj
                0x0000000010003f7e                recursive_mutex_init
 *fill*         0x0000000010003fb2        0x2 
 .text.uart_get_index
                0x0000000010003fb4       0x24 CMakeFiles/MuKOB.dir/home/ed/code/pico/pico-sdk/src/rp2_common/hardware_uart/uart.c.obj
 .text.uart_get_hw
                0x0000000010003fd8       0x1a CMakeFiles/MuKOB.dir/home/ed/code/pico/pico-sdk/src/rp2_common/hardware_uart/uart.c.obj
 .text.uart_set_format
                0x0000000010003ff2       0x80 CMakeFiles/MuKOB.dir/home/ed/code/pico/pico-sdk/src/rp2_common/hardware_uart/uart.c.obj
 *fill*         0x0000000010004072        0x2 
 .text.reset_block
                0x0000000010004074       0x2c CMakeFiles/MuKOB.dir/home/ed/code/pico/pico-sdk/src/rp2_common/hardware_uart/uart.c.obj
 .text.unreset_block_wait
                0x00000000100040a0       0x3c CMakeFiles/MuKOB.dir/home/ed/code/pico/pico-sdk/src/rp2_common/hardware_uart/uart.c.obj
 .text.uart_reset
                0x00000000100040dc       0x2c CMakeFiles/MuKOB.dir/home/ed/code/pico/pico-sdk/src/rp2_common/hardware_uart/uart.c.obj
 .text.uart_unreset
                0x0000000010004108       0x2c CMakeFiles/MuKOB.dir/home/ed/code/pico/pico-sdk/src/rp2_common/hardware_uart/uart.c.obj
 .text.uart_init
                0x0000000010004134       0x98 CMakeFiles/MuKOB.dir/home/ed/code/pico/pico-sdk/src/rp2_common/hardware_uart/uart.c.obj
                0x0000000010004134                uart_init
 .text.uart_set_baudrate
                0x00000000100041cc       0xbc CMakeFiles/MuKOB.dir/home/ed/code/pico/pico-sdk/src/rp2_common/hardware_uart/uart.c.obj
                0x00000000100041cc                uart_set_baudrate
 .text.uart_set_translate_crlf
                0x0000000010004288       0x3c CMakeFiles/MuKOB.dir/home/ed/code/pico/pico-sdk/src/rp2_common/hardware_uart/uart.c.obj
                0x0000000010004288                uart_set_translate_crlf
 .text.__breakpoint
                0x00000000100042c4        0xc CMakeFiles/MuKOB.dir/home/ed/code/pico/pico-sdk/src/rp2_common/pico_runtime/runtime.c.obj
 .text.reset_block
                0x00000000100042d0       0x2c CMakeFiles/MuKOB.dir/home/ed/code/pico/pico-sdk/src/rp2_common/pico_runtime/runtime.c.obj
 .text.unreset_block_wait
                0x00000000100042fc       0x3c CMakeFiles/MuKOB.dir/home/ed/code/pico/pico-sdk/src/rp2_common/pico_runtime/runtime.c.obj
 .text.runtime_init
                0x0000000010004338      0x130 CMakeFiles/MuKOB.dir/home/ed/code/pico/pico-sdk/src/rp2_common/pico_runtime/runtime.c.obj
                0x0000000010004338                runtime_init
 .text._exit    0x0000000010004468        0xe CMakeFiles/MuKOB.dir/home/ed/code/pico/pico-sdk/src/rp2_common/pico_runtime/runtime.c.obj
                0x0000000010004468                _exit
 *fill*         0x0000000010004476        0x2 
 .text._sbrk    0x0000000010004478       0x58 CMakeFiles/MuKOB.dir/home/ed/code/pico/pico-sdk/src/rp2_common/pico_runtime/runtime.c.obj
                0x0000000010004478                _sbrk
 .text.exit     0x00000000100044d0       0x10 CMakeFiles/MuKOB.dir/home/ed/code/pico/pico-sdk/src/rp2_common/pico_runtime/runtime.c.obj
                0x00000000100044d0                exit
 .text.__assert_func
                0x00000000100044e0       0x4c CMakeFiles/MuKOB.dir/home/ed/code/pico/pico-sdk/src/rp2_common/pico_runtime/runtime.c.obj
                0x00000000100044e0                __assert_func
 .text.panic_unsupported
                0x000000001000452c       0x10 CMakeFiles/MuKOB.dir/home/ed/code/pico/pico-sdk/src/rp2_common/pico_runtime/runtime.c.obj
                0x000000001000452c                panic_unsupported
 .text.panic    0x000000001000453c       0x40 CMakeFiles/MuKOB.dir/home/ed/code/pico/pico-sdk/src/rp2_common/pico_runtime/runtime.c.obj
                0x000000001000453c                panic
 .text.has_glitchless_mux
                0x000000001000457c       0x32 CMakeFiles/MuKOB.dir/home/ed/code/pico/pico-sdk/src/rp2_common/hardware_clocks/clocks.c.obj
 *fill*         0x00000000100045ae        0x2 
 .text.clock_configure
                0x00000000100045b0      0x274 CMakeFiles/MuKOB.dir/home/ed/code/pico/pico-sdk/src/rp2_common/hardware_clocks/clocks.c.obj
                0x00000000100045b0                clock_configure
 .text.clocks_init
                0x0000000010004824      0x148 CMakeFiles/MuKOB.dir/home/ed/code/pico/pico-sdk/src/rp2_common/hardware_clocks/clocks.c.obj
                0x0000000010004824                clocks_init
 .text.clock_get_hz
                0x000000001000496c       0x24 CMakeFiles/MuKOB.dir/home/ed/code/pico/pico-sdk/src/rp2_common/hardware_clocks/clocks.c.obj
                0x000000001000496c                clock_get_hz
 .text.reset_block
                0x0000000010004990       0x2c CMakeFiles/MuKOB.dir/home/ed/code/pico/pico-sdk/src/rp2_common/hardware_pll/pll.c.obj
 .text.unreset_block_wait
                0x00000000100049bc       0x3c CMakeFiles/MuKOB.dir/home/ed/code/pico/pico-sdk/src/rp2_common/hardware_pll/pll.c.obj
 .text.pll_init
                0x00000000100049f8      0x1a4 CMakeFiles/MuKOB.dir/home/ed/code/pico/pico-sdk/src/rp2_common/hardware_pll/pll.c.obj
                0x00000000100049f8                pll_init
 .text.watchdog_start_tick
                0x0000000010004b9c       0x20 CMakeFiles/MuKOB.dir/home/ed/code/pico/pico-sdk/src/rp2_common/hardware_watchdog/watchdog.c.obj
                0x0000000010004b9c                watchdog_start_tick
 .text.xosc_init
                0x0000000010004bbc       0x48 CMakeFiles/MuKOB.dir/home/ed/code/pico/pico-sdk/src/rp2_common/hardware_xosc/xosc.c.obj
                0x0000000010004bbc                xosc_init
 .text._out_buffer
                0x0000000010004c04       0x30 CMakeFiles/MuKOB.dir/home/ed/code/pico/pico-sdk/src/rp2_common/pico_printf/printf.c.obj
 .text._out_null
                0x0000000010004c34       0x1c CMakeFiles/MuKOB.dir/home/ed/code/pico/pico-sdk/src/rp2_common/pico_printf/printf.c.obj
 .text._out_fct
                0x0000000010004c50       0x36 CMakeFiles/MuKOB.dir/home/ed/code/pico/pico-sdk/src/rp2_common/pico_printf/printf.c.obj
 .text._strnlen_s
                0x0000000010004c86       0x36 CMakeFiles/MuKOB.dir/home/ed/code/pico/pico-sdk/src/rp2_common/pico_printf/printf.c.obj
 .text._is_digit
                0x0000000010004cbc       0x32 CMakeFiles/MuKOB.dir/home/ed/code/pico/pico-sdk/src/rp2_common/pico_printf/printf.c.obj
 .text._atoi    0x0000000010004cee       0x46 CMakeFiles/MuKOB.dir/home/ed/code/pico/pico-sdk/src/rp2_common/pico_printf/printf.c.obj
 .text._out_rev
                0x0000000010004d34       0x9a CMakeFiles/MuKOB.dir/home/ed/code/pico/pico-sdk/src/rp2_common/pico_printf/printf.c.obj
 .text._ntoa_format
                0x0000000010004dce      0x1ac CMakeFiles/MuKOB.dir/home/ed/code/pico/pico-sdk/src/rp2_common/pico_printf/printf.c.obj
 .text._ntoa_long
                0x0000000010004f7a       0xd2 CMakeFiles/MuKOB.dir/home/ed/code/pico/pico-sdk/src/rp2_common/pico_printf/printf.c.obj
 .text._ntoa_long_long
                0x000000001000504c       0xe6 CMakeFiles/MuKOB.dir/home/ed/code/pico/pico-sdk/src/rp2_common/pico_printf/printf.c.obj
 *fill*         0x0000000010005132        0x2 
 .text._ftoa    0x0000000010005134      0x494 CMakeFiles/MuKOB.dir/home/ed/code/pico/pico-sdk/src/rp2_common/pico_printf/printf.c.obj
 .text._etoa    0x00000000100055c8      0x594 CMakeFiles/MuKOB.dir/home/ed/code/pico/pico-sdk/src/rp2_common/pico_printf/printf.c.obj
 .text._vsnprintf
                0x0000000010005b5c      0x8a0 CMakeFiles/MuKOB.dir/home/ed/code/pico/pico-sdk/src/rp2_common/pico_printf/printf.c.obj
 .text.__wrap_vsnprintf
                0x00000000100063fc       0x30 CMakeFiles/MuKOB.dir/home/ed/code/pico/pico-sdk/src/rp2_common/pico_printf/printf.c.obj
                0x00000000100063fc                __wrap_vsnprintf
 .text.vfctprintf
                0x000000001000642c       0x40 CMakeFiles/MuKOB.dir/home/ed/code/pico/pico-sdk/src/rp2_common/pico_printf/printf.c.obj
                0x000000001000642c                vfctprintf
 .text          0x000000001000646c       0x10 CMakeFiles/MuKOB.dir/home/ed/code/pico/pico-sdk/src/rp2_common/pico_bit_ops/bit_ops_aeabi.S.obj
 .text.ctzsi    0x000000001000647c        0xc CMakeFiles/MuKOB.dir/home/ed/code/pico/pico-sdk/src/rp2_common/pico_bit_ops/bit_ops_aeabi.S.obj
                0x000000001000647c                __wrap___ctzsi2
 .text.rom_func_lookup
                0x0000000010006488       0x2c CMakeFiles/MuKOB.dir/home/ed/code/pico/pico-sdk/src/rp2_common/pico_bootrom/bootrom.c.obj
                0x0000000010006488                rom_func_lookup
 .text.rom_data_lookup
                0x00000000100064b4       0x28 CMakeFiles/MuKOB.dir/home/ed/code/pico/pico-sdk/src/rp2_common/pico_bootrom/bootrom.c.obj
                0x00000000100064b4                rom_data_lookup
 .text.rom_funcs_lookup
                0x00000000100064dc       0x68 CMakeFiles/MuKOB.dir/home/ed/code/pico/pico-sdk/src/rp2_common/pico_bootrom/bootrom.c.obj
                0x00000000100064dc                rom_funcs_lookup
 .text.__wrap___aeabi_idiv
                0x0000000010006544       0x50 CMakeFiles/MuKOB.dir/home/ed/code/pico/pico-sdk/src/rp2_common/pico_divider/divider.S.obj
                0x0000000010006544                __wrap___aeabi_idivmod
                0x0000000010006544                divmod_s32s32
                0x0000000010006544                div_s32s32
                0x0000000010006544                __wrap___aeabi_idiv
                0x000000001000654c                divmod_s32s32_unsafe
                0x0000000010006578                divmod_s32s32_savestate
 .text.__wrap___aeabi_uidiv
                0x0000000010006594       0x4c CMakeFiles/MuKOB.dir/home/ed/code/pico/pico-sdk/src/rp2_common/pico_divider/divider.S.obj
                0x0000000010006594                __wrap___aeabi_uidiv
                0x0000000010006594                __wrap___aeabi_uidivmod
                0x0000000010006594                div_u32u32
                0x0000000010006594                divmod_u32u32
                0x000000001000659c                divmod_u32u32_unsafe
                0x00000000100065c4                divmod_u32u32_savestate
 .text.__wrap___aeabi_ldiv
                0x00000000100065e0      0x434 CMakeFiles/MuKOB.dir/home/ed/code/pico/pico-sdk/src/rp2_common/pico_divider/divider.S.obj
                0x00000000100065e0                div_s64s64
                0x00000000100065e0                divmod_s64s64
                0x00000000100065e0                __wrap___aeabi_ldivmod
                0x0000000010006618                div_u64u64
                0x0000000010006618                divmod_u64u64
                0x0000000010006618                __wrap___aeabi_uldivmod
                0x0000000010006628                divmod_u64u64_savestate
                0x0000000010006650                divmod_s64s64_unsafe
                0x00000000100066d8                divmod_u64u64_unsafe
 .text.__wrap___aeabi_darithmetic
                0x0000000010006a14       0x60 CMakeFiles/MuKOB.dir/home/ed/code/pico/pico-sdk/src/rp2_common/pico_double/double_aeabi.S.obj
                0x0000000010006a14                __wrap___aeabi_drsub
                0x0000000010006a1a                __wrap___aeabi_dsub
                0x0000000010006a24                __wrap___aeabi_dadd
                0x0000000010006a2e                __wrap___aeabi_ddiv
                0x0000000010006a62                __wrap___aeabi_dmul
 .text.__wrap___aeabi_cdcmple
                0x0000000010006a74       0x6c CMakeFiles/MuKOB.dir/home/ed/code/pico/pico-sdk/src/rp2_common/pico_double/double_aeabi.S.obj
                0x0000000010006a74                __wrap___aeabi_cdrcmple
                0x0000000010006a84                __wrap___aeabi_cdcmple
                0x0000000010006a84                __wrap___aeabi_cdcmpeq
 .text.__wrap___aeabi_dcmplt
                0x0000000010006ae0        0xc CMakeFiles/MuKOB.dir/home/ed/code/pico/pico-sdk/src/rp2_common/pico_double/double_aeabi.S.obj
                0x0000000010006ae0                __wrap___aeabi_dcmplt
 .text.__wrap___aeabi_dcmpge
                0x0000000010006aec       0x10 CMakeFiles/MuKOB.dir/home/ed/code/pico/pico-sdk/src/rp2_common/pico_double/double_aeabi.S.obj
                0x0000000010006aec                __wrap___aeabi_dcmpge
 .text.__wrap___aeabi_dcmpgt
                0x0000000010006afc        0xa CMakeFiles/MuKOB.dir/home/ed/code/pico/pico-sdk/src/rp2_common/pico_double/double_aeabi.S.obj
                0x0000000010006afc                __wrap___aeabi_dcmpgt
 .text.__wrap___aeabi_dcmpun
                0x0000000010006b06       0x1c CMakeFiles/MuKOB.dir/home/ed/code/pico/pico-sdk/src/rp2_common/pico_double/double_aeabi.S.obj
                0x0000000010006b06                __wrap___aeabi_dcmpun
 *fill*         0x0000000010006b22        0x2 
 .text.__wrap___aeabi_i2d
                0x0000000010006b24       0x38 CMakeFiles/MuKOB.dir/home/ed/code/pico/pico-sdk/src/rp2_common/pico_double/double_aeabi.S.obj
                0x0000000010006b24                __wrap___aeabi_ui2d
                0x0000000010006b2c                __wrap___aeabi_i2d
 .text.__wrap___aeabi_d2iz
                0x0000000010006b5c       0x48 CMakeFiles/MuKOB.dir/home/ed/code/pico/pico-sdk/src/rp2_common/pico_double/double_aeabi.S.obj
                0x0000000010006b5c                __wrap___aeabi_d2iz
                0x0000000010006b5c                double2int_z
 .text.__wrap___aeabi_d2uiz
                0x0000000010006ba4       0x10 CMakeFiles/MuKOB.dir/home/ed/code/pico/pico-sdk/src/rp2_common/pico_double/double_aeabi.S.obj
                0x0000000010006ba4                double2uint
                0x0000000010006ba4                __wrap___aeabi_d2uiz
 .text.rp2040_rom_version
                0x0000000010006bb4        0xe CMakeFiles/MuKOB.dir/home/ed/code/pico/pico-sdk/src/rp2_common/pico_double/double_init_rom.c.obj
 .text.rom_table_code
                0x0000000010006bc2       0x26 CMakeFiles/MuKOB.dir/home/ed/code/pico/pico-sdk/src/rp2_common/pico_double/double_init_rom.c.obj
 .text.missing_double_func_shim
                0x0000000010006be8       0x10 CMakeFiles/MuKOB.dir/home/ed/code/pico/pico-sdk/src/rp2_common/pico_double/double_init_rom.c.obj
 .text.__aeabi_double_init
                0x0000000010006bf8      0x100 CMakeFiles/MuKOB.dir/home/ed/code/pico/pico-sdk/src/rp2_common/pico_double/double_init_rom.c.obj
                0x0000000010006bf8                __aeabi_double_init
 .text.double_table_shim_on_use_helper
                0x0000000010006cf8       0x34 CMakeFiles/MuKOB.dir/home/ed/code/pico/pico-sdk/src/rp2_common/pico_double/double_v1_rom_shim.S.obj
                0x0000000010006cf8                double_table_shim_on_use_helper
 .text.__aeabi_lmul
                0x0000000010006d2c       0x32 CMakeFiles/MuKOB.dir/home/ed/code/pico/pico-sdk/src/rp2_common/pico_int64_ops/pico_int64_ops_aeabi.S.obj
                0x0000000010006d2c                __wrap___aeabi_lmul
 .text.rp2040_rom_version
                0x0000000010006d5e        0xe CMakeFiles/MuKOB.dir/home/ed/code/pico/pico-sdk/src/rp2_common/pico_float/float_init_rom.c.obj
 .text.rom_table_code
                0x0000000010006d6c       0x26 CMakeFiles/MuKOB.dir/home/ed/code/pico/pico-sdk/src/rp2_common/pico_float/float_init_rom.c.obj
 *fill*         0x0000000010006d92        0x2 
 .text.missing_float_func_shim
                0x0000000010006d94       0x10 CMakeFiles/MuKOB.dir/home/ed/code/pico/pico-sdk/src/rp2_common/pico_float/float_init_rom.c.obj
 .text.__aeabi_float_init
                0x0000000010006da4       0xb8 CMakeFiles/MuKOB.dir/home/ed/code/pico/pico-sdk/src/rp2_common/pico_float/float_init_rom.c.obj
                0x0000000010006da4                __aeabi_float_init
 .text.check_alloc
                0x0000000010006e5c       0x34 CMakeFiles/MuKOB.dir/home/ed/code/pico/pico-sdk/src/rp2_common/pico_malloc/pico_malloc.c.obj
 .text.__wrap_malloc
                0x0000000010006e90       0x2a CMakeFiles/MuKOB.dir/home/ed/code/pico/pico-sdk/src/rp2_common/pico_malloc/pico_malloc.c.obj
                0x0000000010006e90                __wrap_malloc
 .text.__wrap_free
                0x0000000010006eba       0x18 CMakeFiles/MuKOB.dir/home/ed/code/pico/pico-sdk/src/rp2_common/pico_malloc/pico_malloc.c.obj
                0x0000000010006eba                __wrap_free
 *fill*         0x0000000010006ed2        0x2 
 .text          0x0000000010006ed4       0x10 CMakeFiles/MuKOB.dir/home/ed/code/pico/pico-sdk/src/rp2_common/pico_mem_ops/mem_ops_aeabi.S.obj
                0x0000000010006ed4                __aeabi_mem_init
 .text.memset   0x0000000010006ee4        0xc CMakeFiles/MuKOB.dir/home/ed/code/pico/pico-sdk/src/rp2_common/pico_mem_ops/mem_ops_aeabi.S.obj
                0x0000000010006ee4                __wrap_memset
 .text.memcpy   0x0000000010006ef0        0xc CMakeFiles/MuKOB.dir/home/ed/code/pico/pico-sdk/src/rp2_common/pico_mem_ops/mem_ops_aeabi.S.obj
                0x0000000010006ef0                __wrap___aeabi_memcpy
                0x0000000010006ef0                __wrap_memcpy
 .text.to_us_since_boot
                0x0000000010006efc       0x18 CMakeFiles/MuKOB.dir/home/ed/code/pico/pico-sdk/src/rp2_common/pico_stdio/stdio.c.obj
 .text.time_reached
                0x0000000010006f14       0x64 CMakeFiles/MuKOB.dir/home/ed/code/pico/pico-sdk/src/rp2_common/pico_stdio/stdio.c.obj
 .text.stdout_serialize_begin
                0x0000000010006f78       0x50 CMakeFiles/MuKOB.dir/home/ed/code/pico/pico-sdk/src/rp2_common/pico_stdio/stdio.c.obj
                0x0000000010006f78                stdout_serialize_begin
 .text.stdout_serialize_end
                0x0000000010006fc8       0x18 CMakeFiles/MuKOB.dir/home/ed/code/pico/pico-sdk/src/rp2_common/pico_stdio/stdio.c.obj
                0x0000000010006fc8                stdout_serialize_end
 .text.stdio_out_chars_no_crlf
                0x0000000010006fe0       0x20 CMakeFiles/MuKOB.dir/home/ed/code/pico/pico-sdk/src/rp2_common/pico_stdio/stdio.c.obj
 .text.stdio_out_chars_crlf
                0x0000000010007000       0xf4 CMakeFiles/MuKOB.dir/home/ed/code/pico/pico-sdk/src/rp2_common/pico_stdio/stdio.c.obj
 .text.stdio_put_string
                0x00000000100070f4       0xcc CMakeFiles/MuKOB.dir/home/ed/code/pico/pico-sdk/src/rp2_common/pico_stdio/stdio.c.obj
 .text.stdio_get_until
                0x00000000100071c0       0x88 CMakeFiles/MuKOB.dir/home/ed/code/pico/pico-sdk/src/rp2_common/pico_stdio/stdio.c.obj
 .text.__wrap_puts
                0x0000000010007248       0x2e CMakeFiles/MuKOB.dir/home/ed/code/pico/pico-sdk/src/rp2_common/pico_stdio/stdio.c.obj
                0x0000000010007248                __wrap_puts
 *fill*         0x0000000010007276        0x2 
 .text._read    0x0000000010007278       0x34 CMakeFiles/MuKOB.dir/home/ed/code/pico/pico-sdk/src/rp2_common/pico_stdio/stdio.c.obj
                0x0000000010007278                _read
 .text._write   0x00000000100072ac       0x34 CMakeFiles/MuKOB.dir/home/ed/code/pico/pico-sdk/src/rp2_common/pico_stdio/stdio.c.obj
                0x00000000100072ac                _write
 .text.stdio_set_driver_enabled
                0x00000000100072e0       0x68 CMakeFiles/MuKOB.dir/home/ed/code/pico/pico-sdk/src/rp2_common/pico_stdio/stdio.c.obj
                0x00000000100072e0                stdio_set_driver_enabled
 .text.stdio_flush
                0x0000000010007348       0x38 CMakeFiles/MuKOB.dir/home/ed/code/pico/pico-sdk/src/rp2_common/pico_stdio/stdio.c.obj
                0x0000000010007348                stdio_flush
 .text.stdio_stack_buffer_flush
                0x0000000010007380       0x6c CMakeFiles/MuKOB.dir/home/ed/code/pico/pico-sdk/src/rp2_common/pico_stdio/stdio.c.obj
 .text.stdio_buffered_printer
                0x00000000100073ec       0x3e CMakeFiles/MuKOB.dir/home/ed/code/pico/pico-sdk/src/rp2_common/pico_stdio/stdio.c.obj
 *fill*         0x000000001000742a        0x2 
 .text.__wrap_vprintf
                0x000000001000742c       0x64 CMakeFiles/MuKOB.dir/home/ed/code/pico/pico-sdk/src/rp2_common/pico_stdio/stdio.c.obj
                0x000000001000742c                __wrap_vprintf
 .text.__wrap_printf
                0x0000000010007490       0x2e CMakeFiles/MuKOB.dir/home/ed/code/pico/pico-sdk/src/rp2_common/pico_stdio/stdio.c.obj
                0x0000000010007490                __wrap_printf
 .text.stdio_init_all
                0x00000000100074be        0xe CMakeFiles/MuKOB.dir/home/ed/code/pico/pico-sdk/src/rp2_common/pico_stdio/stdio.c.obj
                0x00000000100074be                stdio_init_all
 .text.uart_get_index
                0x00000000100074cc       0x24 CMakeFiles/MuKOB.dir/home/ed/code/pico/pico-sdk/src/rp2_common/pico_stdio_uart/stdio_uart.c.obj
 .text.uart_get_hw
                0x00000000100074f0       0x1a CMakeFiles/MuKOB.dir/home/ed/code/pico/pico-sdk/src/rp2_common/pico_stdio_uart/stdio_uart.c.obj
 .text.uart_is_writable
                0x000000001000750a       0x26 CMakeFiles/MuKOB.dir/home/ed/code/pico/pico-sdk/src/rp2_common/pico_stdio_uart/stdio_uart.c.obj
 .text.uart_is_readable
                0x0000000010007530       0x26 CMakeFiles/MuKOB.dir/home/ed/code/pico/pico-sdk/src/rp2_common/pico_stdio_uart/stdio_uart.c.obj
 .text.uart_write_blocking
                0x0000000010007556       0x58 CMakeFiles/MuKOB.dir/home/ed/code/pico/pico-sdk/src/rp2_common/pico_stdio_uart/stdio_uart.c.obj
 .text.uart_read_blocking
                0x00000000100075ae       0x58 CMakeFiles/MuKOB.dir/home/ed/code/pico/pico-sdk/src/rp2_common/pico_stdio_uart/stdio_uart.c.obj
 .text.uart_putc_raw
                0x0000000010007606       0x22 CMakeFiles/MuKOB.dir/home/ed/code/pico/pico-sdk/src/rp2_common/pico_stdio_uart/stdio_uart.c.obj
 .text.uart_putc
                0x0000000010007628       0x4c CMakeFiles/MuKOB.dir/home/ed/code/pico/pico-sdk/src/rp2_common/pico_stdio_uart/stdio_uart.c.obj
 .text.uart_getc
                0x0000000010007674       0x22 CMakeFiles/MuKOB.dir/home/ed/code/pico/pico-sdk/src/rp2_common/pico_stdio_uart/stdio_uart.c.obj
 *fill*         0x0000000010007696        0x2 
 .text.stdio_uart_init
                0x0000000010007698       0x44 CMakeFiles/MuKOB.dir/home/ed/code/pico/pico-sdk/src/rp2_common/pico_stdio_uart/stdio_uart.c.obj
                0x0000000010007698                stdio_uart_init
 .text.stdio_uart_init_full
                0x00000000100076dc       0x5c CMakeFiles/MuKOB.dir/home/ed/code/pico/pico-sdk/src/rp2_common/pico_stdio_uart/stdio_uart.c.obj
                0x00000000100076dc                stdio_uart_init_full
 .text.stdio_uart_out_chars
                0x0000000010007738       0x40 CMakeFiles/MuKOB.dir/home/ed/code/pico/pico-sdk/src/rp2_common/pico_stdio_uart/stdio_uart.c.obj
 .text.stdio_uart_in_chars
                0x0000000010007778       0x5c CMakeFiles/MuKOB.dir/home/ed/code/pico/pico-sdk/src/rp2_common/pico_stdio_uart/stdio_uart.c.obj
                0x0000000010007778                stdio_uart_in_chars
 .text.color24_from_color16
                0x00000000100077d4       0x28 CMakeFiles/MuKOB.dir/ui/display/ili9341_spi/display_ili9341.c.obj
                0x00000000100077d4                color24_from_color16
 .text.rgb_from_color24
                0x00000000100077fc       0x70 CMakeFiles/MuKOB.dir/ui/display/ili9341_spi/display_ili9341.c.obj
                0x00000000100077fc                rgb_from_color24
 .text.colorbyte
                0x000000001000786c       0x2e CMakeFiles/MuKOB.dir/ui/display/ili9341_spi/display_ili9341.c.obj
                0x000000001000786c                colorbyte
 .text.fg_from_cb
                0x000000001000789a       0x1e CMakeFiles/MuKOB.dir/ui/display/ili9341_spi/display_ili9341.c.obj
                0x000000001000789a                fg_from_cb
 .text.bg_from_cb
                0x00000000100078b8       0x1c CMakeFiles/MuKOB.dir/ui/display/ili9341_spi/display_ili9341.c.obj
                0x00000000100078b8                bg_from_cb
 .text.fill_rgb_buf
                0x00000000100078d4       0x44 CMakeFiles/MuKOB.dir/ui/display/ili9341_spi/display_ili9341.c.obj
                0x00000000100078d4                fill_rgb_buf
 .text.disp_init
                0x0000000010007918      0x150 CMakeFiles/MuKOB.dir/ui/display/ili9341_spi/display_ili9341.c.obj
                0x0000000010007918                disp_init
 .text.disp_clear
                0x0000000010007a68       0x54 CMakeFiles/MuKOB.dir/ui/display/ili9341_spi/display_ili9341.c.obj
                0x0000000010007a68                disp_clear
 .text.disp_char
                0x0000000010007abc       0x64 CMakeFiles/MuKOB.dir/ui/display/ili9341_spi/display_ili9341.c.obj
                0x0000000010007abc                disp_char
 .text.disp_char_colorbyte
                0x0000000010007b20      0x350 CMakeFiles/MuKOB.dir/ui/display/ili9341_spi/display_ili9341.c.obj
                0x0000000010007b20                disp_char_colorbyte
 .text.disp_font_test
                0x0000000010007e70       0x62 CMakeFiles/MuKOB.dir/ui/display/ili9341_spi/display_ili9341.c.obj
                0x0000000010007e70                disp_font_test
 *fill*         0x0000000010007ed2        0x2 
 .text.disp_paint
                0x0000000010007ed4       0x50 CMakeFiles/MuKOB.dir/ui/display/ili9341_spi/display_ili9341.c.obj
                0x0000000010007ed4                disp_paint
 .text.disp_row_paint
                0x0000000010007f24      0x1e4 CMakeFiles/MuKOB.dir/ui/display/ili9341_spi/display_ili9341.c.obj
                0x0000000010007f24                disp_row_paint
 .text.disp_set_text_colors
                0x0000000010008108       0x40 CMakeFiles/MuKOB.dir/ui/display/ili9341_spi/display_ili9341.c.obj
                0x0000000010008108                disp_set_text_colors
 .text.margins_set
                0x0000000010008148       0x98 CMakeFiles/MuKOB.dir/ui/display/ili9341_spi/display_ili9341.c.obj
                0x0000000010008148                margins_set
 .text._crlf    0x00000000100081e0      0x2bc CMakeFiles/MuKOB.dir/ui/display/ili9341_spi/display_ili9341.c.obj
                0x00000000100081e0                _crlf
 .text.printc   0x000000001000849c       0xd4 CMakeFiles/MuKOB.dir/ui/display/ili9341_spi/display_ili9341.c.obj
                0x000000001000849c                printc
 .text.gpio_set_mask
                0x0000000010008570       0x18 CMakeFiles/MuKOB.dir/ui/display/ili9341_spi/ili9341_spi.c.obj
 .text.gpio_clr_mask
                0x0000000010008588       0x18 CMakeFiles/MuKOB.dir/ui/display/ili9341_spi/ili9341_spi.c.obj
 .text.gpio_put
                0x00000000100085a0       0x3a CMakeFiles/MuKOB.dir/ui/display/ili9341_spi/ili9341_spi.c.obj
 .text._cs      0x00000000100085da       0x2e CMakeFiles/MuKOB.dir/ui/display/ili9341_spi/ili9341_spi.c.obj
                0x00000000100085da                _cs
 .text._command_mode
                0x0000000010008608       0x2e CMakeFiles/MuKOB.dir/ui/display/ili9341_spi/ili9341_spi.c.obj
                0x0000000010008608                _command_mode
 .text._op_begin
                0x0000000010008636       0x14 CMakeFiles/MuKOB.dir/ui/display/ili9341_spi/ili9341_spi.c.obj
                0x0000000010008636                _op_begin
 .text._op_end  0x000000001000864a       0x14 CMakeFiles/MuKOB.dir/ui/display/ili9341_spi/ili9341_spi.c.obj
                0x000000001000864a                _op_end
 .text._read_controller_values
                0x000000001000865e       0x3c CMakeFiles/MuKOB.dir/ui/display/ili9341_spi/ili9341_spi.c.obj
                0x000000001000865e                _read_controller_values
 .text._send_command
                0x000000001000869a       0x2a CMakeFiles/MuKOB.dir/ui/display/ili9341_spi/ili9341_spi.c.obj
                0x000000001000869a                _send_command
 .text._send_command_wd
                0x00000000100086c4       0x30 CMakeFiles/MuKOB.dir/ui/display/ili9341_spi/ili9341_spi.c.obj
                0x00000000100086c4                _send_command_wd
 .text.ili9341_spi_init
                0x00000000100086f4       0xa8 CMakeFiles/MuKOB.dir/ui/display/ili9341_spi/ili9341_spi.c.obj
                0x00000000100086f4                ili9341_spi_init
 .text.ili9341_spi_info
                0x000000001000879c      0x144 CMakeFiles/MuKOB.dir/ui/display/ili9341_spi/ili9341_spi.c.obj
                0x000000001000879c                ili9341_spi_info
 .text.ili9341_screen_clr
                0x00000000100088e0       0x98 CMakeFiles/MuKOB.dir/ui/display/ili9341_spi/ili9341_spi.c.obj
                0x00000000100088e0                ili9341_screen_clr
 .text._ili9341_write_area
                0x0000000010008978       0x2a CMakeFiles/MuKOB.dir/ui/display/ili9341_spi/ili9341_spi.c.obj
                0x0000000010008978                _ili9341_write_area
 *fill*         0x00000000100089a2        0x2 
 .text._ili9341_set_window
                0x00000000100089a4      0x108 CMakeFiles/MuKOB.dir/ui/display/ili9341_spi/ili9341_spi.c.obj
                0x00000000100089a4                _ili9341_set_window
 .text.ili9341_screen_paint
                0x0000000010008aac       0x38 CMakeFiles/MuKOB.dir/ui/display/ili9341_spi/ili9341_spi.c.obj
                0x0000000010008aac                ili9341_screen_paint
 .text.ili9341_set_window
                0x0000000010008ae4       0x4c CMakeFiles/MuKOB.dir/ui/display/ili9341_spi/ili9341_spi.c.obj
                0x0000000010008ae4                ili9341_set_window
 .text._ili9341_set_window_fullscreen
                0x0000000010008b30       0x18 CMakeFiles/MuKOB.dir/ui/display/ili9341_spi/ili9341_spi.c.obj
                0x0000000010008b30                _ili9341_set_window_fullscreen
 .text.ili9341_set_window_fullscreen
                0x0000000010008b48       0x20 CMakeFiles/MuKOB.dir/ui/display/ili9341_spi/ili9341_spi.c.obj
                0x0000000010008b48                ili9341_set_window_fullscreen
 .text.reset_block
                0x0000000010008b68       0x2c CMakeFiles/MuKOB.dir/home/ed/code/pico/pico-sdk/src/rp2_common/hardware_spi/spi.c.obj
 .text.unreset_block_wait
                0x0000000010008b94       0x3c CMakeFiles/MuKOB.dir/home/ed/code/pico/pico-sdk/src/rp2_common/hardware_spi/spi.c.obj
 .text.spi_get_index
                0x0000000010008bd0       0x24 CMakeFiles/MuKOB.dir/home/ed/code/pico/pico-sdk/src/rp2_common/hardware_spi/spi.c.obj
 .text.spi_get_hw
                0x0000000010008bf4       0x1a CMakeFiles/MuKOB.dir/home/ed/code/pico/pico-sdk/src/rp2_common/hardware_spi/spi.c.obj
 .text.spi_get_const_hw
                0x0000000010008c0e       0x1a CMakeFiles/MuKOB.dir/home/ed/code/pico/pico-sdk/src/rp2_common/hardware_spi/spi.c.obj
 .text.spi_set_format
                0x0000000010008c28       0x68 CMakeFiles/MuKOB.dir/home/ed/code/pico/pico-sdk/src/rp2_common/hardware_spi/spi.c.obj
 .text.spi_is_writable
                0x0000000010008c90       0x26 CMakeFiles/MuKOB.dir/home/ed/code/pico/pico-sdk/src/rp2_common/hardware_spi/spi.c.obj
 .text.spi_is_readable
                0x0000000010008cb6       0x26 CMakeFiles/MuKOB.dir/home/ed/code/pico/pico-sdk/src/rp2_common/hardware_spi/spi.c.obj
 .text.spi_reset
                0x0000000010008cdc       0x2c CMakeFiles/MuKOB.dir/home/ed/code/pico/pico-sdk/src/rp2_common/hardware_spi/spi.c.obj
 .text.spi_unreset
                0x0000000010008d08       0x2c CMakeFiles/MuKOB.dir/home/ed/code/pico/pico-sdk/src/rp2_common/hardware_spi/spi.c.obj
 .text.spi_init
                0x0000000010008d34       0x84 CMakeFiles/MuKOB.dir/home/ed/code/pico/pico-sdk/src/rp2_common/hardware_spi/spi.c.obj
                0x0000000010008d34                spi_init
 .text.spi_set_baudrate
                0x0000000010008db8       0xf6 CMakeFiles/MuKOB.dir/home/ed/code/pico/pico-sdk/src/rp2_common/hardware_spi/spi.c.obj
                0x0000000010008db8                spi_set_baudrate
 .text._pio_major_instr_bits
                0x0000000010008eae       0x18 CMakeFiles/MuKOB.dir/home/ed/code/pico/pico-sdk/src/rp2_common/hardware_pio/pio.c.obj
 .text._pio_encode_instr_and_args
                0x0000000010008ec6       0x2c CMakeFiles/MuKOB.dir/home/ed/code/pico/pico-sdk/src/rp2_common/hardware_pio/pio.c.obj
 .text._pio_encode_instr_and_src_dest
                0x0000000010008ef2       0x34 CMakeFiles/MuKOB.dir/home/ed/code/pico/pico-sdk/src/rp2_common/hardware_pio/pio.c.obj
 .text.pio_encode_set
                0x0000000010008f26       0x28 CMakeFiles/MuKOB.dir/home/ed/code/pico/pico-sdk/src/rp2_common/hardware_pio/pio.c.obj
 .text.check_sm_param
                0x0000000010008f4e       0x10 CMakeFiles/MuKOB.dir/home/ed/code/pico/pico-sdk/src/rp2_common/hardware_pio/pio.c.obj
 .text.check_pio_param
                0x0000000010008f5e       0x10 CMakeFiles/MuKOB.dir/home/ed/code/pico/pico-sdk/src/rp2_common/hardware_pio/pio.c.obj
 *fill*         0x0000000010008f6e        0x2 
 .text.pio_get_index
                0x0000000010008f70       0x2c CMakeFiles/MuKOB.dir/home/ed/code/pico/pico-sdk/src/rp2_common/hardware_pio/pio.c.obj
 .text.pio_sm_exec
                0x0000000010008f9c       0x3a CMakeFiles/MuKOB.dir/home/ed/code/pico/pico-sdk/src/rp2_common/hardware_pio/pio.c.obj
 *fill*         0x0000000010008fd6        0x2 
 .text.pio_sm_unclaim
                0x0000000010008fd8       0x3c CMakeFiles/MuKOB.dir/home/ed/code/pico/pico-sdk/src/rp2_common/hardware_pio/pio.c.obj
                0x0000000010008fd8                pio_sm_unclaim
 .text.pio_claim_unused_sm
                0x0000000010009014       0x60 CMakeFiles/MuKOB.dir/home/ed/code/pico/pico-sdk/src/rp2_common/hardware_pio/pio.c.obj
                0x0000000010009014                pio_claim_unused_sm
 .text._pio_find_offset_for_program
                0x0000000010009074       0xcc CMakeFiles/MuKOB.dir/home/ed/code/pico/pico-sdk/src/rp2_common/hardware_pio/pio.c.obj
 .text.pio_can_add_program
                0x0000000010009140       0x40 CMakeFiles/MuKOB.dir/home/ed/code/pico/pico-sdk/src/rp2_common/hardware_pio/pio.c.obj
                0x0000000010009140                pio_can_add_program
 .text._pio_can_add_program_at_offset
                0x0000000010009180       0x68 CMakeFiles/MuKOB.dir/home/ed/code/pico/pico-sdk/src/rp2_common/hardware_pio/pio.c.obj
 .text._pio_add_program_at_offset
                0x00000000100091e8       0xd8 CMakeFiles/MuKOB.dir/home/ed/code/pico/pico-sdk/src/rp2_common/hardware_pio/pio.c.obj
 .text.pio_add_program
                0x00000000100092c0       0x54 CMakeFiles/MuKOB.dir/home/ed/code/pico/pico-sdk/src/rp2_common/hardware_pio/pio.c.obj
                0x00000000100092c0                pio_add_program
 .text.pio_remove_program
                0x0000000010009314       0x90 CMakeFiles/MuKOB.dir/home/ed/code/pico/pico-sdk/src/rp2_common/hardware_pio/pio.c.obj
                0x0000000010009314                pio_remove_program
 .text.pio_sm_set_pindirs_with_mask
                0x00000000100093a4       0xae CMakeFiles/MuKOB.dir/home/ed/code/pico/pico-sdk/src/rp2_common/hardware_pio/pio.c.obj
                0x00000000100093a4                pio_sm_set_pindirs_with_mask
 .text.pio_sm_set_consecutive_pindirs
                0x0000000010009452       0xe8 CMakeFiles/MuKOB.dir/home/ed/code/pico/pico-sdk/src/rp2_common/hardware_pio/pio.c.obj
                0x0000000010009452                pio_sm_set_consecutive_pindirs
 .text.storage_read_blocks
                0x000000001000953a       0x10 CMakeFiles/MuKOB.dir/home/ed/code/pico/pico-sdk/src/rp2_common/pico_cyw43_arch/cyw43_arch.c.obj
                0x000000001000953a                storage_read_blocks
 *fill*         0x000000001000954a        0x2 
 .text.cyw43_hal_generate_laa_mac
                0x000000001000954c       0x54 CMakeFiles/MuKOB.dir/home/ed/code/pico/pico-sdk/src/rp2_common/pico_cyw43_arch/cyw43_arch.c.obj
                0x000000001000954c                cyw43_hal_generate_laa_mac
 .text.cyw43_arch_gpio_put
                0x00000000100095a0       0x28 CMakeFiles/MuKOB.dir/home/ed/code/pico/pico-sdk/src/rp2_common/pico_cyw43_arch/cyw43_arch.c.obj
                0x00000000100095a0                cyw43_arch_gpio_put
 .text.to_us_since_boot
                0x00000000100095c8       0x18 CMakeFiles/MuKOB.dir/home/ed/code/pico/pico-sdk/src/rp2_common/pico_cyw43_arch/cyw43_arch_threadsafe_background.c.obj
 .text.update_us_since_boot
                0x00000000100095e0       0x40 CMakeFiles/MuKOB.dir/home/ed/code/pico/pico-sdk/src/rp2_common/pico_cyw43_arch/cyw43_arch_threadsafe_background.c.obj
 .text.get_absolute_time
                0x0000000010009620       0x2c CMakeFiles/MuKOB.dir/home/ed/code/pico/pico-sdk/src/rp2_common/pico_cyw43_arch/cyw43_arch_threadsafe_background.c.obj
 .text.delayed_by_us
                0x000000001000964c       0x72 CMakeFiles/MuKOB.dir/home/ed/code/pico/pico-sdk/src/rp2_common/pico_cyw43_arch/cyw43_arch_threadsafe_background.c.obj
 .text.delayed_by_ms
                0x00000000100096be       0x8c CMakeFiles/MuKOB.dir/home/ed/code/pico/pico-sdk/src/rp2_common/pico_cyw43_arch/cyw43_arch_threadsafe_background.c.obj
 .text.make_timeout_time_ms
                0x000000001000974a       0x2a CMakeFiles/MuKOB.dir/home/ed/code/pico/pico-sdk/src/rp2_common/pico_cyw43_arch/cyw43_arch_threadsafe_background.c.obj
 .text.alarm_pool_add_alarm_in_us
                0x0000000010009774       0x54 CMakeFiles/MuKOB.dir/home/ed/code/pico/pico-sdk/src/rp2_common/pico_cyw43_arch/cyw43_arch_threadsafe_background.c.obj
 .text.add_alarm_in_us
                0x00000000100097c8       0x34 CMakeFiles/MuKOB.dir/home/ed/code/pico/pico-sdk/src/rp2_common/pico_cyw43_arch/cyw43_arch_threadsafe_background.c.obj
 .text.cancel_alarm
                0x00000000100097fc       0x22 CMakeFiles/MuKOB.dir/home/ed/code/pico/pico-sdk/src/rp2_common/pico_cyw43_arch/cyw43_arch_threadsafe_background.c.obj
 .text.check_gpio_param
                0x000000001000981e       0x10 CMakeFiles/MuKOB.dir/home/ed/code/pico/pico-sdk/src/rp2_common/pico_cyw43_arch/cyw43_arch_threadsafe_background.c.obj
 *fill*         0x000000001000982e        0x2 
 .text.gpio_get_irq_event_mask
                0x0000000010009830       0x54 CMakeFiles/MuKOB.dir/home/ed/code/pico/pico-sdk/src/rp2_common/pico_cyw43_arch/cyw43_arch_threadsafe_background.c.obj
 .text.gpio_add_raw_irq_handler_with_order_priority
                0x0000000010009884       0x32 CMakeFiles/MuKOB.dir/home/ed/code/pico/pico-sdk/src/rp2_common/pico_cyw43_arch/cyw43_arch_threadsafe_background.c.obj
 .text.gpio_remove_raw_irq_handler
                0x00000000100098b6       0x2c CMakeFiles/MuKOB.dir/home/ed/code/pico/pico-sdk/src/rp2_common/pico_cyw43_arch/cyw43_arch_threadsafe_background.c.obj
 .text.recursive_mutex_enter_count
                0x00000000100098e2       0x14 CMakeFiles/MuKOB.dir/home/ed/code/pico/pico-sdk/src/rp2_common/pico_cyw43_arch/cyw43_arch_threadsafe_background.c.obj
 .text.recursive_mutex_owner
                0x00000000100098f6       0x16 CMakeFiles/MuKOB.dir/home/ed/code/pico/pico-sdk/src/rp2_common/pico_cyw43_arch/cyw43_arch_threadsafe_background.c.obj
 .text.periodic_worker
                0x000000001000990c       0x44 CMakeFiles/MuKOB.dir/home/ed/code/pico/pico-sdk/src/rp2_common/pico_cyw43_arch/cyw43_arch_threadsafe_background.c.obj
 .text.periodic_alarm_handler
                0x0000000010009950       0x2c CMakeFiles/MuKOB.dir/home/ed/code/pico/pico-sdk/src/rp2_common/pico_cyw43_arch/cyw43_arch_threadsafe_background.c.obj
 .text.cyw43_await_background_or_timeout_us
                0x000000001000997c       0x28 CMakeFiles/MuKOB.dir/home/ed/code/pico/pico-sdk/src/rp2_common/pico_cyw43_arch/cyw43_arch_threadsafe_background.c.obj
                0x000000001000997c                cyw43_await_background_or_timeout_us
 .text.gpio_irq_handler
                0x00000000100099a4       0x6c CMakeFiles/MuKOB.dir/home/ed/code/pico/pico-sdk/src/rp2_common/pico_cyw43_arch/cyw43_arch_threadsafe_background.c.obj
 .text.low_priority_irq_handler
                0x0000000010009a10       0xcc CMakeFiles/MuKOB.dir/home/ed/code/pico/pico-sdk/src/rp2_common/pico_cyw43_arch/cyw43_arch_threadsafe_background.c.obj
 .text.low_prio_irq_init
                0x0000000010009adc       0x94 CMakeFiles/MuKOB.dir/home/ed/code/pico/pico-sdk/src/rp2_common/pico_cyw43_arch/cyw43_arch_threadsafe_background.c.obj
 .text.low_prio_irq_deinit
                0x0000000010009b70       0x48 CMakeFiles/MuKOB.dir/home/ed/code/pico/pico-sdk/src/rp2_common/pico_cyw43_arch/cyw43_arch_threadsafe_background.c.obj
 .text.cyw43_arch_init
                0x0000000010009bb8       0xc4 CMakeFiles/MuKOB.dir/home/ed/code/pico/pico-sdk/src/rp2_common/pico_cyw43_arch/cyw43_arch_threadsafe_background.c.obj
                0x0000000010009bb8                cyw43_arch_init
 .text.cyw43_arch_deinit
                0x0000000010009c7c       0x44 CMakeFiles/MuKOB.dir/home/ed/code/pico/pico-sdk/src/rp2_common/pico_cyw43_arch/cyw43_arch_threadsafe_background.c.obj
                0x0000000010009c7c                cyw43_arch_deinit
 .text.cyw43_post_poll_hook
                0x0000000010009cc0       0x14 CMakeFiles/MuKOB.dir/home/ed/code/pico/pico-sdk/src/rp2_common/pico_cyw43_arch/cyw43_arch_threadsafe_background.c.obj
                0x0000000010009cc0                cyw43_post_poll_hook
 .text.low_prio_irq_schedule_dispatch
                0x0000000010009cd4       0x94 CMakeFiles/MuKOB.dir/home/ed/code/pico/pico-sdk/src/rp2_common/pico_cyw43_arch/cyw43_arch_threadsafe_background.c.obj
 .text.cyw43_schedule_internal_poll_dispatch
                0x0000000010009d68       0x1a CMakeFiles/MuKOB.dir/home/ed/code/pico/pico-sdk/src/rp2_common/pico_cyw43_arch/cyw43_arch_threadsafe_background.c.obj
                0x0000000010009d68                cyw43_schedule_internal_poll_dispatch
 *fill*         0x0000000010009d82        0x2 
 .text.cyw43_thread_enter
                0x0000000010009d84       0x18 CMakeFiles/MuKOB.dir/home/ed/code/pico/pico-sdk/src/rp2_common/pico_cyw43_arch/cyw43_arch_threadsafe_background.c.obj
                0x0000000010009d84                cyw43_thread_enter
 .text.cyw43_thread_lock_check
                0x0000000010009d9c       0x40 CMakeFiles/MuKOB.dir/home/ed/code/pico/pico-sdk/src/rp2_common/pico_cyw43_arch/cyw43_arch_threadsafe_background.c.obj
                0x0000000010009d9c                cyw43_thread_lock_check
 .text.cyw43_thread_exit
                0x0000000010009ddc       0x6c CMakeFiles/MuKOB.dir/home/ed/code/pico/pico-sdk/src/rp2_common/pico_cyw43_arch/cyw43_arch_threadsafe_background.c.obj
                0x0000000010009ddc                cyw43_thread_exit
 .text.cyw43_delay_until
                0x0000000010009e48       0x34 CMakeFiles/MuKOB.dir/home/ed/code/pico/pico-sdk/src/rp2_common/pico_cyw43_arch/cyw43_arch_threadsafe_background.c.obj
 .text.cyw43_delay_ms
                0x0000000010009e7c       0x2a CMakeFiles/MuKOB.dir/home/ed/code/pico/pico-sdk/src/rp2_common/pico_cyw43_arch/cyw43_arch_threadsafe_background.c.obj
                0x0000000010009e7c                cyw43_delay_ms
 *fill*         0x0000000010009ea6        0x2 
 .text._retrieve_unique_id_on_boot
                0x0000000010009ea8       0x18 CMakeFiles/MuKOB.dir/home/ed/code/pico/pico-sdk/src/rp2_common/pico_unique_id/unique_id.c.obj
 .text.pico_get_unique_board_id
                0x0000000010009ec0       0x24 CMakeFiles/MuKOB.dir/home/ed/code/pico/pico-sdk/src/rp2_common/pico_unique_id/unique_id.c.obj
                0x0000000010009ec0                pico_get_unique_board_id
 .text.flash_get_unique_id
                0x0000000010009ee4       0x70 CMakeFiles/MuKOB.dir/home/ed/code/pico/pico-sdk/src/rp2_common/hardware_flash/flash.c.obj
                0x0000000010009ee4                flash_get_unique_id
 .text.busy_wait_at_least_cycles
                0x0000000010009f54       0x18 CMakeFiles/MuKOB.dir/home/ed/code/pico/pico-sdk/src/rp2_common/cyw43_driver/cyw43_bus_pio_spi.c.obj
 .text.gpio_pull_up
                0x0000000010009f6c       0x1c CMakeFiles/MuKOB.dir/home/ed/code/pico/pico-sdk/src/rp2_common/cyw43_driver/cyw43_bus_pio_spi.c.obj
 .text.gpio_set_mask
                0x0000000010009f88       0x18 CMakeFiles/MuKOB.dir/home/ed/code/pico/pico-sdk/src/rp2_common/cyw43_driver/cyw43_bus_pio_spi.c.obj
 .text.gpio_clr_mask
                0x0000000010009fa0       0x18 CMakeFiles/MuKOB.dir/home/ed/code/pico/pico-sdk/src/rp2_common/cyw43_driver/cyw43_bus_pio_spi.c.obj
 .text.gpio_put
                0x0000000010009fb8       0x3a CMakeFiles/MuKOB.dir/home/ed/code/pico/pico-sdk/src/rp2_common/cyw43_driver/cyw43_bus_pio_spi.c.obj
 .text.gpio_set_dir_out_masked
                0x0000000010009ff2       0x18 CMakeFiles/MuKOB.dir/home/ed/code/pico/pico-sdk/src/rp2_common/cyw43_driver/cyw43_bus_pio_spi.c.obj
 .text.gpio_set_dir_in_masked
                0x000000001000a00a       0x18 CMakeFiles/MuKOB.dir/home/ed/code/pico/pico-sdk/src/rp2_common/cyw43_driver/cyw43_bus_pio_spi.c.obj
 .text.gpio_set_dir
                0x000000001000a022       0x3a CMakeFiles/MuKOB.dir/home/ed/code/pico/pico-sdk/src/rp2_common/cyw43_driver/cyw43_bus_pio_spi.c.obj
 .text._pio_encode_instr_and_args
                0x000000001000a05c       0x2c CMakeFiles/MuKOB.dir/home/ed/code/pico/pico-sdk/src/rp2_common/cyw43_driver/cyw43_bus_pio_spi.c.obj
 .text._pio_encode_instr_and_src_dest
                0x000000001000a088       0x34 CMakeFiles/MuKOB.dir/home/ed/code/pico/pico-sdk/src/rp2_common/cyw43_driver/cyw43_bus_pio_spi.c.obj
 .text.pio_encode_jmp
                0x000000001000a0bc       0x1e CMakeFiles/MuKOB.dir/home/ed/code/pico/pico-sdk/src/rp2_common/cyw43_driver/cyw43_bus_pio_spi.c.obj
 .text.pio_encode_out
                0x000000001000a0da       0x28 CMakeFiles/MuKOB.dir/home/ed/code/pico/pico-sdk/src/rp2_common/cyw43_driver/cyw43_bus_pio_spi.c.obj
 .text.pio_encode_mov
                0x000000001000a102       0x32 CMakeFiles/MuKOB.dir/home/ed/code/pico/pico-sdk/src/rp2_common/cyw43_driver/cyw43_bus_pio_spi.c.obj
 .text.pio_encode_set
                0x000000001000a134       0x28 CMakeFiles/MuKOB.dir/home/ed/code/pico/pico-sdk/src/rp2_common/cyw43_driver/cyw43_bus_pio_spi.c.obj
 .text.check_sm_param
                0x000000001000a15c       0x10 CMakeFiles/MuKOB.dir/home/ed/code/pico/pico-sdk/src/rp2_common/cyw43_driver/cyw43_bus_pio_spi.c.obj
 .text.check_pio_param
                0x000000001000a16c       0x10 CMakeFiles/MuKOB.dir/home/ed/code/pico/pico-sdk/src/rp2_common/cyw43_driver/cyw43_bus_pio_spi.c.obj
 .text.sm_config_set_out_pins
                0x000000001000a17c       0x30 CMakeFiles/MuKOB.dir/home/ed/code/pico/pico-sdk/src/rp2_common/cyw43_driver/cyw43_bus_pio_spi.c.obj
 .text.sm_config_set_set_pins
                0x000000001000a1ac       0x30 CMakeFiles/MuKOB.dir/home/ed/code/pico/pico-sdk/src/rp2_common/cyw43_driver/cyw43_bus_pio_spi.c.obj
 .text.sm_config_set_in_pins
                0x000000001000a1dc       0x28 CMakeFiles/MuKOB.dir/home/ed/code/pico/pico-sdk/src/rp2_common/cyw43_driver/cyw43_bus_pio_spi.c.obj
 .text.sm_config_set_sideset_pins
                0x000000001000a204       0x28 CMakeFiles/MuKOB.dir/home/ed/code/pico/pico-sdk/src/rp2_common/cyw43_driver/cyw43_bus_pio_spi.c.obj
 .text.sm_config_set_sideset
                0x000000001000a22c       0x64 CMakeFiles/MuKOB.dir/home/ed/code/pico/pico-sdk/src/rp2_common/cyw43_driver/cyw43_bus_pio_spi.c.obj
 .text.sm_config_set_clkdiv_int_frac
                0x000000001000a290       0x32 CMakeFiles/MuKOB.dir/home/ed/code/pico/pico-sdk/src/rp2_common/cyw43_driver/cyw43_bus_pio_spi.c.obj
 *fill*         0x000000001000a2c2        0x2 
 .text.sm_config_set_wrap
                0x000000001000a2c4       0x30 CMakeFiles/MuKOB.dir/home/ed/code/pico/pico-sdk/src/rp2_common/cyw43_driver/cyw43_bus_pio_spi.c.obj
 .text.sm_config_set_in_shift
                0x000000001000a2f4       0x68 CMakeFiles/MuKOB.dir/home/ed/code/pico/pico-sdk/src/rp2_common/cyw43_driver/cyw43_bus_pio_spi.c.obj
 .text.sm_config_set_out_shift
                0x000000001000a35c       0x68 CMakeFiles/MuKOB.dir/home/ed/code/pico/pico-sdk/src/rp2_common/cyw43_driver/cyw43_bus_pio_spi.c.obj
 .text.pio_get_default_sm_config
                0x000000001000a3c4       0x5c CMakeFiles/MuKOB.dir/home/ed/code/pico/pico-sdk/src/rp2_common/cyw43_driver/cyw43_bus_pio_spi.c.obj
 .text.pio_sm_set_config
                0x000000001000a420       0x84 CMakeFiles/MuKOB.dir/home/ed/code/pico/pico-sdk/src/rp2_common/cyw43_driver/cyw43_bus_pio_spi.c.obj
 .text.pio_get_dreq
                0x000000001000a4a4       0x4c CMakeFiles/MuKOB.dir/home/ed/code/pico/pico-sdk/src/rp2_common/cyw43_driver/cyw43_bus_pio_spi.c.obj
 .text.pio_sm_set_enabled
                0x000000001000a4f0       0x48 CMakeFiles/MuKOB.dir/home/ed/code/pico/pico-sdk/src/rp2_common/cyw43_driver/cyw43_bus_pio_spi.c.obj
 .text.pio_sm_restart
                0x000000001000a538       0x36 CMakeFiles/MuKOB.dir/home/ed/code/pico/pico-sdk/src/rp2_common/cyw43_driver/cyw43_bus_pio_spi.c.obj
 .text.pio_sm_clkdiv_restart
                0x000000001000a56e       0x36 CMakeFiles/MuKOB.dir/home/ed/code/pico/pico-sdk/src/rp2_common/cyw43_driver/cyw43_bus_pio_spi.c.obj
 .text.pio_sm_exec
                0x000000001000a5a4       0x3a CMakeFiles/MuKOB.dir/home/ed/code/pico/pico-sdk/src/rp2_common/cyw43_driver/cyw43_bus_pio_spi.c.obj
 *fill*         0x000000001000a5de        0x2 
 .text.pio_sm_set_wrap
                0x000000001000a5e0       0x64 CMakeFiles/MuKOB.dir/home/ed/code/pico/pico-sdk/src/rp2_common/cyw43_driver/cyw43_bus_pio_spi.c.obj
 .text.pio_sm_put
                0x000000001000a644       0x30 CMakeFiles/MuKOB.dir/home/ed/code/pico/pico-sdk/src/rp2_common/cyw43_driver/cyw43_bus_pio_spi.c.obj
 .text.pio_sm_clear_fifos
                0x000000001000a674       0x6e CMakeFiles/MuKOB.dir/home/ed/code/pico/pico-sdk/src/rp2_common/cyw43_driver/cyw43_bus_pio_spi.c.obj
 .text.check_dma_channel_param
                0x000000001000a6e2       0x10 CMakeFiles/MuKOB.dir/home/ed/code/pico/pico-sdk/src/rp2_common/cyw43_driver/cyw43_bus_pio_spi.c.obj
 .text.dma_channel_hw_addr
                0x000000001000a6f2       0x24 CMakeFiles/MuKOB.dir/home/ed/code/pico/pico-sdk/src/rp2_common/cyw43_driver/cyw43_bus_pio_spi.c.obj
 .text.channel_config_set_read_increment
                0x000000001000a716       0x36 CMakeFiles/MuKOB.dir/home/ed/code/pico/pico-sdk/src/rp2_common/cyw43_driver/cyw43_bus_pio_spi.c.obj
 .text.channel_config_set_write_increment
                0x000000001000a74c       0x36 CMakeFiles/MuKOB.dir/home/ed/code/pico/pico-sdk/src/rp2_common/cyw43_driver/cyw43_bus_pio_spi.c.obj
 *fill*         0x000000001000a782        0x2 
 .text.channel_config_set_dreq
                0x000000001000a784       0x48 CMakeFiles/MuKOB.dir/home/ed/code/pico/pico-sdk/src/rp2_common/cyw43_driver/cyw43_bus_pio_spi.c.obj
 .text.channel_config_set_chain_to
                0x000000001000a7cc       0x48 CMakeFiles/MuKOB.dir/home/ed/code/pico/pico-sdk/src/rp2_common/cyw43_driver/cyw43_bus_pio_spi.c.obj
 .text.channel_config_set_transfer_data_size
                0x000000001000a814       0x5c CMakeFiles/MuKOB.dir/home/ed/code/pico/pico-sdk/src/rp2_common/cyw43_driver/cyw43_bus_pio_spi.c.obj
 .text.channel_config_set_ring
                0x000000001000a870       0x64 CMakeFiles/MuKOB.dir/home/ed/code/pico/pico-sdk/src/rp2_common/cyw43_driver/cyw43_bus_pio_spi.c.obj
 .text.channel_config_set_bswap
                0x000000001000a8d4       0x3c CMakeFiles/MuKOB.dir/home/ed/code/pico/pico-sdk/src/rp2_common/cyw43_driver/cyw43_bus_pio_spi.c.obj
 .text.channel_config_set_irq_quiet
                0x000000001000a910       0x3c CMakeFiles/MuKOB.dir/home/ed/code/pico/pico-sdk/src/rp2_common/cyw43_driver/cyw43_bus_pio_spi.c.obj
 .text.channel_config_set_high_priority
                0x000000001000a94c       0x36 CMakeFiles/MuKOB.dir/home/ed/code/pico/pico-sdk/src/rp2_common/cyw43_driver/cyw43_bus_pio_spi.c.obj
 .text.channel_config_set_enable
                0x000000001000a982       0x36 CMakeFiles/MuKOB.dir/home/ed/code/pico/pico-sdk/src/rp2_common/cyw43_driver/cyw43_bus_pio_spi.c.obj
 .text.channel_config_set_sniff_enable
                0x000000001000a9b8       0x3c CMakeFiles/MuKOB.dir/home/ed/code/pico/pico-sdk/src/rp2_common/cyw43_driver/cyw43_bus_pio_spi.c.obj
 .text.dma_channel_get_default_config
                0x000000001000a9f4       0x8a CMakeFiles/MuKOB.dir/home/ed/code/pico/pico-sdk/src/rp2_common/cyw43_driver/cyw43_bus_pio_spi.c.obj
 .text.channel_config_get_ctrl_value
                0x000000001000aa7e       0x14 CMakeFiles/MuKOB.dir/home/ed/code/pico/pico-sdk/src/rp2_common/cyw43_driver/cyw43_bus_pio_spi.c.obj
 .text.dma_channel_set_config
                0x000000001000aa92       0x52 CMakeFiles/MuKOB.dir/home/ed/code/pico/pico-sdk/src/rp2_common/cyw43_driver/cyw43_bus_pio_spi.c.obj
 .text.dma_channel_set_read_addr
                0x000000001000aae4       0x42 CMakeFiles/MuKOB.dir/home/ed/code/pico/pico-sdk/src/rp2_common/cyw43_driver/cyw43_bus_pio_spi.c.obj
 .text.dma_channel_set_write_addr
                0x000000001000ab26       0x42 CMakeFiles/MuKOB.dir/home/ed/code/pico/pico-sdk/src/rp2_common/cyw43_driver/cyw43_bus_pio_spi.c.obj
 .text.dma_channel_set_trans_count
                0x000000001000ab68       0x42 CMakeFiles/MuKOB.dir/home/ed/code/pico/pico-sdk/src/rp2_common/cyw43_driver/cyw43_bus_pio_spi.c.obj
 .text.dma_channel_configure
                0x000000001000abaa       0x4a CMakeFiles/MuKOB.dir/home/ed/code/pico/pico-sdk/src/rp2_common/cyw43_driver/cyw43_bus_pio_spi.c.obj
 .text.dma_channel_abort
                0x000000001000abf4       0x48 CMakeFiles/MuKOB.dir/home/ed/code/pico/pico-sdk/src/rp2_common/cyw43_driver/cyw43_bus_pio_spi.c.obj
 .text.dma_channel_is_busy
                0x000000001000ac3c       0x32 CMakeFiles/MuKOB.dir/home/ed/code/pico/pico-sdk/src/rp2_common/cyw43_driver/cyw43_bus_pio_spi.c.obj
 .text.dma_channel_wait_for_finish_blocking
                0x000000001000ac6e       0x22 CMakeFiles/MuKOB.dir/home/ed/code/pico/pico-sdk/src/rp2_common/cyw43_driver/cyw43_bus_pio_spi.c.obj
 .text.spi_gap01_sample0_program_get_default_config
                0x000000001000ac90       0x42 CMakeFiles/MuKOB.dir/home/ed/code/pico/pico-sdk/src/rp2_common/cyw43_driver/cyw43_bus_pio_spi.c.obj
 .text.logic_debug_init
                0x000000001000acd2        0xa CMakeFiles/MuKOB.dir/home/ed/code/pico/pico-sdk/src/rp2_common/cyw43_driver/cyw43_bus_pio_spi.c.obj
 .text.logic_debug_set
                0x000000001000acdc       0x1a CMakeFiles/MuKOB.dir/home/ed/code/pico/pico-sdk/src/rp2_common/cyw43_driver/cyw43_bus_pio_spi.c.obj
 *fill*         0x000000001000acf6        0x2 
 .text.cyw43_spi_init
                0x000000001000acf8      0x2c0 CMakeFiles/MuKOB.dir/home/ed/code/pico/pico-sdk/src/rp2_common/cyw43_driver/cyw43_bus_pio_spi.c.obj
                0x000000001000acf8                cyw43_spi_init
 .text.cyw43_spi_deinit
                0x000000001000afb8       0xa8 CMakeFiles/MuKOB.dir/home/ed/code/pico/pico-sdk/src/rp2_common/cyw43_driver/cyw43_bus_pio_spi.c.obj
                0x000000001000afb8                cyw43_spi_deinit
 .text.cs_set   0x000000001000b060       0x20 CMakeFiles/MuKOB.dir/home/ed/code/pico/pico-sdk/src/rp2_common/cyw43_driver/cyw43_bus_pio_spi.c.obj
 .text.ns_delay
                0x000000001000b080       0x38 CMakeFiles/MuKOB.dir/home/ed/code/pico/pico-sdk/src/rp2_common/cyw43_driver/cyw43_bus_pio_spi.c.obj
 .text.start_spi_comms
                0x000000001000b0b8       0x2c CMakeFiles/MuKOB.dir/home/ed/code/pico/pico-sdk/src/rp2_common/cyw43_driver/cyw43_bus_pio_spi.c.obj
 .text.stop_spi_comms
                0x000000001000b0e4       0x16 CMakeFiles/MuKOB.dir/home/ed/code/pico/pico-sdk/src/rp2_common/cyw43_driver/cyw43_bus_pio_spi.c.obj
 *fill*         0x000000001000b0fa        0x2 
 .text.cyw43_spi_transfer
                0x000000001000b0fc      0x54c CMakeFiles/MuKOB.dir/home/ed/code/pico/pico-sdk/src/rp2_common/cyw43_driver/cyw43_bus_pio_spi.c.obj
                0x000000001000b0fc                cyw43_spi_transfer
 .text.cyw43_spi_gpio_setup
                0x000000001000b648       0x4a CMakeFiles/MuKOB.dir/home/ed/code/pico/pico-sdk/src/rp2_common/cyw43_driver/cyw43_bus_pio_spi.c.obj
                0x000000001000b648                cyw43_spi_gpio_setup
 .text.cyw43_spi_reset
                0x000000001000b692       0x34 CMakeFiles/MuKOB.dir/home/ed/code/pico/pico-sdk/src/rp2_common/cyw43_driver/cyw43_bus_pio_spi.c.obj
                0x000000001000b692                cyw43_spi_reset
 *fill*         0x000000001000b6c6        0x2 
 .text.make_cmd
                0x000000001000b6c8       0x4c CMakeFiles/MuKOB.dir/home/ed/code/pico/pico-sdk/src/rp2_common/cyw43_driver/cyw43_bus_pio_spi.c.obj
 .text.read_reg_u32_swap
                0x000000001000b714       0x98 CMakeFiles/MuKOB.dir/home/ed/code/pico/pico-sdk/src/rp2_common/cyw43_driver/cyw43_bus_pio_spi.c.obj
                0x000000001000b714                read_reg_u32_swap
 .text._cyw43_read_reg
                0x000000001000b7ac       0x9e CMakeFiles/MuKOB.dir/home/ed/code/pico/pico-sdk/src/rp2_common/cyw43_driver/cyw43_bus_pio_spi.c.obj
 .text.cyw43_read_reg_u32
                0x000000001000b84a       0x22 CMakeFiles/MuKOB.dir/home/ed/code/pico/pico-sdk/src/rp2_common/cyw43_driver/cyw43_bus_pio_spi.c.obj
                0x000000001000b84a                cyw43_read_reg_u32
 .text.cyw43_read_reg_u16
                0x000000001000b86c       0x22 CMakeFiles/MuKOB.dir/home/ed/code/pico/pico-sdk/src/rp2_common/cyw43_driver/cyw43_bus_pio_spi.c.obj
                0x000000001000b86c                cyw43_read_reg_u16
 .text.cyw43_read_reg_u8
                0x000000001000b88e       0x22 CMakeFiles/MuKOB.dir/home/ed/code/pico/pico-sdk/src/rp2_common/cyw43_driver/cyw43_bus_pio_spi.c.obj
                0x000000001000b88e                cyw43_read_reg_u8
 .text.write_reg_u32_swap
                0x000000001000b8b0       0x5e CMakeFiles/MuKOB.dir/home/ed/code/pico/pico-sdk/src/rp2_common/cyw43_driver/cyw43_bus_pio_spi.c.obj
                0x000000001000b8b0                write_reg_u32_swap
 *fill*         0x000000001000b90e        0x2 
 .text._cyw43_write_reg
                0x000000001000b910       0xa4 CMakeFiles/MuKOB.dir/home/ed/code/pico/pico-sdk/src/rp2_common/cyw43_driver/cyw43_bus_pio_spi.c.obj
 .text.cyw43_write_reg_u32
                0x000000001000b9b4       0x28 CMakeFiles/MuKOB.dir/home/ed/code/pico/pico-sdk/src/rp2_common/cyw43_driver/cyw43_bus_pio_spi.c.obj
                0x000000001000b9b4                cyw43_write_reg_u32
 .text.cyw43_write_reg_u16
                0x000000001000b9dc       0x2e CMakeFiles/MuKOB.dir/home/ed/code/pico/pico-sdk/src/rp2_common/cyw43_driver/cyw43_bus_pio_spi.c.obj
                0x000000001000b9dc                cyw43_write_reg_u16
 .text.cyw43_write_reg_u8
                0x000000001000ba0a       0x28 CMakeFiles/MuKOB.dir/home/ed/code/pico/pico-sdk/src/rp2_common/cyw43_driver/cyw43_bus_pio_spi.c.obj
                0x000000001000ba0a                cyw43_write_reg_u8
 *fill*         0x000000001000ba32        0x2 
 .text.cyw43_read_bytes
                0x000000001000ba34      0x130 CMakeFiles/MuKOB.dir/home/ed/code/pico/pico-sdk/src/rp2_common/cyw43_driver/cyw43_bus_pio_spi.c.obj
                0x000000001000ba34                cyw43_read_bytes
 .text.cyw43_write_bytes
                0x000000001000bb64      0x194 CMakeFiles/MuKOB.dir/home/ed/code/pico/pico-sdk/src/rp2_common/cyw43_driver/cyw43_bus_pio_spi.c.obj
                0x000000001000bb64                cyw43_write_bytes
 .text.to_us_since_boot
                0x000000001000bcf8       0x18 CMakeFiles/MuKOB.dir/home/ed/code/pico/pico-sdk/lib/cyw43-driver/src/cyw43_ll.c.obj
 .text.update_us_since_boot
                0x000000001000bd10       0x40 CMakeFiles/MuKOB.dir/home/ed/code/pico/pico-sdk/lib/cyw43-driver/src/cyw43_ll.c.obj
 .text.time_us_32
                0x000000001000bd50       0x14 CMakeFiles/MuKOB.dir/home/ed/code/pico/pico-sdk/lib/cyw43-driver/src/cyw43_ll.c.obj
 .text.get_absolute_time
                0x000000001000bd64       0x2c CMakeFiles/MuKOB.dir/home/ed/code/pico/pico-sdk/lib/cyw43-driver/src/cyw43_ll.c.obj
 .text.us_to_ms
                0x000000001000bd90       0x44 CMakeFiles/MuKOB.dir/home/ed/code/pico/pico-sdk/lib/cyw43-driver/src/cyw43_ll.c.obj
 .text.to_ms_since_boot
                0x000000001000bdd4       0x34 CMakeFiles/MuKOB.dir/home/ed/code/pico/pico-sdk/lib/cyw43-driver/src/cyw43_ll.c.obj
 .text.cyw43_hal_ticks_us
                0x000000001000be08       0x10 CMakeFiles/MuKOB.dir/home/ed/code/pico/pico-sdk/lib/cyw43-driver/src/cyw43_ll.c.obj
 .text.cyw43_hal_ticks_ms
                0x000000001000be18       0x24 CMakeFiles/MuKOB.dir/home/ed/code/pico/pico-sdk/lib/cyw43-driver/src/cyw43_ll.c.obj
 .text.cyw43_put_le32
                0x000000001000be3c       0x3e CMakeFiles/MuKOB.dir/home/ed/code/pico/pico-sdk/lib/cyw43-driver/src/cyw43_ll.c.obj
 .text.cyw43_ll_init
                0x000000001000be7a       0x50 CMakeFiles/MuKOB.dir/home/ed/code/pico/pico-sdk/lib/cyw43-driver/src/cyw43_ll.c.obj
                0x000000001000be7a                cyw43_ll_init
 *fill*         0x000000001000beca        0x2 
 .text.cyw43_read_reg
                0x000000001000becc       0x74 CMakeFiles/MuKOB.dir/home/ed/code/pico/pico-sdk/lib/cyw43-driver/src/cyw43_ll.c.obj
 .text.cyw43_write_reg
                0x000000001000bf40       0x74 CMakeFiles/MuKOB.dir/home/ed/code/pico/pico-sdk/lib/cyw43-driver/src/cyw43_ll.c.obj
 .text.cyw43_set_backplane_window
                0x000000001000bfb4       0x9c CMakeFiles/MuKOB.dir/home/ed/code/pico/pico-sdk/lib/cyw43-driver/src/cyw43_ll.c.obj
 .text.cyw43_read_backplane
                0x000000001000c050       0x58 CMakeFiles/MuKOB.dir/home/ed/code/pico/pico-sdk/lib/cyw43-driver/src/cyw43_ll.c.obj
 .text.cyw43_write_backplane
                0x000000001000c0a8       0x5a CMakeFiles/MuKOB.dir/home/ed/code/pico/pico-sdk/lib/cyw43-driver/src/cyw43_ll.c.obj
 *fill*         0x000000001000c102        0x2 
 .text.cyw43_download_resource
                0x000000001000c104      0x1f8 CMakeFiles/MuKOB.dir/home/ed/code/pico/pico-sdk/lib/cyw43-driver/src/cyw43_ll.c.obj
 .text.cyw43_be32toh
                0x000000001000c2fc       0x32 CMakeFiles/MuKOB.dir/home/ed/code/pico/pico-sdk/lib/cyw43-driver/src/cyw43_ll.c.obj
 .text.cyw43_be16toh
                0x000000001000c32e       0x2c CMakeFiles/MuKOB.dir/home/ed/code/pico/pico-sdk/lib/cyw43-driver/src/cyw43_ll.c.obj
 *fill*         0x000000001000c35a        0x2 
 .text.cyw43_ll_wifi_parse_scan_result
                0x000000001000c35c      0x11c CMakeFiles/MuKOB.dir/home/ed/code/pico/pico-sdk/lib/cyw43-driver/src/cyw43_ll.c.obj
 .text.cyw43_ll_parse_async_event
                0x000000001000c478       0xb6 CMakeFiles/MuKOB.dir/home/ed/code/pico/pico-sdk/lib/cyw43-driver/src/cyw43_ll.c.obj
 *fill*         0x000000001000c52e        0x2 
 .text.cyw43_sdpcm_send_common
                0x000000001000c530      0x1c8 CMakeFiles/MuKOB.dir/home/ed/code/pico/pico-sdk/lib/cyw43-driver/src/cyw43_ll.c.obj
 .text.cyw43_send_ioctl
                0x000000001000c6f8       0x8e CMakeFiles/MuKOB.dir/home/ed/code/pico/pico-sdk/lib/cyw43-driver/src/cyw43_ll.c.obj
 *fill*         0x000000001000c786        0x2 
 .text.sdpcm_process_rx_packet
                0x000000001000c788      0x280 CMakeFiles/MuKOB.dir/home/ed/code/pico/pico-sdk/lib/cyw43-driver/src/cyw43_ll.c.obj
 .text.cyw43_ll_sdpcm_poll_device
                0x000000001000ca08      0x20c CMakeFiles/MuKOB.dir/home/ed/code/pico/pico-sdk/lib/cyw43-driver/src/cyw43_ll.c.obj
 .text.cyw43_ll_process_packets
                0x000000001000cc14       0x84 CMakeFiles/MuKOB.dir/home/ed/code/pico/pico-sdk/lib/cyw43-driver/src/cyw43_ll.c.obj
                0x000000001000cc14                cyw43_ll_process_packets
 .text.cyw43_do_ioctl
                0x000000001000cc98       0xf0 CMakeFiles/MuKOB.dir/home/ed/code/pico/pico-sdk/lib/cyw43-driver/src/cyw43_ll.c.obj
 .text.cyw43_ll_ioctl